../HAL/GLCD_ST7920/GLCD_ST7920_Program.c:27:6:init_pins	8	static
../HAL/GLCD_ST7920/GLCD_ST7920_Program.c:45:6:GLCD_SPI_SendData	16	static
../HAL/GLCD_ST7920/GLCD_ST7920_Program.c:64:6:GLCD_ST7920_SendCommand	8	static
../HAL/GLCD_ST7920/GLCD_ST7920_Program.c:78:6:GLCD_ST7920_SendData	8	static
../HAL/GLCD_ST7920/GLCD_ST7920_Program.c:90:6:GLCD_ST7920_init	8	static
../HAL/GLCD_ST7920/GLCD_ST7920_Program.c:124:6:GLCD_ST7920_ClearArea	16	static
../HAL/GLCD_ST7920/GLCD_ST7920_Program.c:152:6:GLCD_ST7920_Clear	16	static
../HAL/GLCD_ST7920/GLCD_ST7920_Program.c:184:6:GLCD_ST7920_WriteChar	8	static
../HAL/GLCD_ST7920/GLCD_ST7920_Program.c:235:6:GLCD_ST7920_SendString	8	static
../HAL/GLCD_ST7920/GLCD_ST7920_Program.c:216:6:GLCD_ST7920_WriteNumber	24	static
../HAL/GLCD_ST7920/GLCD_ST7920_Program.c:227:6:GLCD_ST7920_WriteFloatNumber	24	static
../HAL/GLCD_ST7920/GLCD_ST7920_Program.c:264:6:GLCD_ST7920_DisplayPage1	8	static
../HAL/GLCD_ST7920/GLCD_ST7920_Program.c:271:6:GLCD_ST7920_DisplayPage2	8	static
../HAL/GLCD_ST7920/GLCD_ST7920_Program.c:278:6:GLCD_ST7920_DisplayPage3	8	static
../HAL/GLCD_ST7920/GLCD_ST7920_Program.c:285:6:GLCD_ST7920_DisplayCurrentPage	0	static
../HAL/GLCD_ST7920/GLCD_ST7920_Program.c:356:6:GLCD_ST7920_GraphicMode	8	static
../HAL/GLCD_ST7920/GLCD_ST7920_Program.c:377:6:GLCD_ST7920_DrawBitMap	24	static
../HAL/GLCD_ST7920/GLCD_ST7920_Program.c:407:6:ST7920_Update	0	static
../HAL/GLCD_ST7920/GLCD_ST7920_Program.c:412:6:updateScreen	24	static
../HAL/GLCD_ST7920/GLCD_ST7920_Program.c:426:6:SetPixel	12	static
../HAL/GLCD_ST7920/GLCD_ST7920_Program.c:461:6:DrawLine	48	static
../HAL/GLCD_ST7920/GLCD_ST7920_Program.c:493:6:DrawRectangle	24	static
../HAL/GLCD_ST7920/GLCD_ST7920_Program.c:524:6:DrawFilledRectangle	24	static
../HAL/GLCD_ST7920/GLCD_ST7920_Program.c:557:6:DrawCircle	56	static
../HAL/GLCD_ST7920/GLCD_ST7920_Program.c:595:6:DrawFilledCircle	48	static
../HAL/GLCD_ST7920/GLCD_ST7920_Program.c:630:6:DrawTriangle	32	static
../HAL/GLCD_ST7920/GLCD_ST7920_Program.c:639:6:DrawFilledTriangle	56	static
