../HAL/Liquid Crystal Display/LCD_Program.c:23:6:delay	0	static
../HAL/Liquid Crystal Display/LCD_Program.c:42:6:write_instruction	8	static
../HAL/Liquid Crystal Display/LCD_Program.c:67:6:write_Data	8	static
../HAL/Liquid Crystal Display/LCD_Program.c:91:6:LCD_Init	8	static
../HAL/Liquid Crystal Display/LCD_Program.c:201:6:LCD_WriteChar	0	static
../HAL/Liquid Crystal Display/LCD_Program.c:205:6:LCD_WriteString	16	static
../HAL/Liquid Crystal Display/LCD_Program.c:216:6:LCD_WriteNumber	24	static
../HAL/Liquid Crystal Display/LCD_Program.c:225:6:LCD_Clear	8	static
../HAL/Liquid Crystal Display/LCD_Program.c:232:6:LCD_SetCursor	8	static
../HAL/Liquid Crystal Display/LCD_Program.c:292:6:LCD_Binary_Number_Display	16	static
../HAL/Liquid Crystal Display/LCD_Program.c:311:6:LCD_Hex_Number_Display	8	static
../HAL/Liquid Crystal Display/LCD_Program.c:335:6:LCD_ASCII_Number_Display	0	static
../HAL/Liquid Crystal Display/LCD_Program.c:340:6:LCD_Goto_WriteNumber	8	static
../HAL/Liquid Crystal Display/LCD_Program.c:345:6:LCD_Goto_WriteCharacter	8	static
../HAL/Liquid Crystal Display/LCD_Program.c:350:6:LCD_Goto_WriteString	8	static
../HAL/Liquid Crystal Display/LCD_Program.c:356:6:LCD_GoTo_WriteFloatNumber	40	static
../HAL/Liquid Crystal Display/LCD_Program.c:363:6:SnakeWord	16	static
../HAL/Liquid Crystal Display/LCD_Program.c:405:6:customChar	16	static
