../Application Layer/Al-Ahram/Al-Ahram.c:106:6:Al_Ahram_Runnable	24	static
../Application Layer/Al-Ahram/Al-Ahram.c:152:5:getStableWeight	48	static
../Application Layer/Al-Ahram/Al-Ahram.c:219:5:detectSpecies	48	static
../Application Layer/Al-Ahram/Al-Ahram.c:250:6:sendDataToESP32	8	static
../Application Layer/Al-Ahram/Al-Ahram.c:267:6:GLCD_Display_Result	40	static
../Application Layer/Al-Ahram/Al-Ahram.c:290:6:DisplayPage1	16	static
../Application Layer/Al-Ahram/Al-Ahram.c:302:6:DisplayPage2	8	static
../Application Layer/Al-Ahram/Al-Ahram.c:317:6:DisplayPage3	8	static
../Application Layer/Al-Ahram/Al-Ahram.c:325:6:Al_Ahram_SystemClock_Config	72	static,ignoring_inline_asm
../Application Layer/Al-Ahram/Al-Ahram.c:70:6:Al_Ahram_setup	40	static,ignoring_inline_asm
../Application Layer/Al-Ahram/Al-Ahram.c:401:6:Al_Ahram_Error_Handler	0	static,ignoring_inline_asm
