../Application Layer/Al-Ahram/Al-Ahram_V1_2.c:127:6:GLCD_printApp	24	static
../Application Layer/Al-Ahram/Al-Ahram_V1_2.c:153:5:getStableWeight	48	static
../Application Layer/Al-Ahram/Al-Ahram_V1_2.c:220:5:detectSpecies	56	static
../Application Layer/Al-Ahram/Al-Ahram_V1_2.c:85:6:Al_Ahram_Runnable	24	static
../Application Layer/Al-Ahram/Al-Ahram_V1_2.c:248:6:sendDataToESP32	8	static
../Application Layer/Al-Ahram/Al-Ahram_V1_2.c:265:6:DisplayPage1	8	static
../Application Layer/Al-Ahram/Al-Ahram_V1_2.c:287:6:DisplayPage2	16	static
../Application Layer/Al-Ahram/Al-Ahram_V1_2.c:299:6:DisplayPage3	8	static
../Application Layer/Al-Ahram/Al-Ahram_V1_2.c:307:6:Al_Ahram_SystemClock_Config	72	static,ignoring_inline_asm
../Application Layer/Al-Ahram/Al-Ahram_V1_2.c:61:6:Al_Ahram_setup	40	static,ignoring_inline_asm
../Application Layer/Al-Ahram/Al-Ahram_V1_2.c:377:6:Al_Ahram_Error_Handler	0	static,ignoring_inline_asm
