Archive member included to satisfy reference by file (symbol)

c:/program files (x86)/atmel/studio/7.0/toolchain/avr8/avr8-gnu-toolchain/bin/../lib/gcc/avr/5.4.0/../../../../avr/lib/avr51\libm.a(addsf3.o)
                              App/Application File.o (__subsf3)
c:/program files (x86)/atmel/studio/7.0/toolchain/avr8/avr8-gnu-toolchain/bin/../lib/gcc/avr/5.4.0/../../../../avr/lib/avr51\libm.a(addsf3x.o)
                              c:/program files (x86)/atmel/studio/7.0/toolchain/avr8/avr8-gnu-toolchain/bin/../lib/gcc/avr/5.4.0/../../../../avr/lib/avr51\libm.a(addsf3.o) (__addsf3x)
c:/program files (x86)/atmel/studio/7.0/toolchain/avr8/avr8-gnu-toolchain/bin/../lib/gcc/avr/5.4.0/../../../../avr/lib/avr51\libm.a(cmpsf2.o)
                              App/Application File.o (__ltsf2)
c:/program files (x86)/atmel/studio/7.0/toolchain/avr8/avr8-gnu-toolchain/bin/../lib/gcc/avr/5.4.0/../../../../avr/lib/avr51\libm.a(divsf3.o)
                              App/Application File.o (__divsf3)
c:/program files (x86)/atmel/studio/7.0/toolchain/avr8/avr8-gnu-toolchain/bin/../lib/gcc/avr/5.4.0/../../../../avr/lib/avr51\libm.a(divsf3x.o)
                              c:/program files (x86)/atmel/studio/7.0/toolchain/avr8/avr8-gnu-toolchain/bin/../lib/gcc/avr/5.4.0/../../../../avr/lib/avr51\libm.a(divsf3.o) (__divsf3x)
c:/program files (x86)/atmel/studio/7.0/toolchain/avr8/avr8-gnu-toolchain/bin/../lib/gcc/avr/5.4.0/../../../../avr/lib/avr51\libm.a(fixsfsi.o)
                              App/Application File.o (__fixsfsi)
c:/program files (x86)/atmel/studio/7.0/toolchain/avr8/avr8-gnu-toolchain/bin/../lib/gcc/avr/5.4.0/../../../../avr/lib/avr51\libm.a(fixunssfsi.o)
                              App/Application File.o (__fixunssfsi)
c:/program files (x86)/atmel/studio/7.0/toolchain/avr8/avr8-gnu-toolchain/bin/../lib/gcc/avr/5.4.0/../../../../avr/lib/avr51\libm.a(floatsisf.o)
                              HAL/HX711_interface.o (__floatunsisf)
c:/program files (x86)/atmel/studio/7.0/toolchain/avr8/avr8-gnu-toolchain/bin/../lib/gcc/avr/5.4.0/../../../../avr/lib/avr51\libm.a(fp_cmp.o)
                              c:/program files (x86)/atmel/studio/7.0/toolchain/avr8/avr8-gnu-toolchain/bin/../lib/gcc/avr/5.4.0/../../../../avr/lib/avr51\libm.a(cmpsf2.o) (__fp_cmp)
c:/program files (x86)/atmel/studio/7.0/toolchain/avr8/avr8-gnu-toolchain/bin/../lib/gcc/avr/5.4.0/../../../../avr/lib/avr51\libm.a(fp_inf.o)
                              c:/program files (x86)/atmel/studio/7.0/toolchain/avr8/avr8-gnu-toolchain/bin/../lib/gcc/avr/5.4.0/../../../../avr/lib/avr51\libm.a(addsf3x.o) (__fp_inf)
c:/program files (x86)/atmel/studio/7.0/toolchain/avr8/avr8-gnu-toolchain/bin/../lib/gcc/avr/5.4.0/../../../../avr/lib/avr51\libm.a(fp_nan.o)
                              c:/program files (x86)/atmel/studio/7.0/toolchain/avr8/avr8-gnu-toolchain/bin/../lib/gcc/avr/5.4.0/../../../../avr/lib/avr51\libm.a(addsf3x.o) (__fp_nan)
c:/program files (x86)/atmel/studio/7.0/toolchain/avr8/avr8-gnu-toolchain/bin/../lib/gcc/avr/5.4.0/../../../../avr/lib/avr51\libm.a(fp_pscA.o)
                              c:/program files (x86)/atmel/studio/7.0/toolchain/avr8/avr8-gnu-toolchain/bin/../lib/gcc/avr/5.4.0/../../../../avr/lib/avr51\libm.a(addsf3x.o) (__fp_pscA)
c:/program files (x86)/atmel/studio/7.0/toolchain/avr8/avr8-gnu-toolchain/bin/../lib/gcc/avr/5.4.0/../../../../avr/lib/avr51\libm.a(fp_pscB.o)
                              c:/program files (x86)/atmel/studio/7.0/toolchain/avr8/avr8-gnu-toolchain/bin/../lib/gcc/avr/5.4.0/../../../../avr/lib/avr51\libm.a(addsf3x.o) (__fp_pscB)
c:/program files (x86)/atmel/studio/7.0/toolchain/avr8/avr8-gnu-toolchain/bin/../lib/gcc/avr/5.4.0/../../../../avr/lib/avr51\libm.a(fp_round.o)
                              c:/program files (x86)/atmel/studio/7.0/toolchain/avr8/avr8-gnu-toolchain/bin/../lib/gcc/avr/5.4.0/../../../../avr/lib/avr51\libm.a(addsf3.o) (__fp_round)
c:/program files (x86)/atmel/studio/7.0/toolchain/avr8/avr8-gnu-toolchain/bin/../lib/gcc/avr/5.4.0/../../../../avr/lib/avr51\libm.a(fp_split3.o)
                              c:/program files (x86)/atmel/studio/7.0/toolchain/avr8/avr8-gnu-toolchain/bin/../lib/gcc/avr/5.4.0/../../../../avr/lib/avr51\libm.a(addsf3x.o) (__fp_split3)
c:/program files (x86)/atmel/studio/7.0/toolchain/avr8/avr8-gnu-toolchain/bin/../lib/gcc/avr/5.4.0/../../../../avr/lib/avr51\libm.a(fp_zero.o)
                              c:/program files (x86)/atmel/studio/7.0/toolchain/avr8/avr8-gnu-toolchain/bin/../lib/gcc/avr/5.4.0/../../../../avr/lib/avr51\libm.a(addsf3x.o) (__fp_zero)
c:/program files (x86)/atmel/studio/7.0/toolchain/avr8/avr8-gnu-toolchain/bin/../lib/gcc/avr/5.4.0/../../../../avr/lib/avr51\libm.a(gesf2.o)
                              App/Application File.o (__gesf2)
c:/program files (x86)/atmel/studio/7.0/toolchain/avr8/avr8-gnu-toolchain/bin/../lib/gcc/avr/5.4.0/../../../../avr/lib/avr51\libm.a(mulsf3.o)
                              HAL/LCD_Private.o (__mulsf3)
c:/program files (x86)/atmel/studio/7.0/toolchain/avr8/avr8-gnu-toolchain/bin/../lib/gcc/avr/5.4.0/../../../../avr/lib/avr51\libm.a(mulsf3x.o)
                              c:/program files (x86)/atmel/studio/7.0/toolchain/avr8/avr8-gnu-toolchain/bin/../lib/gcc/avr/5.4.0/../../../../avr/lib/avr51\libm.a(mulsf3.o) (__mulsf3x)
c:/program files (x86)/atmel/studio/7.0/toolchain/avr8/avr8-gnu-toolchain/bin/../lib/gcc/avr/5.4.0/avr51\libgcc.a(_udivmodqi4.o)
                              HAL/SegmentDispaly.o (__udivmodqi4)
c:/program files (x86)/atmel/studio/7.0/toolchain/avr8/avr8-gnu-toolchain/bin/../lib/gcc/avr/5.4.0/avr51\libgcc.a(_udivmodhi4.o)
                              HAL/SegmentDispaly.o (__udivmodhi4)
c:/program files (x86)/atmel/studio/7.0/toolchain/avr8/avr8-gnu-toolchain/bin/../lib/gcc/avr/5.4.0/avr51\libgcc.a(_divmodhi4.o)
                              HAL/GLCD_ST7920/GLCD_ST7920.o (__divmodhi4)
c:/program files (x86)/atmel/studio/7.0/toolchain/avr8/avr8-gnu-toolchain/bin/../lib/gcc/avr/5.4.0/avr51\libgcc.a(_udivmodsi4.o)
                              HAL/HX711_interface.o (__udivmodsi4)
c:/program files (x86)/atmel/studio/7.0/toolchain/avr8/avr8-gnu-toolchain/bin/../lib/gcc/avr/5.4.0/avr51\libgcc.a(_divmodsi4.o)
                              HAL/LCD_int.o (__divmodsi4)
c:/program files (x86)/atmel/studio/7.0/toolchain/avr8/avr8-gnu-toolchain/bin/../lib/gcc/avr/5.4.0/avr51\libgcc.a(_negsi2.o)
                              c:/program files (x86)/atmel/studio/7.0/toolchain/avr8/avr8-gnu-toolchain/bin/../lib/gcc/avr/5.4.0/avr51\libgcc.a(_divmodsi4.o) (__negsi2)
c:/program files (x86)/atmel/studio/7.0/toolchain/avr8/avr8-gnu-toolchain/bin/../lib/gcc/avr/5.4.0/avr51\libgcc.a(_exit.o)
                              C:/Program Files (x86)/Atmel/Studio/7.0/Packs/atmel/ATmega_DFP/1.7.374/gcc/dev/atmega128/avr51/crtatmega128.o (exit)
c:/program files (x86)/atmel/studio/7.0/toolchain/avr8/avr8-gnu-toolchain/bin/../lib/gcc/avr/5.4.0/avr51\libgcc.a(_tablejump2.o)
                              MCAL/DIO.o (__tablejump2__)
c:/program files (x86)/atmel/studio/7.0/toolchain/avr8/avr8-gnu-toolchain/bin/../lib/gcc/avr/5.4.0/avr51\libgcc.a(_copy_data.o)
                              App/Application File.o (__do_copy_data)
c:/program files (x86)/atmel/studio/7.0/toolchain/avr8/avr8-gnu-toolchain/bin/../lib/gcc/avr/5.4.0/avr51\libgcc.a(_clear_bss.o)
                              App/Application File.o (__do_clear_bss)
c:/program files (x86)/atmel/studio/7.0/toolchain/avr8/avr8-gnu-toolchain/bin/../lib/gcc/avr/5.4.0/avr51\libgcc.a(_bswapsi2.o)
                              MCAL/UART_Services.o (__bswapsi2)
c:/program files (x86)/atmel/studio/7.0/toolchain/avr8/avr8-gnu-toolchain/bin/../lib/gcc/avr/5.4.0/avr51\libgcc.a(_umulhisi3.o)
                              HAL/Sensors_int.o (__umulhisi3)
c:/program files (x86)/atmel/studio/7.0/toolchain/avr8/avr8-gnu-toolchain/bin/../lib/gcc/avr/5.4.0/avr51\libgcc.a(_muluhisi3.o)
                              MCAL/Timers.o (__muluhisi3)

Allocating common symbols
Common symbol       size              file

BusyFlag            0x1               MCAL/ADC_int.o
OFFSET              0x4               HAL/HX711_interface.o
GAIN                0x1               HAL/HX711_interface.o
RGB_LEDs            0x3               HAL/RGB.o
buffer              0x10              App/Application File.o
graphicsBuffer      0x400             App/Application File.o
SCALE               0x4               HAL/HX711_interface.o
weight              0x4               App/Application File.o

Discarded input sections

 .data          0x00000000        0x0 C:/Program Files (x86)/Atmel/Studio/7.0/Packs/atmel/ATmega_DFP/1.7.374/gcc/dev/atmega128/avr51/crtatmega128.o
 .bss           0x00000000        0x0 C:/Program Files (x86)/Atmel/Studio/7.0/Packs/atmel/ATmega_DFP/1.7.374/gcc/dev/atmega128/avr51/crtatmega128.o
 .text          0x00000000        0x0 App/Application File.o
 .data          0x00000000        0x0 App/Application File.o
 .bss           0x00000000        0x0 App/Application File.o
 .bss.i         0x00000000        0x1 App/Application File.o
 .bss.normalFlag
                0x00000000        0x1 App/Application File.o
 .bss.Strange_Spec_Weight
                0x00000000        0x4 App/Application File.o
 .bss.previousWeight
                0x00000000        0x4 App/Application File.o
 .bss.currentWeight
                0x00000000        0x4 App/Application File.o
 .text          0x00000000        0x0 Config/DIO_Config.o
 .data          0x00000000        0x0 Config/DIO_Config.o
 .bss           0x00000000        0x0 Config/DIO_Config.o
 .text          0x00000000        0x0 Config/EXI_Config.o
 .data          0x00000000        0x0 Config/EXI_Config.o
 .bss           0x00000000        0x0 Config/EXI_Config.o
 .text.EXI0_Func
                0x00000000        0x2 Config/EXI_Config.o
 .comment       0x00000000       0x31 Config/EXI_Config.o
 .text          0x00000000        0x0 Config/KEYPAD_Config.o
 .data          0x00000000        0x0 Config/KEYPAD_Config.o
 .bss           0x00000000        0x0 Config/KEYPAD_Config.o
 .comment       0x00000000       0x31 Config/KEYPAD_Config.o
 .text          0x00000000        0x0 Config/UART_Config.o
 .data          0x00000000        0x0 Config/UART_Config.o
 .bss           0x00000000        0x0 Config/UART_Config.o
 .text.configureUART
                0x00000000       0x18 Config/UART_Config.o
 .comment       0x00000000       0x31 Config/UART_Config.o
 .text          0x00000000        0x0 HAL/GLCD_ST7920/GLCD_ST7920.o
 .data          0x00000000        0x0 HAL/GLCD_ST7920/GLCD_ST7920.o
 .bss           0x00000000        0x0 HAL/GLCD_ST7920/GLCD_ST7920.o
 .text.GLCD_ST7920_WriteChar
                0x00000000       0x34 HAL/GLCD_ST7920/GLCD_ST7920.o
 .text.GLCD_ST7920_LoadCustomChar
                0x00000000       0x34 HAL/GLCD_ST7920/GLCD_ST7920.o
 .text.GLCD_ST7920_DisplayCustomChar
                0x00000000       0x30 HAL/GLCD_ST7920/GLCD_ST7920.o
 .text.GLCD_ST7920_GraphicMode
                0x00000000       0x60 HAL/GLCD_ST7920/GLCD_ST7920.o
 .text.GLCD_ST7920_DrawBitMap
                0x00000000       0x98 HAL/GLCD_ST7920/GLCD_ST7920.o
 .rodata.str1.1
                0x00000000       0x43 HAL/GLCD_ST7920/GLCD_ST7920.o
 .text.GLCD_ST7920_DisplayPage1
                0x00000000       0x1c HAL/GLCD_ST7920/GLCD_ST7920.o
 .text.GLCD_ST7920_DisplayPage2
                0x00000000       0x1c HAL/GLCD_ST7920/GLCD_ST7920.o
 .text.GLCD_ST7920_DisplayPage3
                0x00000000       0x1c HAL/GLCD_ST7920/GLCD_ST7920.o
 .text.GLCD_ST7920_DisplayCurrentPage
                0x00000000       0x1e HAL/GLCD_ST7920/GLCD_ST7920.o
 .text.GLCD_ST7920_NextPage
                0x00000000       0x18 HAL/GLCD_ST7920/GLCD_ST7920.o
 .text.GLCD_ST7920_PreviousPage
                0x00000000       0x16 HAL/GLCD_ST7920/GLCD_ST7920.o
 .text.setPixel
                0x00000000       0x50 HAL/GLCD_ST7920/GLCD_ST7920.o
 .text.updateScreen
                0x00000000       0x56 HAL/GLCD_ST7920/GLCD_ST7920.o
 .text.drawSquare
                0x00000000       0x6c HAL/GLCD_ST7920/GLCD_ST7920.o
 .bss.currentPage
                0x00000000        0x1 HAL/GLCD_ST7920/GLCD_ST7920.o
 .text          0x00000000        0x0 HAL/HX711_interface.o
 .data          0x00000000        0x0 HAL/HX711_interface.o
 .bss           0x00000000        0x0 HAL/HX711_interface.o
 .text.HX711_is_ready
                0x00000000       0x10 HAL/HX711_interface.o
 .text.HX711_set_gain
                0x00000000       0x38 HAL/HX711_interface.o
 .text.HX711_init
                0x00000000       0x1c HAL/HX711_interface.o
 .text.HX711_read
                0x00000000       0xc8 HAL/HX711_interface.o
 .text.HX711_read_average
                0x00000000       0x4c HAL/HX711_interface.o
 .text.HX711_get_value
                0x00000000       0x20 HAL/HX711_interface.o
 .text.HX711_get_mean_value
                0x00000000       0x1e HAL/HX711_interface.o
 .text.HX711_get_units
                0x00000000       0x1a HAL/HX711_interface.o
 .text.HX711_get_mean_units
                0x00000000       0x1a HAL/HX711_interface.o
 .text.HX711_set_scale
                0x00000000       0x12 HAL/HX711_interface.o
 .text.HX711_get_scale
                0x00000000       0x12 HAL/HX711_interface.o
 .text.HX711_tare
                0x00000000       0x1a HAL/HX711_interface.o
 .text.HX711_set_offset
                0x00000000       0x12 HAL/HX711_interface.o
 .text.HX711_get_offset
                0x00000000       0x12 HAL/HX711_interface.o
 .comment       0x00000000       0x31 HAL/HX711_interface.o
 COMMON         0x00000000        0x9 HAL/HX711_interface.o
 .text          0x00000000        0x0 HAL/HX711_LoadCell/HX711_Load_Cell.o
 .data          0x00000000        0x0 HAL/HX711_LoadCell/HX711_Load_Cell.o
 .bss           0x00000000        0x0 HAL/HX711_LoadCell/HX711_Load_Cell.o
 .text          0x00000000        0x0 HAL/KEYPAD_int.o
 .data          0x00000000        0x0 HAL/KEYPAD_int.o
 .bss           0x00000000        0x0 HAL/KEYPAD_int.o
 .text.KEYPAD_init
                0x00000000       0x24 HAL/KEYPAD_int.o
 .text.KEYPAD_GetKey
                0x00000000       0x90 HAL/KEYPAD_int.o
 .data.KeysArray
                0x00000000       0x10 HAL/KEYPAD_int.o
 .comment       0x00000000       0x31 HAL/KEYPAD_int.o
 .text          0x00000000        0x0 HAL/LCD_int.o
 .data          0x00000000        0x0 HAL/LCD_int.o
 .bss           0x00000000        0x0 HAL/LCD_int.o
 .text.write_Data
                0x00000000       0xc0 HAL/LCD_int.o
 .text.LCD_WriteChar
                0x00000000        0x4 HAL/LCD_int.o
 .text.LCD_WriteStr
                0x00000000       0x28 HAL/LCD_int.o
 .text.LCD_WriteNumber
                0x00000000       0x38 HAL/LCD_int.o
 .text.LCD_Clear
                0x00000000       0x14 HAL/LCD_int.o
 .text.LCD_SetCursor
                0x00000000       0x30 HAL/LCD_int.o
 .text.LCD_Binary_Number_Display
                0x00000000        0x4 HAL/LCD_int.o
 .text.LCD_Hex_Number_Display
                0x00000000       0x38 HAL/LCD_int.o
 .text.LCD_ASCII_Number_Display
                0x00000000        0xc HAL/LCD_int.o
 .text.LCD_Goto_WriteNumber
                0x00000000       0x20 HAL/LCD_int.o
 .text.LCD_Goto_WriteCharacter
                0x00000000       0x10 HAL/LCD_int.o
 .text.LCD_Goto_WriteString
                0x00000000       0x14 HAL/LCD_int.o
 .text.LCD_GoTo_WriteFloatNumber
                0x00000000       0x56 HAL/LCD_int.o
 .text          0x00000000        0x0 HAL/LCD_Private.o
 .data          0x00000000        0x0 HAL/LCD_Private.o
 .bss           0x00000000        0x0 HAL/LCD_Private.o
 .text.Dec_Bin  0x00000000       0x66 HAL/LCD_Private.o
 .text.SnakeWord
                0x00000000       0xc6 HAL/LCD_Private.o
 .text.customChar
                0x00000000       0x38 HAL/LCD_Private.o
 .data.man      0x00000000        0x8 HAL/LCD_Private.o
 .text          0x00000000        0x0 HAL/MOTOR_Interface.o
 .data          0x00000000        0x0 HAL/MOTOR_Interface.o
 .bss           0x00000000        0x0 HAL/MOTOR_Interface.o
 .text.Motor_CW
                0x00000000       0x2e HAL/MOTOR_Interface.o
 .text.Motor_CCW
                0x00000000       0x2e HAL/MOTOR_Interface.o
 .text.Motor_STOP
                0x00000000       0x2e HAL/MOTOR_Interface.o
 .comment       0x00000000       0x31 HAL/MOTOR_Interface.o
 .text          0x00000000        0x0 HAL/RGB.o
 .data          0x00000000        0x0 HAL/RGB.o
 .bss           0x00000000        0x0 HAL/RGB.o
 .text.RGB      0x00000000       0x4a HAL/RGB.o
 .text.Set_PWM  0x00000000       0x2c HAL/RGB.o
 .data.Color_List
                0x00000000       0x1b HAL/RGB.o
 .comment       0x00000000       0x31 HAL/RGB.o
 COMMON         0x00000000        0x3 HAL/RGB.o
 .text          0x00000000        0x0 HAL/SegmentDispaly.o
 .data          0x00000000        0x0 HAL/SegmentDispaly.o
 .bss           0x00000000        0x0 HAL/SegmentDispaly.o
 .text.segment_Display
                0x00000000       0x20 HAL/SegmentDispaly.o
 .text.segment_Display_BCD
                0x00000000       0x16 HAL/SegmentDispaly.o
 .text.displayHexDigit
                0x00000000        0xe HAL/SegmentDispaly.o
 .text.displayHexDigit_BCD
                0x00000000        0x4 HAL/SegmentDispaly.o
 .text.segment_Display_MLX
                0x00000000       0x40 HAL/SegmentDispaly.o
 .text.displayHexDigit_MLX
                0x00000000       0x40 HAL/SegmentDispaly.o
 .text.segment_Display_MLX_MultiDigits
                0x00000000       0x7e HAL/SegmentDispaly.o
 .text.init     0x00000000        0xc HAL/SegmentDispaly.o
 .text.displayHexDigit_kit
                0x00000000       0x44 HAL/SegmentDispaly.o
 .text.segment_Display_MLX_kit
                0x00000000       0x44 HAL/SegmentDispaly.o
 .rodata.hexPatterns
                0x00000000       0x11 HAL/SegmentDispaly.o
 .rodata.segmentPatterns
                0x00000000        0xb HAL/SegmentDispaly.o
 .comment       0x00000000       0x31 HAL/SegmentDispaly.o
 .text          0x00000000        0x0 HAL/Sensors_int.o
 .data          0x00000000        0x0 HAL/Sensors_int.o
 .bss           0x00000000        0x0 HAL/Sensors_int.o
 .text.SENSORS_LM35_ReadTemp
                0x00000000        0x6 HAL/Sensors_int.o
 .text.LM35_Get_Temp
                0x00000000       0x12 HAL/Sensors_int.o
 .text.SENSORS_MPX4115_ReadPressure
                0x00000000       0x28 HAL/Sensors_int.o
 .comment       0x00000000       0x31 HAL/Sensors_int.o
 .text          0x00000000        0x0 HAL/SERVO_int.o
 .data          0x00000000        0x0 HAL/SERVO_int.o
 .bss           0x00000000        0x0 HAL/SERVO_int.o
 .text.SERVO_WriteAngle
                0x00000000       0x22 HAL/SERVO_int.o
 .comment       0x00000000       0x31 HAL/SERVO_int.o
 .text          0x00000000        0x0 HAL/Ultrasoinc.o
 .data          0x00000000        0x0 HAL/Ultrasoinc.o
 .bss           0x00000000        0x0 HAL/Ultrasoinc.o
 .text.InputCaptureFunction
                0x00000000       0x42 HAL/Ultrasoinc.o
 .text.Ultrasonic_init
                0x00000000       0x14 HAL/Ultrasoinc.o
 .text.Ultrasonic_Get_Distance
                0x00000000       0x58 HAL/Ultrasoinc.o
 .bss.t2        0x00000000        0x2 HAL/Ultrasoinc.o
 .bss.t1        0x00000000        0x2 HAL/Ultrasoinc.o
 .bss.Flag      0x00000000        0x1 HAL/Ultrasoinc.o
 .comment       0x00000000       0x31 HAL/Ultrasoinc.o
 .text          0x00000000        0x0 main.o
 .data          0x00000000        0x0 main.o
 .bss           0x00000000        0x0 main.o
 .text          0x00000000        0x0 MCAL/ADC_int.o
 .data          0x00000000        0x0 MCAL/ADC_int.o
 .bss           0x00000000        0x0 MCAL/ADC_int.o
 .text.ADC_init
                0x00000000       0x2a MCAL/ADC_int.o
 .text.ADC_Read
                0x00000000       0x18 MCAL/ADC_int.o
 .text.ADC_ReadVolt
                0x00000000       0x22 MCAL/ADC_int.o
 .text.ADC_StartConversion
                0x00000000       0x1e MCAL/ADC_int.o
 .text.ADC_GetRead
                0x00000000        0xa MCAL/ADC_int.o
 .text.ADC_GetReadPeriodic
                0x00000000       0x1a MCAL/ADC_int.o
 .comment       0x00000000       0x31 MCAL/ADC_int.o
 COMMON         0x00000000        0x1 MCAL/ADC_int.o
 .text          0x00000000        0x0 MCAL/DIO.o
 .data          0x00000000        0x0 MCAL/DIO.o
 .bss           0x00000000        0x0 MCAL/DIO.o
 .text.DIO_WritePin
                0x00000000      0x13e MCAL/DIO.o
 .progmem.gcc_sw_table.DIO_WritePin
                0x00000000       0x1c MCAL/DIO.o
 .text.DIO_ReadPin
                0x00000000       0x3e MCAL/DIO.o
 .progmem.gcc_sw_table.DIO_ReadPin
                0x00000000        0xe MCAL/DIO.o
 .text.DIO_TogglePin
                0x00000000       0x1a MCAL/DIO.o
 .text.DIO_Write_Port
                0x00000000       0x32 MCAL/DIO.o
 .progmem.gcc_sw_table.DIO_Write_Port
                0x00000000        0xe MCAL/DIO.o
 .text.DIO_Read_Port
                0x00000000       0x34 MCAL/DIO.o
 .progmem.gcc_sw_table.DIO_Read_Port
                0x00000000        0xe MCAL/DIO.o
 .text          0x00000000        0x0 MCAL/Ex_int.o
 .data          0x00000000        0x0 MCAL/Ex_int.o
 .bss           0x00000000        0x0 MCAL/Ex_int.o
 .text.EXI_Disable
                0x00000000       0x36 MCAL/Ex_int.o
 .progmem.gcc_sw_table.EXI_Disable
                0x00000000       0x10 MCAL/Ex_int.o
 .text.EXI_SetCallBack
                0x00000000        0x2 MCAL/Ex_int.o
 .text.EXTI_GlobalIntDisable
                0x00000000        0x4 MCAL/Ex_int.o
 .text.EXTI_GlobalIntEnable
                0x00000000        0x4 MCAL/Ex_int.o
 .text          0x00000000        0x0 MCAL/SPI.o
 .data          0x00000000        0x0 MCAL/SPI.o
 .bss           0x00000000        0x0 MCAL/SPI.o
 .text.SPI_init
                0x00000000       0x86 MCAL/SPI.o
 .progmem.gcc_sw_table.SPI_init
                0x00000000        0xe MCAL/SPI.o
 .text.SPI_Send_Receive
                0x00000000        0xa MCAL/SPI.o
 .text.SPI_Send_No_Block
                0x00000000        0x4 MCAL/SPI.o
 .text.SPI_Send_Receive_With_runtime_out
                0x00000000       0x3a MCAL/SPI.o
 .text.SPI_initMaster
                0x00000000       0x2e MCAL/SPI.o
 .text.SPI_initSlave
                0x00000000       0x2c MCAL/SPI.o
 .text.SPI_sendReceiveByte
                0x00000000       0x10 MCAL/SPI.o
 .text.SPI_sendString
                0x00000000       0x26 MCAL/SPI.o
 .text.SPI_receiveString
                0x00000000       0x46 MCAL/SPI.o
 .comment       0x00000000       0x31 MCAL/SPI.o
 .text          0x00000000        0x0 MCAL/Timers.o
 .data          0x00000000        0x0 MCAL/Timers.o
 .bss           0x00000000        0x0 MCAL/Timers.o
 .text.TIMER0_Init
                0x00000000       0x40 MCAL/Timers.o
 .text.TIMER0_OC0_non_PWM_Mode
                0x00000000       0x36 MCAL/Timers.o
 .text.TIMER0_OC0_PWM_Mode
                0x00000000       0x2c MCAL/Timers.o
 .text.TIMER0_OC0_Phase_Correct_Mode
                0x00000000       0x2c MCAL/Timers.o
 .text.TIMER0_Set_OCR0_Value
                0x00000000        0x4 MCAL/Timers.o
 .text.TIMER0_SetDesiredTime_ms
                0x00000000       0x3e MCAL/Timers.o
 .text.TIMER0_SetDesiredTime_us
                0x00000000       0x44 MCAL/Timers.o
 .text.TIMER0_OV_InterruptEnable
                0x00000000        0x8 MCAL/Timers.o
 .text.TIMER0_OV_InterruptDisable
                0x00000000        0x8 MCAL/Timers.o
 .text.TIMER0_OC_InterruptEnable
                0x00000000        0x8 MCAL/Timers.o
 .text.TIMER0_OC_InterruptDisable
                0x00000000        0x8 MCAL/Timers.o
 .text.Timer1_Init
                0x00000000       0x78 MCAL/Timers.o
 .text.Timer1_OCRA1Mode
                0x00000000       0x36 MCAL/Timers.o
 .text.Timer1_OCRB1Mode
                0x00000000       0x36 MCAL/Timers.o
 .text.Timer1_InputCaptureEdge
                0x00000000       0x16 MCAL/Timers.o
 .text.Timer1_ICU_InterruptEnable
                0x00000000        0x8 MCAL/Timers.o
 .text.Timer1_ICU_InterruptDisable
                0x00000000        0x8 MCAL/Timers.o
 .text.Timer1_OVF_InterruptEnable
                0x00000000        0x8 MCAL/Timers.o
 .text.Timer1_OVF_InterruptDisable
                0x00000000        0x8 MCAL/Timers.o
 .text.Timer1_OCA_InterruptEnable
                0x00000000        0x8 MCAL/Timers.o
 .text.Timer1_OCA_InterruptDisable
                0x00000000        0x8 MCAL/Timers.o
 .text.Timer1_OCB_InterruptEnable
                0x00000000        0x8 MCAL/Timers.o
 .text.Timer1_OCB_InterruptDisable
                0x00000000        0x8 MCAL/Timers.o
 .text.Timer1_OVF_SetCallBack
                0x00000000        0xa MCAL/Timers.o
 .text.Timer1_OCA_SetCallBack
                0x00000000        0xa MCAL/Timers.o
 .text.Timer1_OCB_SetCallBack
                0x00000000        0xa MCAL/Timers.o
 .text.Timer1_ICU_SetCallBack
                0x00000000        0xa MCAL/Timers.o
 .text          0x00000000        0x0 MCAL/UART.o
 .data          0x00000000        0x0 MCAL/UART.o
 .bss           0x00000000        0x0 MCAL/UART.o
 .text.UART_init
                0x00000000        0xc MCAL/UART.o
 .text.UART_ReceiveData
                0x00000000       0x22 MCAL/UART.o
 .text.UART_ReceiveData_Periodic
                0x00000000       0x36 MCAL/UART.o
 .text.UART_SendData_NO_BLOCK
                0x00000000       0x12 MCAL/UART.o
 .text.UART_ReceiveData_NO_BLOCK
                0x00000000       0x16 MCAL/UART.o
 .text.UART_RX_Interrupt_Enable
                0x00000000       0x18 MCAL/UART.o
 .text.UART_RX_Interrupt_Disable
                0x00000000       0x18 MCAL/UART.o
 .text.UART_TX_Interrupt_Enable
                0x00000000       0x18 MCAL/UART.o
 .text.UART_TX_Interrupt_Disable
                0x00000000       0x18 MCAL/UART.o
 .text.UART_RX_SetCallback
                0x00000000        0xa MCAL/UART.o
 .text.UART_TX_SetCallback
                0x00000000        0xa MCAL/UART.o
 .text          0x00000000        0x0 MCAL/UART_Services.o
 .data          0x00000000        0x0 MCAL/UART_Services.o
 .bss           0x00000000        0x0 MCAL/UART_Services.o
 .text.Tx_Function_Asynchronous
                0x00000000       0x2e MCAL/UART_Services.o
 .text.UART_ReceiveString
                0x00000000       0x64 MCAL/UART_Services.o
 .text.UART_ReceiveString_DockLight
                0x00000000       0x52 MCAL/UART_Services.o
 .text.UART_SendNumber
                0x00000000       0x3a MCAL/UART_Services.o
 .text.UART_ReceiveNumber1
                0x00000000       0x4c MCAL/UART_Services.o
 .text.Endian_Check
                0x00000000        0x4 MCAL/UART_Services.o
 .text.endian_convert
                0x00000000        0x6 MCAL/UART_Services.o
 .text.endian_convert_16
                0x00000000        0x8 MCAL/UART_Services.o
 .text.diagCallOut
                0x00000000        0x2 MCAL/UART_Services.o
 .text.UART_SendStringCheckSum
                0x00000000       0x70 MCAL/UART_Services.o
 .text.UART_ReceiveStringCheckSum
                0x00000000       0x7a MCAL/UART_Services.o
 .text.UART_SendStringAsynchronous
                0x00000000       0x32 MCAL/UART_Services.o
 .text.UART_SendStringAsynchronous_NO_BLOCK
                0x00000000       0x2c MCAL/UART_Services.o
 .text.counterSetBits
                0x00000000       0x18 MCAL/UART_Services.o
 .text.UART_SendFrame_SW
                0x00000000       0x5e MCAL/UART_Services.o
 .text.UART_CheckParity
                0x00000000       0x2a MCAL/UART_Services.o
 .bss.tx_index  0x00000000        0x1 MCAL/UART_Services.o
 .data.flag     0x00000000        0x1 MCAL/UART_Services.o
 .bss.TX_Str    0x00000000        0x2 MCAL/UART_Services.o
 .text          0x00000000        0x0 c:/program files (x86)/atmel/studio/7.0/toolchain/avr8/avr8-gnu-toolchain/bin/../lib/gcc/avr/5.4.0/../../../../avr/lib/avr51\libm.a(addsf3.o)
 .data          0x00000000        0x0 c:/program files (x86)/atmel/studio/7.0/toolchain/avr8/avr8-gnu-toolchain/bin/../lib/gcc/avr/5.4.0/../../../../avr/lib/avr51\libm.a(addsf3.o)
 .bss           0x00000000        0x0 c:/program files (x86)/atmel/studio/7.0/toolchain/avr8/avr8-gnu-toolchain/bin/../lib/gcc/avr/5.4.0/../../../../avr/lib/avr51\libm.a(addsf3.o)
 .text          0x00000000        0x0 c:/program files (x86)/atmel/studio/7.0/toolchain/avr8/avr8-gnu-toolchain/bin/../lib/gcc/avr/5.4.0/../../../../avr/lib/avr51\libm.a(addsf3x.o)
 .data          0x00000000        0x0 c:/program files (x86)/atmel/studio/7.0/toolchain/avr8/avr8-gnu-toolchain/bin/../lib/gcc/avr/5.4.0/../../../../avr/lib/avr51\libm.a(addsf3x.o)
 .bss           0x00000000        0x0 c:/program files (x86)/atmel/studio/7.0/toolchain/avr8/avr8-gnu-toolchain/bin/../lib/gcc/avr/5.4.0/../../../../avr/lib/avr51\libm.a(addsf3x.o)
 .text          0x00000000        0x0 c:/program files (x86)/atmel/studio/7.0/toolchain/avr8/avr8-gnu-toolchain/bin/../lib/gcc/avr/5.4.0/../../../../avr/lib/avr51\libm.a(cmpsf2.o)
 .data          0x00000000        0x0 c:/program files (x86)/atmel/studio/7.0/toolchain/avr8/avr8-gnu-toolchain/bin/../lib/gcc/avr/5.4.0/../../../../avr/lib/avr51\libm.a(cmpsf2.o)
 .bss           0x00000000        0x0 c:/program files (x86)/atmel/studio/7.0/toolchain/avr8/avr8-gnu-toolchain/bin/../lib/gcc/avr/5.4.0/../../../../avr/lib/avr51\libm.a(cmpsf2.o)
 .text          0x00000000        0x0 c:/program files (x86)/atmel/studio/7.0/toolchain/avr8/avr8-gnu-toolchain/bin/../lib/gcc/avr/5.4.0/../../../../avr/lib/avr51\libm.a(divsf3.o)
 .data          0x00000000        0x0 c:/program files (x86)/atmel/studio/7.0/toolchain/avr8/avr8-gnu-toolchain/bin/../lib/gcc/avr/5.4.0/../../../../avr/lib/avr51\libm.a(divsf3.o)
 .bss           0x00000000        0x0 c:/program files (x86)/atmel/studio/7.0/toolchain/avr8/avr8-gnu-toolchain/bin/../lib/gcc/avr/5.4.0/../../../../avr/lib/avr51\libm.a(divsf3.o)
 .text          0x00000000        0x0 c:/program files (x86)/atmel/studio/7.0/toolchain/avr8/avr8-gnu-toolchain/bin/../lib/gcc/avr/5.4.0/../../../../avr/lib/avr51\libm.a(divsf3x.o)
 .data          0x00000000        0x0 c:/program files (x86)/atmel/studio/7.0/toolchain/avr8/avr8-gnu-toolchain/bin/../lib/gcc/avr/5.4.0/../../../../avr/lib/avr51\libm.a(divsf3x.o)
 .bss           0x00000000        0x0 c:/program files (x86)/atmel/studio/7.0/toolchain/avr8/avr8-gnu-toolchain/bin/../lib/gcc/avr/5.4.0/../../../../avr/lib/avr51\libm.a(divsf3x.o)
 .text          0x00000000        0x0 c:/program files (x86)/atmel/studio/7.0/toolchain/avr8/avr8-gnu-toolchain/bin/../lib/gcc/avr/5.4.0/../../../../avr/lib/avr51\libm.a(fixsfsi.o)
 .data          0x00000000        0x0 c:/program files (x86)/atmel/studio/7.0/toolchain/avr8/avr8-gnu-toolchain/bin/../lib/gcc/avr/5.4.0/../../../../avr/lib/avr51\libm.a(fixsfsi.o)
 .bss           0x00000000        0x0 c:/program files (x86)/atmel/studio/7.0/toolchain/avr8/avr8-gnu-toolchain/bin/../lib/gcc/avr/5.4.0/../../../../avr/lib/avr51\libm.a(fixsfsi.o)
 .text          0x00000000        0x0 c:/program files (x86)/atmel/studio/7.0/toolchain/avr8/avr8-gnu-toolchain/bin/../lib/gcc/avr/5.4.0/../../../../avr/lib/avr51\libm.a(fixunssfsi.o)
 .data          0x00000000        0x0 c:/program files (x86)/atmel/studio/7.0/toolchain/avr8/avr8-gnu-toolchain/bin/../lib/gcc/avr/5.4.0/../../../../avr/lib/avr51\libm.a(fixunssfsi.o)
 .bss           0x00000000        0x0 c:/program files (x86)/atmel/studio/7.0/toolchain/avr8/avr8-gnu-toolchain/bin/../lib/gcc/avr/5.4.0/../../../../avr/lib/avr51\libm.a(fixunssfsi.o)
 .text          0x00000000        0x0 c:/program files (x86)/atmel/studio/7.0/toolchain/avr8/avr8-gnu-toolchain/bin/../lib/gcc/avr/5.4.0/../../../../avr/lib/avr51\libm.a(floatsisf.o)
 .data          0x00000000        0x0 c:/program files (x86)/atmel/studio/7.0/toolchain/avr8/avr8-gnu-toolchain/bin/../lib/gcc/avr/5.4.0/../../../../avr/lib/avr51\libm.a(floatsisf.o)
 .bss           0x00000000        0x0 c:/program files (x86)/atmel/studio/7.0/toolchain/avr8/avr8-gnu-toolchain/bin/../lib/gcc/avr/5.4.0/../../../../avr/lib/avr51\libm.a(floatsisf.o)
 .text          0x00000000        0x0 c:/program files (x86)/atmel/studio/7.0/toolchain/avr8/avr8-gnu-toolchain/bin/../lib/gcc/avr/5.4.0/../../../../avr/lib/avr51\libm.a(fp_cmp.o)
 .data          0x00000000        0x0 c:/program files (x86)/atmel/studio/7.0/toolchain/avr8/avr8-gnu-toolchain/bin/../lib/gcc/avr/5.4.0/../../../../avr/lib/avr51\libm.a(fp_cmp.o)
 .bss           0x00000000        0x0 c:/program files (x86)/atmel/studio/7.0/toolchain/avr8/avr8-gnu-toolchain/bin/../lib/gcc/avr/5.4.0/../../../../avr/lib/avr51\libm.a(fp_cmp.o)
 .text          0x00000000        0x0 c:/program files (x86)/atmel/studio/7.0/toolchain/avr8/avr8-gnu-toolchain/bin/../lib/gcc/avr/5.4.0/../../../../avr/lib/avr51\libm.a(fp_inf.o)
 .data          0x00000000        0x0 c:/program files (x86)/atmel/studio/7.0/toolchain/avr8/avr8-gnu-toolchain/bin/../lib/gcc/avr/5.4.0/../../../../avr/lib/avr51\libm.a(fp_inf.o)
 .bss           0x00000000        0x0 c:/program files (x86)/atmel/studio/7.0/toolchain/avr8/avr8-gnu-toolchain/bin/../lib/gcc/avr/5.4.0/../../../../avr/lib/avr51\libm.a(fp_inf.o)
 .text          0x00000000        0x0 c:/program files (x86)/atmel/studio/7.0/toolchain/avr8/avr8-gnu-toolchain/bin/../lib/gcc/avr/5.4.0/../../../../avr/lib/avr51\libm.a(fp_nan.o)
 .data          0x00000000        0x0 c:/program files (x86)/atmel/studio/7.0/toolchain/avr8/avr8-gnu-toolchain/bin/../lib/gcc/avr/5.4.0/../../../../avr/lib/avr51\libm.a(fp_nan.o)
 .bss           0x00000000        0x0 c:/program files (x86)/atmel/studio/7.0/toolchain/avr8/avr8-gnu-toolchain/bin/../lib/gcc/avr/5.4.0/../../../../avr/lib/avr51\libm.a(fp_nan.o)
 .text          0x00000000        0x0 c:/program files (x86)/atmel/studio/7.0/toolchain/avr8/avr8-gnu-toolchain/bin/../lib/gcc/avr/5.4.0/../../../../avr/lib/avr51\libm.a(fp_pscA.o)
 .data          0x00000000        0x0 c:/program files (x86)/atmel/studio/7.0/toolchain/avr8/avr8-gnu-toolchain/bin/../lib/gcc/avr/5.4.0/../../../../avr/lib/avr51\libm.a(fp_pscA.o)
 .bss           0x00000000        0x0 c:/program files (x86)/atmel/studio/7.0/toolchain/avr8/avr8-gnu-toolchain/bin/../lib/gcc/avr/5.4.0/../../../../avr/lib/avr51\libm.a(fp_pscA.o)
 .text          0x00000000        0x0 c:/program files (x86)/atmel/studio/7.0/toolchain/avr8/avr8-gnu-toolchain/bin/../lib/gcc/avr/5.4.0/../../../../avr/lib/avr51\libm.a(fp_pscB.o)
 .data          0x00000000        0x0 c:/program files (x86)/atmel/studio/7.0/toolchain/avr8/avr8-gnu-toolchain/bin/../lib/gcc/avr/5.4.0/../../../../avr/lib/avr51\libm.a(fp_pscB.o)
 .bss           0x00000000        0x0 c:/program files (x86)/atmel/studio/7.0/toolchain/avr8/avr8-gnu-toolchain/bin/../lib/gcc/avr/5.4.0/../../../../avr/lib/avr51\libm.a(fp_pscB.o)
 .text          0x00000000        0x0 c:/program files (x86)/atmel/studio/7.0/toolchain/avr8/avr8-gnu-toolchain/bin/../lib/gcc/avr/5.4.0/../../../../avr/lib/avr51\libm.a(fp_round.o)
 .data          0x00000000        0x0 c:/program files (x86)/atmel/studio/7.0/toolchain/avr8/avr8-gnu-toolchain/bin/../lib/gcc/avr/5.4.0/../../../../avr/lib/avr51\libm.a(fp_round.o)
 .bss           0x00000000        0x0 c:/program files (x86)/atmel/studio/7.0/toolchain/avr8/avr8-gnu-toolchain/bin/../lib/gcc/avr/5.4.0/../../../../avr/lib/avr51\libm.a(fp_round.o)
 .text          0x00000000        0x0 c:/program files (x86)/atmel/studio/7.0/toolchain/avr8/avr8-gnu-toolchain/bin/../lib/gcc/avr/5.4.0/../../../../avr/lib/avr51\libm.a(fp_split3.o)
 .data          0x00000000        0x0 c:/program files (x86)/atmel/studio/7.0/toolchain/avr8/avr8-gnu-toolchain/bin/../lib/gcc/avr/5.4.0/../../../../avr/lib/avr51\libm.a(fp_split3.o)
 .bss           0x00000000        0x0 c:/program files (x86)/atmel/studio/7.0/toolchain/avr8/avr8-gnu-toolchain/bin/../lib/gcc/avr/5.4.0/../../../../avr/lib/avr51\libm.a(fp_split3.o)
 .text          0x00000000        0x0 c:/program files (x86)/atmel/studio/7.0/toolchain/avr8/avr8-gnu-toolchain/bin/../lib/gcc/avr/5.4.0/../../../../avr/lib/avr51\libm.a(fp_zero.o)
 .data          0x00000000        0x0 c:/program files (x86)/atmel/studio/7.0/toolchain/avr8/avr8-gnu-toolchain/bin/../lib/gcc/avr/5.4.0/../../../../avr/lib/avr51\libm.a(fp_zero.o)
 .bss           0x00000000        0x0 c:/program files (x86)/atmel/studio/7.0/toolchain/avr8/avr8-gnu-toolchain/bin/../lib/gcc/avr/5.4.0/../../../../avr/lib/avr51\libm.a(fp_zero.o)
 .text          0x00000000        0x0 c:/program files (x86)/atmel/studio/7.0/toolchain/avr8/avr8-gnu-toolchain/bin/../lib/gcc/avr/5.4.0/../../../../avr/lib/avr51\libm.a(gesf2.o)
 .data          0x00000000        0x0 c:/program files (x86)/atmel/studio/7.0/toolchain/avr8/avr8-gnu-toolchain/bin/../lib/gcc/avr/5.4.0/../../../../avr/lib/avr51\libm.a(gesf2.o)
 .bss           0x00000000        0x0 c:/program files (x86)/atmel/studio/7.0/toolchain/avr8/avr8-gnu-toolchain/bin/../lib/gcc/avr/5.4.0/../../../../avr/lib/avr51\libm.a(gesf2.o)
 .text          0x00000000        0x0 c:/program files (x86)/atmel/studio/7.0/toolchain/avr8/avr8-gnu-toolchain/bin/../lib/gcc/avr/5.4.0/../../../../avr/lib/avr51\libm.a(mulsf3.o)
 .data          0x00000000        0x0 c:/program files (x86)/atmel/studio/7.0/toolchain/avr8/avr8-gnu-toolchain/bin/../lib/gcc/avr/5.4.0/../../../../avr/lib/avr51\libm.a(mulsf3.o)
 .bss           0x00000000        0x0 c:/program files (x86)/atmel/studio/7.0/toolchain/avr8/avr8-gnu-toolchain/bin/../lib/gcc/avr/5.4.0/../../../../avr/lib/avr51\libm.a(mulsf3.o)
 .text          0x00000000        0x0 c:/program files (x86)/atmel/studio/7.0/toolchain/avr8/avr8-gnu-toolchain/bin/../lib/gcc/avr/5.4.0/../../../../avr/lib/avr51\libm.a(mulsf3x.o)
 .data          0x00000000        0x0 c:/program files (x86)/atmel/studio/7.0/toolchain/avr8/avr8-gnu-toolchain/bin/../lib/gcc/avr/5.4.0/../../../../avr/lib/avr51\libm.a(mulsf3x.o)
 .bss           0x00000000        0x0 c:/program files (x86)/atmel/studio/7.0/toolchain/avr8/avr8-gnu-toolchain/bin/../lib/gcc/avr/5.4.0/../../../../avr/lib/avr51\libm.a(mulsf3x.o)
 .text          0x00000000        0x0 c:/program files (x86)/atmel/studio/7.0/toolchain/avr8/avr8-gnu-toolchain/bin/../lib/gcc/avr/5.4.0/avr51\libgcc.a(_udivmodqi4.o)
 .data          0x00000000        0x0 c:/program files (x86)/atmel/studio/7.0/toolchain/avr8/avr8-gnu-toolchain/bin/../lib/gcc/avr/5.4.0/avr51\libgcc.a(_udivmodqi4.o)
 .bss           0x00000000        0x0 c:/program files (x86)/atmel/studio/7.0/toolchain/avr8/avr8-gnu-toolchain/bin/../lib/gcc/avr/5.4.0/avr51\libgcc.a(_udivmodqi4.o)
 .text.libgcc.mul
                0x00000000        0x0 c:/program files (x86)/atmel/studio/7.0/toolchain/avr8/avr8-gnu-toolchain/bin/../lib/gcc/avr/5.4.0/avr51\libgcc.a(_udivmodqi4.o)
 .text.libgcc.div
                0x00000000       0x18 c:/program files (x86)/atmel/studio/7.0/toolchain/avr8/avr8-gnu-toolchain/bin/../lib/gcc/avr/5.4.0/avr51\libgcc.a(_udivmodqi4.o)
 .text.libgcc   0x00000000        0x0 c:/program files (x86)/atmel/studio/7.0/toolchain/avr8/avr8-gnu-toolchain/bin/../lib/gcc/avr/5.4.0/avr51\libgcc.a(_udivmodqi4.o)
 .text.libgcc.prologue
                0x00000000        0x0 c:/program files (x86)/atmel/studio/7.0/toolchain/avr8/avr8-gnu-toolchain/bin/../lib/gcc/avr/5.4.0/avr51\libgcc.a(_udivmodqi4.o)
 .text.libgcc.builtins
                0x00000000        0x0 c:/program files (x86)/atmel/studio/7.0/toolchain/avr8/avr8-gnu-toolchain/bin/../lib/gcc/avr/5.4.0/avr51\libgcc.a(_udivmodqi4.o)
 .text.libgcc.fmul
                0x00000000        0x0 c:/program files (x86)/atmel/studio/7.0/toolchain/avr8/avr8-gnu-toolchain/bin/../lib/gcc/avr/5.4.0/avr51\libgcc.a(_udivmodqi4.o)
 .text.libgcc.fixed
                0x00000000        0x0 c:/program files (x86)/atmel/studio/7.0/toolchain/avr8/avr8-gnu-toolchain/bin/../lib/gcc/avr/5.4.0/avr51\libgcc.a(_udivmodqi4.o)
 .text          0x00000000        0x0 c:/program files (x86)/atmel/studio/7.0/toolchain/avr8/avr8-gnu-toolchain/bin/../lib/gcc/avr/5.4.0/avr51\libgcc.a(_udivmodhi4.o)
 .data          0x00000000        0x0 c:/program files (x86)/atmel/studio/7.0/toolchain/avr8/avr8-gnu-toolchain/bin/../lib/gcc/avr/5.4.0/avr51\libgcc.a(_udivmodhi4.o)
 .bss           0x00000000        0x0 c:/program files (x86)/atmel/studio/7.0/toolchain/avr8/avr8-gnu-toolchain/bin/../lib/gcc/avr/5.4.0/avr51\libgcc.a(_udivmodhi4.o)
 .text.libgcc.mul
                0x00000000        0x0 c:/program files (x86)/atmel/studio/7.0/toolchain/avr8/avr8-gnu-toolchain/bin/../lib/gcc/avr/5.4.0/avr51\libgcc.a(_udivmodhi4.o)
 .text.libgcc.div
                0x00000000       0x28 c:/program files (x86)/atmel/studio/7.0/toolchain/avr8/avr8-gnu-toolchain/bin/../lib/gcc/avr/5.4.0/avr51\libgcc.a(_udivmodhi4.o)
 .text.libgcc   0x00000000        0x0 c:/program files (x86)/atmel/studio/7.0/toolchain/avr8/avr8-gnu-toolchain/bin/../lib/gcc/avr/5.4.0/avr51\libgcc.a(_udivmodhi4.o)
 .text.libgcc.prologue
                0x00000000        0x0 c:/program files (x86)/atmel/studio/7.0/toolchain/avr8/avr8-gnu-toolchain/bin/../lib/gcc/avr/5.4.0/avr51\libgcc.a(_udivmodhi4.o)
 .text.libgcc.builtins
                0x00000000        0x0 c:/program files (x86)/atmel/studio/7.0/toolchain/avr8/avr8-gnu-toolchain/bin/../lib/gcc/avr/5.4.0/avr51\libgcc.a(_udivmodhi4.o)
 .text.libgcc.fmul
                0x00000000        0x0 c:/program files (x86)/atmel/studio/7.0/toolchain/avr8/avr8-gnu-toolchain/bin/../lib/gcc/avr/5.4.0/avr51\libgcc.a(_udivmodhi4.o)
 .text.libgcc.fixed
                0x00000000        0x0 c:/program files (x86)/atmel/studio/7.0/toolchain/avr8/avr8-gnu-toolchain/bin/../lib/gcc/avr/5.4.0/avr51\libgcc.a(_udivmodhi4.o)
 .text          0x00000000        0x0 c:/program files (x86)/atmel/studio/7.0/toolchain/avr8/avr8-gnu-toolchain/bin/../lib/gcc/avr/5.4.0/avr51\libgcc.a(_divmodhi4.o)
 .data          0x00000000        0x0 c:/program files (x86)/atmel/studio/7.0/toolchain/avr8/avr8-gnu-toolchain/bin/../lib/gcc/avr/5.4.0/avr51\libgcc.a(_divmodhi4.o)
 .bss           0x00000000        0x0 c:/program files (x86)/atmel/studio/7.0/toolchain/avr8/avr8-gnu-toolchain/bin/../lib/gcc/avr/5.4.0/avr51\libgcc.a(_divmodhi4.o)
 .text.libgcc.mul
                0x00000000        0x0 c:/program files (x86)/atmel/studio/7.0/toolchain/avr8/avr8-gnu-toolchain/bin/../lib/gcc/avr/5.4.0/avr51\libgcc.a(_divmodhi4.o)
 .text.libgcc.div
                0x00000000       0x28 c:/program files (x86)/atmel/studio/7.0/toolchain/avr8/avr8-gnu-toolchain/bin/../lib/gcc/avr/5.4.0/avr51\libgcc.a(_divmodhi4.o)
 .text.libgcc   0x00000000        0x0 c:/program files (x86)/atmel/studio/7.0/toolchain/avr8/avr8-gnu-toolchain/bin/../lib/gcc/avr/5.4.0/avr51\libgcc.a(_divmodhi4.o)
 .text.libgcc.prologue
                0x00000000        0x0 c:/program files (x86)/atmel/studio/7.0/toolchain/avr8/avr8-gnu-toolchain/bin/../lib/gcc/avr/5.4.0/avr51\libgcc.a(_divmodhi4.o)
 .text.libgcc.builtins
                0x00000000        0x0 c:/program files (x86)/atmel/studio/7.0/toolchain/avr8/avr8-gnu-toolchain/bin/../lib/gcc/avr/5.4.0/avr51\libgcc.a(_divmodhi4.o)
 .text.libgcc.fmul
                0x00000000        0x0 c:/program files (x86)/atmel/studio/7.0/toolchain/avr8/avr8-gnu-toolchain/bin/../lib/gcc/avr/5.4.0/avr51\libgcc.a(_divmodhi4.o)
 .text.libgcc.fixed
                0x00000000        0x0 c:/program files (x86)/atmel/studio/7.0/toolchain/avr8/avr8-gnu-toolchain/bin/../lib/gcc/avr/5.4.0/avr51\libgcc.a(_divmodhi4.o)
 .text          0x00000000        0x0 c:/program files (x86)/atmel/studio/7.0/toolchain/avr8/avr8-gnu-toolchain/bin/../lib/gcc/avr/5.4.0/avr51\libgcc.a(_udivmodsi4.o)
 .data          0x00000000        0x0 c:/program files (x86)/atmel/studio/7.0/toolchain/avr8/avr8-gnu-toolchain/bin/../lib/gcc/avr/5.4.0/avr51\libgcc.a(_udivmodsi4.o)
 .bss           0x00000000        0x0 c:/program files (x86)/atmel/studio/7.0/toolchain/avr8/avr8-gnu-toolchain/bin/../lib/gcc/avr/5.4.0/avr51\libgcc.a(_udivmodsi4.o)
 .text.libgcc.mul
                0x00000000        0x0 c:/program files (x86)/atmel/studio/7.0/toolchain/avr8/avr8-gnu-toolchain/bin/../lib/gcc/avr/5.4.0/avr51\libgcc.a(_udivmodsi4.o)
 .text.libgcc   0x00000000        0x0 c:/program files (x86)/atmel/studio/7.0/toolchain/avr8/avr8-gnu-toolchain/bin/../lib/gcc/avr/5.4.0/avr51\libgcc.a(_udivmodsi4.o)
 .text.libgcc.prologue
                0x00000000        0x0 c:/program files (x86)/atmel/studio/7.0/toolchain/avr8/avr8-gnu-toolchain/bin/../lib/gcc/avr/5.4.0/avr51\libgcc.a(_udivmodsi4.o)
 .text.libgcc.builtins
                0x00000000        0x0 c:/program files (x86)/atmel/studio/7.0/toolchain/avr8/avr8-gnu-toolchain/bin/../lib/gcc/avr/5.4.0/avr51\libgcc.a(_udivmodsi4.o)
 .text.libgcc.fmul
                0x00000000        0x0 c:/program files (x86)/atmel/studio/7.0/toolchain/avr8/avr8-gnu-toolchain/bin/../lib/gcc/avr/5.4.0/avr51\libgcc.a(_udivmodsi4.o)
 .text.libgcc.fixed
                0x00000000        0x0 c:/program files (x86)/atmel/studio/7.0/toolchain/avr8/avr8-gnu-toolchain/bin/../lib/gcc/avr/5.4.0/avr51\libgcc.a(_udivmodsi4.o)
 .text          0x00000000        0x0 c:/program files (x86)/atmel/studio/7.0/toolchain/avr8/avr8-gnu-toolchain/bin/../lib/gcc/avr/5.4.0/avr51\libgcc.a(_divmodsi4.o)
 .data          0x00000000        0x0 c:/program files (x86)/atmel/studio/7.0/toolchain/avr8/avr8-gnu-toolchain/bin/../lib/gcc/avr/5.4.0/avr51\libgcc.a(_divmodsi4.o)
 .bss           0x00000000        0x0 c:/program files (x86)/atmel/studio/7.0/toolchain/avr8/avr8-gnu-toolchain/bin/../lib/gcc/avr/5.4.0/avr51\libgcc.a(_divmodsi4.o)
 .text.libgcc.mul
                0x00000000        0x0 c:/program files (x86)/atmel/studio/7.0/toolchain/avr8/avr8-gnu-toolchain/bin/../lib/gcc/avr/5.4.0/avr51\libgcc.a(_divmodsi4.o)
 .text.libgcc   0x00000000        0x0 c:/program files (x86)/atmel/studio/7.0/toolchain/avr8/avr8-gnu-toolchain/bin/../lib/gcc/avr/5.4.0/avr51\libgcc.a(_divmodsi4.o)
 .text.libgcc.prologue
                0x00000000        0x0 c:/program files (x86)/atmel/studio/7.0/toolchain/avr8/avr8-gnu-toolchain/bin/../lib/gcc/avr/5.4.0/avr51\libgcc.a(_divmodsi4.o)
 .text.libgcc.builtins
                0x00000000        0x0 c:/program files (x86)/atmel/studio/7.0/toolchain/avr8/avr8-gnu-toolchain/bin/../lib/gcc/avr/5.4.0/avr51\libgcc.a(_divmodsi4.o)
 .text.libgcc.fmul
                0x00000000        0x0 c:/program files (x86)/atmel/studio/7.0/toolchain/avr8/avr8-gnu-toolchain/bin/../lib/gcc/avr/5.4.0/avr51\libgcc.a(_divmodsi4.o)
 .text.libgcc.fixed
                0x00000000        0x0 c:/program files (x86)/atmel/studio/7.0/toolchain/avr8/avr8-gnu-toolchain/bin/../lib/gcc/avr/5.4.0/avr51\libgcc.a(_divmodsi4.o)
 .text          0x00000000        0x0 c:/program files (x86)/atmel/studio/7.0/toolchain/avr8/avr8-gnu-toolchain/bin/../lib/gcc/avr/5.4.0/avr51\libgcc.a(_negsi2.o)
 .data          0x00000000        0x0 c:/program files (x86)/atmel/studio/7.0/toolchain/avr8/avr8-gnu-toolchain/bin/../lib/gcc/avr/5.4.0/avr51\libgcc.a(_negsi2.o)
 .bss           0x00000000        0x0 c:/program files (x86)/atmel/studio/7.0/toolchain/avr8/avr8-gnu-toolchain/bin/../lib/gcc/avr/5.4.0/avr51\libgcc.a(_negsi2.o)
 .text.libgcc.mul
                0x00000000        0x0 c:/program files (x86)/atmel/studio/7.0/toolchain/avr8/avr8-gnu-toolchain/bin/../lib/gcc/avr/5.4.0/avr51\libgcc.a(_negsi2.o)
 .text.libgcc   0x00000000        0x0 c:/program files (x86)/atmel/studio/7.0/toolchain/avr8/avr8-gnu-toolchain/bin/../lib/gcc/avr/5.4.0/avr51\libgcc.a(_negsi2.o)
 .text.libgcc.prologue
                0x00000000        0x0 c:/program files (x86)/atmel/studio/7.0/toolchain/avr8/avr8-gnu-toolchain/bin/../lib/gcc/avr/5.4.0/avr51\libgcc.a(_negsi2.o)
 .text.libgcc.builtins
                0x00000000        0x0 c:/program files (x86)/atmel/studio/7.0/toolchain/avr8/avr8-gnu-toolchain/bin/../lib/gcc/avr/5.4.0/avr51\libgcc.a(_negsi2.o)
 .text.libgcc.fmul
                0x00000000        0x0 c:/program files (x86)/atmel/studio/7.0/toolchain/avr8/avr8-gnu-toolchain/bin/../lib/gcc/avr/5.4.0/avr51\libgcc.a(_negsi2.o)
 .text.libgcc.fixed
                0x00000000        0x0 c:/program files (x86)/atmel/studio/7.0/toolchain/avr8/avr8-gnu-toolchain/bin/../lib/gcc/avr/5.4.0/avr51\libgcc.a(_negsi2.o)
 .text          0x00000000        0x0 c:/program files (x86)/atmel/studio/7.0/toolchain/avr8/avr8-gnu-toolchain/bin/../lib/gcc/avr/5.4.0/avr51\libgcc.a(_exit.o)
 .data          0x00000000        0x0 c:/program files (x86)/atmel/studio/7.0/toolchain/avr8/avr8-gnu-toolchain/bin/../lib/gcc/avr/5.4.0/avr51\libgcc.a(_exit.o)
 .bss           0x00000000        0x0 c:/program files (x86)/atmel/studio/7.0/toolchain/avr8/avr8-gnu-toolchain/bin/../lib/gcc/avr/5.4.0/avr51\libgcc.a(_exit.o)
 .text.libgcc.mul
                0x00000000        0x0 c:/program files (x86)/atmel/studio/7.0/toolchain/avr8/avr8-gnu-toolchain/bin/../lib/gcc/avr/5.4.0/avr51\libgcc.a(_exit.o)
 .text.libgcc.div
                0x00000000        0x0 c:/program files (x86)/atmel/studio/7.0/toolchain/avr8/avr8-gnu-toolchain/bin/../lib/gcc/avr/5.4.0/avr51\libgcc.a(_exit.o)
 .text.libgcc   0x00000000        0x0 c:/program files (x86)/atmel/studio/7.0/toolchain/avr8/avr8-gnu-toolchain/bin/../lib/gcc/avr/5.4.0/avr51\libgcc.a(_exit.o)
 .text.libgcc.prologue
                0x00000000        0x0 c:/program files (x86)/atmel/studio/7.0/toolchain/avr8/avr8-gnu-toolchain/bin/../lib/gcc/avr/5.4.0/avr51\libgcc.a(_exit.o)
 .text.libgcc.builtins
                0x00000000        0x0 c:/program files (x86)/atmel/studio/7.0/toolchain/avr8/avr8-gnu-toolchain/bin/../lib/gcc/avr/5.4.0/avr51\libgcc.a(_exit.o)
 .text.libgcc.fmul
                0x00000000        0x0 c:/program files (x86)/atmel/studio/7.0/toolchain/avr8/avr8-gnu-toolchain/bin/../lib/gcc/avr/5.4.0/avr51\libgcc.a(_exit.o)
 .text.libgcc.fixed
                0x00000000        0x0 c:/program files (x86)/atmel/studio/7.0/toolchain/avr8/avr8-gnu-toolchain/bin/../lib/gcc/avr/5.4.0/avr51\libgcc.a(_exit.o)
 .text          0x00000000        0x0 c:/program files (x86)/atmel/studio/7.0/toolchain/avr8/avr8-gnu-toolchain/bin/../lib/gcc/avr/5.4.0/avr51\libgcc.a(_tablejump2.o)
 .data          0x00000000        0x0 c:/program files (x86)/atmel/studio/7.0/toolchain/avr8/avr8-gnu-toolchain/bin/../lib/gcc/avr/5.4.0/avr51\libgcc.a(_tablejump2.o)
 .bss           0x00000000        0x0 c:/program files (x86)/atmel/studio/7.0/toolchain/avr8/avr8-gnu-toolchain/bin/../lib/gcc/avr/5.4.0/avr51\libgcc.a(_tablejump2.o)
 .text.libgcc.mul
                0x00000000        0x0 c:/program files (x86)/atmel/studio/7.0/toolchain/avr8/avr8-gnu-toolchain/bin/../lib/gcc/avr/5.4.0/avr51\libgcc.a(_tablejump2.o)
 .text.libgcc.div
                0x00000000        0x0 c:/program files (x86)/atmel/studio/7.0/toolchain/avr8/avr8-gnu-toolchain/bin/../lib/gcc/avr/5.4.0/avr51\libgcc.a(_tablejump2.o)
 .text.libgcc.prologue
                0x00000000        0x0 c:/program files (x86)/atmel/studio/7.0/toolchain/avr8/avr8-gnu-toolchain/bin/../lib/gcc/avr/5.4.0/avr51\libgcc.a(_tablejump2.o)
 .text.libgcc.builtins
                0x00000000        0x0 c:/program files (x86)/atmel/studio/7.0/toolchain/avr8/avr8-gnu-toolchain/bin/../lib/gcc/avr/5.4.0/avr51\libgcc.a(_tablejump2.o)
 .text.libgcc.fmul
                0x00000000        0x0 c:/program files (x86)/atmel/studio/7.0/toolchain/avr8/avr8-gnu-toolchain/bin/../lib/gcc/avr/5.4.0/avr51\libgcc.a(_tablejump2.o)
 .text.libgcc.fixed
                0x00000000        0x0 c:/program files (x86)/atmel/studio/7.0/toolchain/avr8/avr8-gnu-toolchain/bin/../lib/gcc/avr/5.4.0/avr51\libgcc.a(_tablejump2.o)
 .text          0x00000000        0x0 c:/program files (x86)/atmel/studio/7.0/toolchain/avr8/avr8-gnu-toolchain/bin/../lib/gcc/avr/5.4.0/avr51\libgcc.a(_copy_data.o)
 .data          0x00000000        0x0 c:/program files (x86)/atmel/studio/7.0/toolchain/avr8/avr8-gnu-toolchain/bin/../lib/gcc/avr/5.4.0/avr51\libgcc.a(_copy_data.o)
 .bss           0x00000000        0x0 c:/program files (x86)/atmel/studio/7.0/toolchain/avr8/avr8-gnu-toolchain/bin/../lib/gcc/avr/5.4.0/avr51\libgcc.a(_copy_data.o)
 .text.libgcc.mul
                0x00000000        0x0 c:/program files (x86)/atmel/studio/7.0/toolchain/avr8/avr8-gnu-toolchain/bin/../lib/gcc/avr/5.4.0/avr51\libgcc.a(_copy_data.o)
 .text.libgcc.div
                0x00000000        0x0 c:/program files (x86)/atmel/studio/7.0/toolchain/avr8/avr8-gnu-toolchain/bin/../lib/gcc/avr/5.4.0/avr51\libgcc.a(_copy_data.o)
 .text.libgcc   0x00000000        0x0 c:/program files (x86)/atmel/studio/7.0/toolchain/avr8/avr8-gnu-toolchain/bin/../lib/gcc/avr/5.4.0/avr51\libgcc.a(_copy_data.o)
 .text.libgcc.prologue
                0x00000000        0x0 c:/program files (x86)/atmel/studio/7.0/toolchain/avr8/avr8-gnu-toolchain/bin/../lib/gcc/avr/5.4.0/avr51\libgcc.a(_copy_data.o)
 .text.libgcc.builtins
                0x00000000        0x0 c:/program files (x86)/atmel/studio/7.0/toolchain/avr8/avr8-gnu-toolchain/bin/../lib/gcc/avr/5.4.0/avr51\libgcc.a(_copy_data.o)
 .text.libgcc.fmul
                0x00000000        0x0 c:/program files (x86)/atmel/studio/7.0/toolchain/avr8/avr8-gnu-toolchain/bin/../lib/gcc/avr/5.4.0/avr51\libgcc.a(_copy_data.o)
 .text.libgcc.fixed
                0x00000000        0x0 c:/program files (x86)/atmel/studio/7.0/toolchain/avr8/avr8-gnu-toolchain/bin/../lib/gcc/avr/5.4.0/avr51\libgcc.a(_copy_data.o)
 .text          0x00000000        0x0 c:/program files (x86)/atmel/studio/7.0/toolchain/avr8/avr8-gnu-toolchain/bin/../lib/gcc/avr/5.4.0/avr51\libgcc.a(_clear_bss.o)
 .data          0x00000000        0x0 c:/program files (x86)/atmel/studio/7.0/toolchain/avr8/avr8-gnu-toolchain/bin/../lib/gcc/avr/5.4.0/avr51\libgcc.a(_clear_bss.o)
 .bss           0x00000000        0x0 c:/program files (x86)/atmel/studio/7.0/toolchain/avr8/avr8-gnu-toolchain/bin/../lib/gcc/avr/5.4.0/avr51\libgcc.a(_clear_bss.o)
 .text.libgcc.mul
                0x00000000        0x0 c:/program files (x86)/atmel/studio/7.0/toolchain/avr8/avr8-gnu-toolchain/bin/../lib/gcc/avr/5.4.0/avr51\libgcc.a(_clear_bss.o)
 .text.libgcc.div
                0x00000000        0x0 c:/program files (x86)/atmel/studio/7.0/toolchain/avr8/avr8-gnu-toolchain/bin/../lib/gcc/avr/5.4.0/avr51\libgcc.a(_clear_bss.o)
 .text.libgcc   0x00000000        0x0 c:/program files (x86)/atmel/studio/7.0/toolchain/avr8/avr8-gnu-toolchain/bin/../lib/gcc/avr/5.4.0/avr51\libgcc.a(_clear_bss.o)
 .text.libgcc.prologue
                0x00000000        0x0 c:/program files (x86)/atmel/studio/7.0/toolchain/avr8/avr8-gnu-toolchain/bin/../lib/gcc/avr/5.4.0/avr51\libgcc.a(_clear_bss.o)
 .text.libgcc.builtins
                0x00000000        0x0 c:/program files (x86)/atmel/studio/7.0/toolchain/avr8/avr8-gnu-toolchain/bin/../lib/gcc/avr/5.4.0/avr51\libgcc.a(_clear_bss.o)
 .text.libgcc.fmul
                0x00000000        0x0 c:/program files (x86)/atmel/studio/7.0/toolchain/avr8/avr8-gnu-toolchain/bin/../lib/gcc/avr/5.4.0/avr51\libgcc.a(_clear_bss.o)
 .text.libgcc.fixed
                0x00000000        0x0 c:/program files (x86)/atmel/studio/7.0/toolchain/avr8/avr8-gnu-toolchain/bin/../lib/gcc/avr/5.4.0/avr51\libgcc.a(_clear_bss.o)
 .text          0x00000000        0x0 c:/program files (x86)/atmel/studio/7.0/toolchain/avr8/avr8-gnu-toolchain/bin/../lib/gcc/avr/5.4.0/avr51\libgcc.a(_bswapsi2.o)
 .data          0x00000000        0x0 c:/program files (x86)/atmel/studio/7.0/toolchain/avr8/avr8-gnu-toolchain/bin/../lib/gcc/avr/5.4.0/avr51\libgcc.a(_bswapsi2.o)
 .bss           0x00000000        0x0 c:/program files (x86)/atmel/studio/7.0/toolchain/avr8/avr8-gnu-toolchain/bin/../lib/gcc/avr/5.4.0/avr51\libgcc.a(_bswapsi2.o)
 .text.libgcc.mul
                0x00000000        0x0 c:/program files (x86)/atmel/studio/7.0/toolchain/avr8/avr8-gnu-toolchain/bin/../lib/gcc/avr/5.4.0/avr51\libgcc.a(_bswapsi2.o)
 .text.libgcc.div
                0x00000000        0x0 c:/program files (x86)/atmel/studio/7.0/toolchain/avr8/avr8-gnu-toolchain/bin/../lib/gcc/avr/5.4.0/avr51\libgcc.a(_bswapsi2.o)
 .text.libgcc   0x00000000        0x0 c:/program files (x86)/atmel/studio/7.0/toolchain/avr8/avr8-gnu-toolchain/bin/../lib/gcc/avr/5.4.0/avr51\libgcc.a(_bswapsi2.o)
 .text.libgcc.prologue
                0x00000000        0x0 c:/program files (x86)/atmel/studio/7.0/toolchain/avr8/avr8-gnu-toolchain/bin/../lib/gcc/avr/5.4.0/avr51\libgcc.a(_bswapsi2.o)
 .text.libgcc.builtins
                0x00000000        0xe c:/program files (x86)/atmel/studio/7.0/toolchain/avr8/avr8-gnu-toolchain/bin/../lib/gcc/avr/5.4.0/avr51\libgcc.a(_bswapsi2.o)
 .text.libgcc.fmul
                0x00000000        0x0 c:/program files (x86)/atmel/studio/7.0/toolchain/avr8/avr8-gnu-toolchain/bin/../lib/gcc/avr/5.4.0/avr51\libgcc.a(_bswapsi2.o)
 .text.libgcc.fixed
                0x00000000        0x0 c:/program files (x86)/atmel/studio/7.0/toolchain/avr8/avr8-gnu-toolchain/bin/../lib/gcc/avr/5.4.0/avr51\libgcc.a(_bswapsi2.o)
 .text          0x00000000        0x0 c:/program files (x86)/atmel/studio/7.0/toolchain/avr8/avr8-gnu-toolchain/bin/../lib/gcc/avr/5.4.0/avr51\libgcc.a(_umulhisi3.o)
 .data          0x00000000        0x0 c:/program files (x86)/atmel/studio/7.0/toolchain/avr8/avr8-gnu-toolchain/bin/../lib/gcc/avr/5.4.0/avr51\libgcc.a(_umulhisi3.o)
 .bss           0x00000000        0x0 c:/program files (x86)/atmel/studio/7.0/toolchain/avr8/avr8-gnu-toolchain/bin/../lib/gcc/avr/5.4.0/avr51\libgcc.a(_umulhisi3.o)
 .text.libgcc.mul
                0x00000000       0x1e c:/program files (x86)/atmel/studio/7.0/toolchain/avr8/avr8-gnu-toolchain/bin/../lib/gcc/avr/5.4.0/avr51\libgcc.a(_umulhisi3.o)
 .text.libgcc.div
                0x00000000        0x0 c:/program files (x86)/atmel/studio/7.0/toolchain/avr8/avr8-gnu-toolchain/bin/../lib/gcc/avr/5.4.0/avr51\libgcc.a(_umulhisi3.o)
 .text.libgcc   0x00000000        0x0 c:/program files (x86)/atmel/studio/7.0/toolchain/avr8/avr8-gnu-toolchain/bin/../lib/gcc/avr/5.4.0/avr51\libgcc.a(_umulhisi3.o)
 .text.libgcc.prologue
                0x00000000        0x0 c:/program files (x86)/atmel/studio/7.0/toolchain/avr8/avr8-gnu-toolchain/bin/../lib/gcc/avr/5.4.0/avr51\libgcc.a(_umulhisi3.o)
 .text.libgcc.builtins
                0x00000000        0x0 c:/program files (x86)/atmel/studio/7.0/toolchain/avr8/avr8-gnu-toolchain/bin/../lib/gcc/avr/5.4.0/avr51\libgcc.a(_umulhisi3.o)
 .text.libgcc.fmul
                0x00000000        0x0 c:/program files (x86)/atmel/studio/7.0/toolchain/avr8/avr8-gnu-toolchain/bin/../lib/gcc/avr/5.4.0/avr51\libgcc.a(_umulhisi3.o)
 .text.libgcc.fixed
                0x00000000        0x0 c:/program files (x86)/atmel/studio/7.0/toolchain/avr8/avr8-gnu-toolchain/bin/../lib/gcc/avr/5.4.0/avr51\libgcc.a(_umulhisi3.o)
 .text          0x00000000        0x0 c:/program files (x86)/atmel/studio/7.0/toolchain/avr8/avr8-gnu-toolchain/bin/../lib/gcc/avr/5.4.0/avr51\libgcc.a(_muluhisi3.o)
 .data          0x00000000        0x0 c:/program files (x86)/atmel/studio/7.0/toolchain/avr8/avr8-gnu-toolchain/bin/../lib/gcc/avr/5.4.0/avr51\libgcc.a(_muluhisi3.o)
 .bss           0x00000000        0x0 c:/program files (x86)/atmel/studio/7.0/toolchain/avr8/avr8-gnu-toolchain/bin/../lib/gcc/avr/5.4.0/avr51\libgcc.a(_muluhisi3.o)
 .text.libgcc.mul
                0x00000000       0x16 c:/program files (x86)/atmel/studio/7.0/toolchain/avr8/avr8-gnu-toolchain/bin/../lib/gcc/avr/5.4.0/avr51\libgcc.a(_muluhisi3.o)
 .text.libgcc.div
                0x00000000        0x0 c:/program files (x86)/atmel/studio/7.0/toolchain/avr8/avr8-gnu-toolchain/bin/../lib/gcc/avr/5.4.0/avr51\libgcc.a(_muluhisi3.o)
 .text.libgcc   0x00000000        0x0 c:/program files (x86)/atmel/studio/7.0/toolchain/avr8/avr8-gnu-toolchain/bin/../lib/gcc/avr/5.4.0/avr51\libgcc.a(_muluhisi3.o)
 .text.libgcc.prologue
                0x00000000        0x0 c:/program files (x86)/atmel/studio/7.0/toolchain/avr8/avr8-gnu-toolchain/bin/../lib/gcc/avr/5.4.0/avr51\libgcc.a(_muluhisi3.o)
 .text.libgcc.builtins
                0x00000000        0x0 c:/program files (x86)/atmel/studio/7.0/toolchain/avr8/avr8-gnu-toolchain/bin/../lib/gcc/avr/5.4.0/avr51\libgcc.a(_muluhisi3.o)
 .text.libgcc.fmul
                0x00000000        0x0 c:/program files (x86)/atmel/studio/7.0/toolchain/avr8/avr8-gnu-toolchain/bin/../lib/gcc/avr/5.4.0/avr51\libgcc.a(_muluhisi3.o)
 .text.libgcc.fixed
                0x00000000        0x0 c:/program files (x86)/atmel/studio/7.0/toolchain/avr8/avr8-gnu-toolchain/bin/../lib/gcc/avr/5.4.0/avr51\libgcc.a(_muluhisi3.o)

Memory Configuration

Name             Origin             Length             Attributes
text             0x00000000         0x00020000         xr
data             0x00800100         0x00001000         rw !x
eeprom           0x00810000         0x00001000         rw !x
fuse             0x00820000         0x00000003         rw !x
lock             0x00830000         0x00000400         rw !x
signature        0x00840000         0x00000400         rw !x
user_signatures  0x00850000         0x00000400         rw !x
*default*        0x00000000         0xffffffff

Linker script and memory map

Address of section .data set to 0x800100
LOAD C:/Program Files (x86)/Atmel/Studio/7.0/Packs/atmel/ATmega_DFP/1.7.374/gcc/dev/atmega128/avr51/crtatmega128.o
LOAD App/Application File.o
LOAD Config/DIO_Config.o
LOAD Config/EXI_Config.o
LOAD Config/KEYPAD_Config.o
LOAD Config/UART_Config.o
LOAD HAL/GLCD_ST7920/GLCD_ST7920.o
LOAD HAL/HX711_interface.o
LOAD HAL/HX711_LoadCell/HX711_Load_Cell.o
LOAD HAL/KEYPAD_int.o
LOAD HAL/LCD_int.o
LOAD HAL/LCD_Private.o
LOAD HAL/MOTOR_Interface.o
LOAD HAL/RGB.o
LOAD HAL/SegmentDispaly.o
LOAD HAL/Sensors_int.o
LOAD HAL/SERVO_int.o
LOAD HAL/Ultrasoinc.o
LOAD main.o
LOAD MCAL/ADC_int.o
LOAD MCAL/DIO.o
LOAD MCAL/Ex_int.o
LOAD MCAL/SPI.o
LOAD MCAL/Timers.o
LOAD MCAL/UART.o
LOAD MCAL/UART_Services.o
START GROUP
LOAD c:/program files (x86)/atmel/studio/7.0/toolchain/avr8/avr8-gnu-toolchain/bin/../lib/gcc/avr/5.4.0/../../../../avr/lib/avr51\libm.a
END GROUP
START GROUP
LOAD c:/program files (x86)/atmel/studio/7.0/toolchain/avr8/avr8-gnu-toolchain/bin/../lib/gcc/avr/5.4.0/avr51\libgcc.a
LOAD c:/program files (x86)/atmel/studio/7.0/toolchain/avr8/avr8-gnu-toolchain/bin/../lib/gcc/avr/5.4.0/../../../../avr/lib/avr51\libm.a
LOAD c:/program files (x86)/atmel/studio/7.0/toolchain/avr8/avr8-gnu-toolchain/bin/../lib/gcc/avr/5.4.0/../../../../avr/lib/avr51\libc.a
LOAD C:/Program Files (x86)/Atmel/Studio/7.0/Packs/atmel/ATmega_DFP/1.7.374/gcc/dev/atmega128/avr51\libatmega128.a
END GROUP
                0x00000000                __TEXT_REGION_ORIGIN__ = DEFINED (__TEXT_REGION_ORIGIN__)?__TEXT_REGION_ORIGIN__:0x0
                [0x00800100]                __DATA_REGION_ORIGIN__ = DEFINED (__DATA_REGION_ORIGIN__)?__DATA_REGION_ORIGIN__:0x800100
                [0x00020000]                __TEXT_REGION_LENGTH__ = DEFINED (__TEXT_REGION_LENGTH__)?__TEXT_REGION_LENGTH__:0x20000
                [0x00001000]                __DATA_REGION_LENGTH__ = DEFINED (__DATA_REGION_LENGTH__)?__DATA_REGION_LENGTH__:0xff00
                [0x00001000]                __EEPROM_REGION_LENGTH__ = DEFINED (__EEPROM_REGION_LENGTH__)?__EEPROM_REGION_LENGTH__:0x10000
                [0x00000003]                __FUSE_REGION_LENGTH__ = DEFINED (__FUSE_REGION_LENGTH__)?__FUSE_REGION_LENGTH__:0x400
                0x00000400                __LOCK_REGION_LENGTH__ = DEFINED (__LOCK_REGION_LENGTH__)?__LOCK_REGION_LENGTH__:0x400
                0x00000400                __SIGNATURE_REGION_LENGTH__ = DEFINED (__SIGNATURE_REGION_LENGTH__)?__SIGNATURE_REGION_LENGTH__:0x400
                0x00000400                __USER_SIGNATURE_REGION_LENGTH__ = DEFINED (__USER_SIGNATURE_REGION_LENGTH__)?__USER_SIGNATURE_REGION_LENGTH__:0x400

.hash
 *(.hash)

.dynsym
 *(.dynsym)

.dynstr
 *(.dynstr)

.gnu.version
 *(.gnu.version)

.gnu.version_d
 *(.gnu.version_d)

.gnu.version_r
 *(.gnu.version_r)

.rel.init
 *(.rel.init)

.rela.init
 *(.rela.init)

.rel.text
 *(.rel.text)
 *(.rel.text.*)
 *(.rel.gnu.linkonce.t*)

.rela.text
 *(.rela.text)
 *(.rela.text.*)
 *(.rela.gnu.linkonce.t*)

.rel.fini
 *(.rel.fini)

.rela.fini
 *(.rela.fini)

.rel.rodata
 *(.rel.rodata)
 *(.rel.rodata.*)
 *(.rel.gnu.linkonce.r*)

.rela.rodata
 *(.rela.rodata)
 *(.rela.rodata.*)
 *(.rela.gnu.linkonce.r*)

.rel.data
 *(.rel.data)
 *(.rel.data.*)
 *(.rel.gnu.linkonce.d*)

.rela.data
 *(.rela.data)
 *(.rela.data.*)
 *(.rela.gnu.linkonce.d*)

.rel.ctors
 *(.rel.ctors)

.rela.ctors
 *(.rela.ctors)

.rel.dtors
 *(.rel.dtors)

.rela.dtors
 *(.rela.dtors)

.rel.got
 *(.rel.got)

.rela.got
 *(.rela.got)

.rel.bss
 *(.rel.bss)

.rela.bss
 *(.rela.bss)

.rel.plt
 *(.rel.plt)

.rela.plt
 *(.rela.plt)

.text           0x00000000     0x1d3a
 *(.vectors)
 .vectors       0x00000000       0x8c C:/Program Files (x86)/Atmel/Studio/7.0/Packs/atmel/ATmega_DFP/1.7.374/gcc/dev/atmega128/avr51/crtatmega128.o
                0x00000000                __vector_default
                0x00000000                __vectors
 *(.vectors)
 *(.progmem.gcc*)
 .progmem.gcc_sw_table.DIO_initPin1
                0x0000008c       0x2a MCAL/DIO.o
 .progmem.gcc_sw_table.DIO_WritePin1
                0x000000b6       0x1c MCAL/DIO.o
 .progmem.gcc_sw_table.DIO_ReadPin1
                0x000000d2        0xe MCAL/DIO.o
 .progmem.gcc_sw_table.EXI_Enable
                0x000000e0       0x10 MCAL/Ex_int.o
 .progmem.gcc_sw_table.EXI_TriggerEdge
                0x000000f0       0x10 MCAL/Ex_int.o
                0x00000100                . = ALIGN (0x2)
                0x00000100                __trampolines_start = .
 *(.trampolines)
 .trampolines   0x00000100        0x0 linker stubs
 *(.trampolines*)
                0x00000100                __trampolines_end = .
 *libprintf_flt.a:*(.progmem.data)
 *libc.a:*(.progmem.data)
 *(.progmem*)
                0x00000100                . = ALIGN (0x2)
 *(.jumptables)
 *(.jumptables*)
 *(.lowtext)
 *(.lowtext*)
                0x00000100                __ctors_start = .
 *(.ctors)
                0x00000100                __ctors_end = .
                0x00000100                __dtors_start = .
 *(.dtors)
                0x00000100                __dtors_end = .
 SORT(*)(.ctors)
 SORT(*)(.dtors)
 *(.init0)
 .init0         0x00000100        0x0 C:/Program Files (x86)/Atmel/Studio/7.0/Packs/atmel/ATmega_DFP/1.7.374/gcc/dev/atmega128/avr51/crtatmega128.o
                0x00000100                __init
 *(.init0)
 *(.init1)
 *(.init1)
 *(.init2)
 .init2         0x00000100        0xc C:/Program Files (x86)/Atmel/Studio/7.0/Packs/atmel/ATmega_DFP/1.7.374/gcc/dev/atmega128/avr51/crtatmega128.o
 *(.init2)
 *(.init3)
 *(.init3)
 *(.init4)
 .init4         0x0000010c       0x1a c:/program files (x86)/atmel/studio/7.0/toolchain/avr8/avr8-gnu-toolchain/bin/../lib/gcc/avr/5.4.0/avr51\libgcc.a(_copy_data.o)
                0x0000010c                __do_copy_data
 .init4         0x00000126       0x10 c:/program files (x86)/atmel/studio/7.0/toolchain/avr8/avr8-gnu-toolchain/bin/../lib/gcc/avr/5.4.0/avr51\libgcc.a(_clear_bss.o)
                0x00000126                __do_clear_bss
 *(.init4)
 *(.init5)
 *(.init5)
 *(.init6)
 *(.init6)
 *(.init7)
 *(.init7)
 *(.init8)
 *(.init8)
 *(.init9)
 .init9         0x00000136        0x6 C:/Program Files (x86)/Atmel/Studio/7.0/Packs/atmel/ATmega_DFP/1.7.374/gcc/dev/atmega128/avr51/crtatmega128.o
 *(.init9)
 *(.text)
 .text          0x0000013c        0x2 C:/Program Files (x86)/Atmel/Studio/7.0/Packs/atmel/ATmega_DFP/1.7.374/gcc/dev/atmega128/avr51/crtatmega128.o
                0x0000013c                __vector_22
                0x0000013c                __vector_28
                0x0000013c                __vector_32
                0x0000013c                __vector_34
                0x0000013c                __vector_24
                0x0000013c                __vector_12
                0x0000013c                __bad_interrupt
                0x0000013c                __vector_31
                0x0000013c                __vector_3
                0x0000013c                __vector_23
                0x0000013c                __vector_30
                0x0000013c                __vector_25
                0x0000013c                __vector_11
                0x0000013c                __vector_17
                0x0000013c                __vector_19
                0x0000013c                __vector_27
                0x0000013c                __vector_5
                0x0000013c                __vector_33
                0x0000013c                __vector_4
                0x0000013c                __vector_2
                0x0000013c                __vector_21
                0x0000013c                __vector_29
                0x0000013c                __vector_26
                0x0000013c                __vector_14
                0x0000013c                __vector_10
                0x0000013c                __vector_16
                0x0000013c                __vector_18
                0x0000013c                __vector_20
                0x0000013e                . = ALIGN (0x2)
 *(.text.*)
 .text.setup    0x0000013e       0x50 App/Application File.o
                0x0000013e                setup
 .text.normalCountSpecies
                0x0000018e      0x118 App/Application File.o
                0x0000018e                normalCountSpecies
 .text.detectStrangeSpecies
                0x000002a6       0xec App/Application File.o
                0x000002a6                detectStrangeSpecies
 .text.systemRunnable
                0x00000392      0x198 App/Application File.o
                0x00000392                systemRunnable
 .text.__vector_1
                0x0000052a       0x18 App/Application File.o
                0x0000052a                __vector_1
 .text.init_pins
                0x00000542       0x32 HAL/GLCD_ST7920/GLCD_ST7920.o
                0x00000542                init_pins
 .text.GLCD_SPI_SendData
                0x00000574       0x50 HAL/GLCD_ST7920/GLCD_ST7920.o
                0x00000574                GLCD_SPI_SendData
 .text.GLCD_ST7920_SendCommand
                0x000005c4       0x30 HAL/GLCD_ST7920/GLCD_ST7920.o
                0x000005c4                GLCD_ST7920_SendCommand
 .text.GLCD_ST7920_SendData
                0x000005f4       0x30 HAL/GLCD_ST7920/GLCD_ST7920.o
                0x000005f4                GLCD_ST7920_SendData
 .text.GLCD_ST7920_init
                0x00000624       0xb4 HAL/GLCD_ST7920/GLCD_ST7920.o
                0x00000624                GLCD_ST7920_init
 .text.GLCD_ST7920_ClearArea
                0x000006d8       0x40 HAL/GLCD_ST7920/GLCD_ST7920.o
                0x000006d8                GLCD_ST7920_ClearArea
 .text.GLCD_ST7920_SendString
                0x00000718       0x4c HAL/GLCD_ST7920/GLCD_ST7920.o
                0x00000718                GLCD_ST7920_SendString
 .text.GLCD_ST7920_WriteNumber
                0x00000764       0x4c HAL/GLCD_ST7920/GLCD_ST7920.o
                0x00000764                GLCD_ST7920_WriteNumber
 .text.GLCD_ST7920_WriteFloatNumber
                0x000007b0       0x54 HAL/GLCD_ST7920/GLCD_ST7920.o
                0x000007b0                GLCD_ST7920_WriteFloatNumber
 .text.GLCD_ST7920_Clear
                0x00000804       0x5e HAL/GLCD_ST7920/GLCD_ST7920.o
                0x00000804                GLCD_ST7920_Clear
 .text.HX711_Read
                0x00000862       0x7a HAL/HX711_LoadCell/HX711_Load_Cell.o
                0x00000862                HX711_Read
 .text.HX711_Calibrate
                0x000008dc       0xd2 HAL/HX711_LoadCell/HX711_Load_Cell.o
                0x000008dc                HX711_Calibrate
 .text.HX711_WeightRead
                0x000009ae      0x112 HAL/HX711_LoadCell/HX711_Load_Cell.o
                0x000009ae                HX711_WeightRead
 .text.write_instruction
                0x00000ac0       0xa6 HAL/LCD_int.o
                0x00000ac0                write_instruction
 .text.LCD_Init
                0x00000b66       0x32 HAL/LCD_int.o
                0x00000b66                LCD_Init
 .text.string_len
                0x00000b98       0x16 HAL/LCD_Private.o
                0x00000b98                string_len
 .text.reverseString
                0x00000bae       0x36 HAL/LCD_Private.o
                0x00000bae                reverseString
 .text.intoString
                0x00000be4       0xde HAL/LCD_Private.o
                0x00000be4                intoString
 .text.floatToString
                0x00000cc2       0xda HAL/LCD_Private.o
                0x00000cc2                floatToString
 .text.startup.main
                0x00000d9c        0x6 main.o
                0x00000d9c                main
 .text.DIO_initPin1
                0x00000da2      0x348 MCAL/DIO.o
                0x00000da2                DIO_initPin1
 .text.DIO_init
                0x000010ea       0x24 MCAL/DIO.o
                0x000010ea                DIO_init
 .text.DIO_WritePin1
                0x0000110e      0x1b4 MCAL/DIO.o
                0x0000110e                DIO_WritePin1
 .text.DIO_ReadPin1
                0x000012c2       0x4e MCAL/DIO.o
                0x000012c2                DIO_ReadPin1
 .text.EXI_Enable
                0x00001310       0x34 MCAL/Ex_int.o
                0x00001310                EXI_Enable
 .text.EXI_TriggerEdge
                0x00001344      0x1a0 MCAL/Ex_int.o
                0x00001344                EXI_TriggerEdge
 .text.EXI_init
                0x000014e4       0x30 MCAL/Ex_int.o
                0x000014e4                EXI_init
 .text.__vector_9
                0x00001514       0x5a MCAL/Timers.o
                0x00001514                __vector_9
 .text.__vector_7
                0x0000156e       0x5a MCAL/Timers.o
                0x0000156e                __vector_7
 .text.__vector_8
                0x000015c8       0x5a MCAL/Timers.o
                0x000015c8                __vector_8
 .text.__vector_6
                0x00001622       0x5a MCAL/Timers.o
                0x00001622                __vector_6
 .text.UART_Init
                0x0000167c       0xec MCAL/UART.o
                0x0000167c                UART_Init
 .text.UART_Transmit
                0x00001768       0x1e MCAL/UART.o
                0x00001768                UART_Transmit
 .text.__vector_13
                0x00001786       0x5c MCAL/UART.o
                0x00001786                __vector_13
 .text.__vector_15
                0x000017e2       0x5c MCAL/UART.o
                0x000017e2                __vector_15
 .text.UART_TransmitString
                0x0000183e       0x34 MCAL/UART_Services.o
                0x0000183e                UART_TransmitString
 .text.avr-libc.fplib
                0x00001872        0xa c:/program files (x86)/atmel/studio/7.0/toolchain/avr8/avr8-gnu-toolchain/bin/../lib/gcc/avr/5.4.0/../../../../avr/lib/avr51\libm.a(addsf3.o)
                0x00001872                __subsf3
                0x00001874                __addsf3
 .text.avr-libc.fplib
                0x0000187c       0xc0 c:/program files (x86)/atmel/studio/7.0/toolchain/avr8/avr8-gnu-toolchain/bin/../lib/gcc/avr/5.4.0/../../../../avr/lib/avr51\libm.a(addsf3x.o)
                0x00001896                __addsf3x
 .text.avr-libc.fplib
                0x0000193c        0x8 c:/program files (x86)/atmel/studio/7.0/toolchain/avr8/avr8-gnu-toolchain/bin/../lib/gcc/avr/5.4.0/../../../../avr/lib/avr51\libm.a(cmpsf2.o)
                0x0000193c                __nesf2
                0x0000193c                __eqsf2
                0x0000193c                __cmpsf2
                0x0000193c                __ltsf2
                0x0000193c                __lesf2
 .text.avr-libc.fplib
                0x00001944        0x4 c:/program files (x86)/atmel/studio/7.0/toolchain/avr8/avr8-gnu-toolchain/bin/../lib/gcc/avr/5.4.0/../../../../avr/lib/avr51\libm.a(divsf3.o)
                0x00001944                __divsf3
 .text.avr-libc.fplib
                0x00001948       0xcc c:/program files (x86)/atmel/studio/7.0/toolchain/avr8/avr8-gnu-toolchain/bin/../lib/gcc/avr/5.4.0/../../../../avr/lib/avr51\libm.a(divsf3x.o)
                0x0000195e                __divsf3x
                0x00001962                __divsf3_pse
 .text.avr-libc.fplib
                0x00001a14        0xa c:/program files (x86)/atmel/studio/7.0/toolchain/avr8/avr8-gnu-toolchain/bin/../lib/gcc/avr/5.4.0/../../../../avr/lib/avr51\libm.a(fixsfsi.o)
                0x00001a14                __fixsfsi
 .text.avr-libc.fplib
                0x00001a1e       0x58 c:/program files (x86)/atmel/studio/7.0/toolchain/avr8/avr8-gnu-toolchain/bin/../lib/gcc/avr/5.4.0/../../../../avr/lib/avr51\libm.a(fixunssfsi.o)
                0x00001a1e                __fixunssfsi
 .text.avr-libc.fplib
                0x00001a76       0x7a c:/program files (x86)/atmel/studio/7.0/toolchain/avr8/avr8-gnu-toolchain/bin/../lib/gcc/avr/5.4.0/../../../../avr/lib/avr51\libm.a(floatsisf.o)
                0x00001a76                __floatunsisf
                0x00001a7a                __floatsisf
 .text.avr-libc.fplib
                0x00001af0       0x48 c:/program files (x86)/atmel/studio/7.0/toolchain/avr8/avr8-gnu-toolchain/bin/../lib/gcc/avr/5.4.0/../../../../avr/lib/avr51\libm.a(fp_cmp.o)
                0x00001af0                __fp_cmp
 .text.avr-libc.fplib
                0x00001b38        0xc c:/program files (x86)/atmel/studio/7.0/toolchain/avr8/avr8-gnu-toolchain/bin/../lib/gcc/avr/5.4.0/../../../../avr/lib/avr51\libm.a(fp_inf.o)
                0x00001b38                __fp_inf
 .text.avr-libc.fplib
                0x00001b44        0x6 c:/program files (x86)/atmel/studio/7.0/toolchain/avr8/avr8-gnu-toolchain/bin/../lib/gcc/avr/5.4.0/../../../../avr/lib/avr51\libm.a(fp_nan.o)
                0x00001b44                __fp_nan
 .text.avr-libc.fplib
                0x00001b4a        0xe c:/program files (x86)/atmel/studio/7.0/toolchain/avr8/avr8-gnu-toolchain/bin/../lib/gcc/avr/5.4.0/../../../../avr/lib/avr51\libm.a(fp_pscA.o)
                0x00001b4a                __fp_pscA
 .text.avr-libc.fplib
                0x00001b58        0xe c:/program files (x86)/atmel/studio/7.0/toolchain/avr8/avr8-gnu-toolchain/bin/../lib/gcc/avr/5.4.0/../../../../avr/lib/avr51\libm.a(fp_pscB.o)
                0x00001b58                __fp_pscB
 .text.avr-libc.fplib
                0x00001b66       0x22 c:/program files (x86)/atmel/studio/7.0/toolchain/avr8/avr8-gnu-toolchain/bin/../lib/gcc/avr/5.4.0/../../../../avr/lib/avr51\libm.a(fp_round.o)
                0x00001b66                __fp_round
 .text.avr-libc.fplib
                0x00001b88       0x44 c:/program files (x86)/atmel/studio/7.0/toolchain/avr8/avr8-gnu-toolchain/bin/../lib/gcc/avr/5.4.0/../../../../avr/lib/avr51\libm.a(fp_split3.o)
                0x00001b88                __fp_split3
                0x00001b98                __fp_splitA
 .text.avr-libc.fplib
                0x00001bcc        0xe c:/program files (x86)/atmel/studio/7.0/toolchain/avr8/avr8-gnu-toolchain/bin/../lib/gcc/avr/5.4.0/../../../../avr/lib/avr51\libm.a(fp_zero.o)
                0x00001bcc                __fp_zero
                0x00001bce                __fp_szero
 .text.avr-libc.fplib
                0x00001bda        0x8 c:/program files (x86)/atmel/studio/7.0/toolchain/avr8/avr8-gnu-toolchain/bin/../lib/gcc/avr/5.4.0/../../../../avr/lib/avr51\libm.a(gesf2.o)
                0x00001bda                __gesf2
                0x00001bda                __gtsf2
 .text.avr-libc.fplib
                0x00001be2        0x4 c:/program files (x86)/atmel/studio/7.0/toolchain/avr8/avr8-gnu-toolchain/bin/../lib/gcc/avr/5.4.0/../../../../avr/lib/avr51\libm.a(mulsf3.o)
                0x00001be2                __mulsf3
 .text.avr-libc.fplib
                0x00001be6       0xc2 c:/program files (x86)/atmel/studio/7.0/toolchain/avr8/avr8-gnu-toolchain/bin/../lib/gcc/avr/5.4.0/../../../../avr/lib/avr51\libm.a(mulsf3x.o)
                0x00001bfa                __mulsf3x
                0x00001bfe                __mulsf3_pse
 .text.libgcc.div
                0x00001ca8       0x44 c:/program files (x86)/atmel/studio/7.0/toolchain/avr8/avr8-gnu-toolchain/bin/../lib/gcc/avr/5.4.0/avr51\libgcc.a(_udivmodsi4.o)
                0x00001ca8                __udivmodsi4
 .text.libgcc.div
                0x00001cec       0x28 c:/program files (x86)/atmel/studio/7.0/toolchain/avr8/avr8-gnu-toolchain/bin/../lib/gcc/avr/5.4.0/avr51\libgcc.a(_divmodsi4.o)
                0x00001cec                __divmodsi4
 .text.libgcc.div
                0x00001d14       0x10 c:/program files (x86)/atmel/studio/7.0/toolchain/avr8/avr8-gnu-toolchain/bin/../lib/gcc/avr/5.4.0/avr51\libgcc.a(_negsi2.o)
                0x00001d14                __negsi2
 .text.libgcc   0x00001d24       0x12 c:/program files (x86)/atmel/studio/7.0/toolchain/avr8/avr8-gnu-toolchain/bin/../lib/gcc/avr/5.4.0/avr51\libgcc.a(_tablejump2.o)
                0x00001d24                __tablejump2__
                0x00001d36                . = ALIGN (0x2)
 *(.fini9)
 .fini9         0x00001d36        0x0 c:/program files (x86)/atmel/studio/7.0/toolchain/avr8/avr8-gnu-toolchain/bin/../lib/gcc/avr/5.4.0/avr51\libgcc.a(_exit.o)
                0x00001d36                _exit
                0x00001d36                exit
 *(.fini9)
 *(.fini8)
 *(.fini8)
 *(.fini7)
 *(.fini7)
 *(.fini6)
 *(.fini6)
 *(.fini5)
 *(.fini5)
 *(.fini4)
 *(.fini4)
 *(.fini3)
 *(.fini3)
 *(.fini2)
 *(.fini2)
 *(.fini1)
 *(.fini1)
 *(.fini0)
 .fini0         0x00001d36        0x4 c:/program files (x86)/atmel/studio/7.0/toolchain/avr8/avr8-gnu-toolchain/bin/../lib/gcc/avr/5.4.0/avr51\libgcc.a(_exit.o)
 *(.fini0)
                0x00001d3a                _etext = .

.data           0x00800100       0xb4 load address 0x00001d3a
                0x00800100                PROVIDE (__data_start, .)
 *(.data)
 *(.data*)
 .data.avgSpecies
                0x00800100        0x4 App/Application File.o
                0x00800100                avgSpecies
 .data.decimalPlaces
                0x00800104        0x1 App/Application File.o
                0x00800104                decimalPlaces
 .data.exitFlag
                0x00800105        0x1 App/Application File.o
                0x00800105                exitFlag
 .data.Val      0x00800106        0x4 HAL/HX711_LoadCell/HX711_Load_Cell.o
 .data.UART_TX_Fptr
                0x0080010a        0x2 MCAL/UART.o
 .data.UART_RX_Fptr
                0x0080010c        0x2 MCAL/UART.o
 *(.gnu.linkonce.d*)
 *(.rodata)
 *(.rodata*)
 .rodata.str1.1
                0x0080010e       0x3f App/Application File.o
 .rodata.DIO_PinsStatusArr
                0x0080014d       0x32 Config/DIO_Config.o
                0x0080014d                DIO_PinsStatusArr
 .rodata.str1.1
                0x0080017f       0x35 HAL/HX711_LoadCell/HX711_Load_Cell.o
 *(.gnu.linkonce.r*)
                0x008001b4                . = ALIGN (0x2)
                0x008001b4                _edata = .
                0x008001b4                PROVIDE (__data_end, .)

.bss            0x008001b4      0x42d
                0x008001b4                PROVIDE (__bss_start, .)
 *(.bss)
 *(.bss*)
 .bss.totalCounts
                0x008001b4        0x2 App/Application File.o
                0x008001b4                totalCounts
 .bss.Strange_Spec_Count
                0x008001b6        0x2 App/Application File.o
                0x008001b6                Strange_Spec_Count
 .bss.tempCountAvg
                0x008001b8        0x2 App/Application File.o
                0x008001b8                tempCountAvg
 .bss.countAvg  0x008001ba        0x2 App/Application File.o
                0x008001ba                countAvg
 .bss.Graphic_Check
                0x008001bc        0x1 HAL/GLCD_ST7920/GLCD_ST7920.o
                0x008001bc                Graphic_Check
 .bss.Count     0x008001bd        0x4 HAL/HX711_LoadCell/HX711_Load_Cell.o
 .bss.Sample    0x008001c1        0x4 HAL/HX711_LoadCell/HX711_Load_Cell.o
 .bss.Timer1_ICU_Fptr
                0x008001c5        0x2 MCAL/Timers.o
 .bss.Timer1_OCB_Fptr
                0x008001c7        0x2 MCAL/Timers.o
 .bss.Timer1_OCA_Fptr
                0x008001c9        0x2 MCAL/Timers.o
 .bss.Timer1_OVF_Fptr
                0x008001cb        0x2 MCAL/Timers.o
 *(COMMON)
 COMMON         0x008001cd      0x414 App/Application File.o
                0x008001cd                buffer
                0x008001dd                graphicsBuffer
                0x008005dd                weight
                0x008005e1                PROVIDE (__bss_end, .)
                0x00001d3a                __data_load_start = LOADADDR (.data)
                0x00001dee                __data_load_end = (__data_load_start + SIZEOF (.data))

.noinit         0x008005e1        0x0
                [!provide]                PROVIDE (__noinit_start, .)
 *(.noinit*)
                [!provide]                PROVIDE (__noinit_end, .)
                0x008005e1                _end = .
                [!provide]                PROVIDE (__heap_start, .)

.eeprom         0x00810000        0x0
 *(.eeprom*)
                0x00810000                __eeprom_end = .

.fuse
 *(.fuse)
 *(.lfuse)
 *(.hfuse)
 *(.efuse)

.lock
 *(.lock*)

.signature
 *(.signature*)

.user_signatures
 *(.user_signatures*)

.stab
 *(.stab)

.stabstr
 *(.stabstr)

.stab.excl
 *(.stab.excl)

.stab.exclstr
 *(.stab.exclstr)

.stab.index
 *(.stab.index)

.stab.indexstr
 *(.stab.indexstr)

.comment        0x00000000       0x30
 *(.comment)
 .comment       0x00000000       0x30 App/Application File.o
                                 0x31 (size before relaxing)
 .comment       0x00000030       0x31 Config/DIO_Config.o
 .comment       0x00000030       0x31 HAL/GLCD_ST7920/GLCD_ST7920.o
 .comment       0x00000030       0x31 HAL/HX711_LoadCell/HX711_Load_Cell.o
 .comment       0x00000030       0x31 HAL/LCD_int.o
 .comment       0x00000030       0x31 HAL/LCD_Private.o
 .comment       0x00000030       0x31 main.o
 .comment       0x00000030       0x31 MCAL/DIO.o
 .comment       0x00000030       0x31 MCAL/Ex_int.o
 .comment       0x00000030       0x31 MCAL/Timers.o
 .comment       0x00000030       0x31 MCAL/UART.o
 .comment       0x00000030       0x31 MCAL/UART_Services.o

.note.gnu.avr.deviceinfo
                0x00000000       0x3c
 .note.gnu.avr.deviceinfo
                0x00000000       0x3c C:/Program Files (x86)/Atmel/Studio/7.0/Packs/atmel/ATmega_DFP/1.7.374/gcc/dev/atmega128/avr51/crtatmega128.o

.note.gnu.build-id
 *(.note.gnu.build-id)

.debug
 *(.debug)

.line
 *(.line)

.debug_srcinfo
 *(.debug_srcinfo)

.debug_sfnames
 *(.debug_sfnames)

.debug_aranges
 *(.debug_aranges)

.debug_pubnames
 *(.debug_pubnames)

.debug_info     0x00000000      0x780
 *(.debug_info .gnu.linkonce.wi.*)
 .debug_info    0x00000000      0x780 C:/Program Files (x86)/Atmel/Studio/7.0/Packs/atmel/ATmega_DFP/1.7.374/gcc/dev/atmega128/avr51/crtatmega128.o

.debug_abbrev   0x00000000      0x718
 *(.debug_abbrev)
 .debug_abbrev  0x00000000      0x718 C:/Program Files (x86)/Atmel/Studio/7.0/Packs/atmel/ATmega_DFP/1.7.374/gcc/dev/atmega128/avr51/crtatmega128.o

.debug_line     0x00000000      0x16a
 *(.debug_line .debug_line.* .debug_line_end)
 .debug_line    0x00000000      0x16a C:/Program Files (x86)/Atmel/Studio/7.0/Packs/atmel/ATmega_DFP/1.7.374/gcc/dev/atmega128/avr51/crtatmega128.o

.debug_frame
 *(.debug_frame)

.debug_str      0x00000000      0x27d
 *(.debug_str)
 .debug_str     0x00000000      0x27d C:/Program Files (x86)/Atmel/Studio/7.0/Packs/atmel/ATmega_DFP/1.7.374/gcc/dev/atmega128/avr51/crtatmega128.o

.debug_loc
 *(.debug_loc)

.debug_macinfo
 *(.debug_macinfo)

.debug_weaknames
 *(.debug_weaknames)

.debug_funcnames
 *(.debug_funcnames)

.debug_typenames
 *(.debug_typenames)

.debug_varnames
 *(.debug_varnames)

.debug_pubtypes
 *(.debug_pubtypes)

.debug_ranges
 *(.debug_ranges)

.debug_macro
 *(.debug_macro)
OUTPUT(Load Cell.elf elf32-avr)
LOAD linker stubs
