Archive member included because of file (symbol)

c:/winavr-20100110/bin/../lib/gcc/avr/4.3.3/avr5\libgcc.a(_mulsi3.o)
                              ./SERVICES/TimerServices.o (__mulsi3)
c:/winavr-20100110/bin/../lib/gcc/avr/4.3.3/avr5\libgcc.a(_udivmodhi4.o)
                              ./HAL/LCD.o (__udivmodhi4)
c:/winavr-20100110/bin/../lib/gcc/avr/4.3.3/avr5\libgcc.a(_udivmodsi4.o)
                              ./SERVICES/TimerServices.o (__udivmodsi4)
c:/winavr-20100110/bin/../lib/gcc/avr/4.3.3/avr5\libgcc.a(_exit.o)
                              c:/winavr-20100110/bin/../lib/gcc/avr/4.3.3/../../../../avr/lib/avr5/crtm32.o (exit)
c:/winavr-20100110/bin/../lib/gcc/avr/4.3.3/avr5\libgcc.a(_copy_data.o)
                              ./Scheduler/Tasks.o (__do_copy_data)
c:/winavr-20100110/bin/../lib/gcc/avr/4.3.3/avr5\libgcc.a(_clear_bss.o)
                              ./Scheduler/OS.o (__do_clear_bss)
c:/winavr-20100110/bin/../lib/gcc/avr/4.3.3/avr5\libgcc.a(_divdi3.o)
                              ./HAL/LCD.o (__divdi3)
c:/winavr-20100110/bin/../lib/gcc/avr/4.3.3/avr5\libgcc.a(_moddi3.o)
                              ./HAL/LCD.o (__moddi3)
c:/winavr-20100110/bin/../lib/gcc/avr/4.3.3/avr5\libgcc.a(_prologue.o)
                              c:/winavr-20100110/bin/../lib/gcc/avr/4.3.3/avr5\libgcc.a(_divdi3.o) (__prologue_saves__)
c:/winavr-20100110/bin/../lib/gcc/avr/4.3.3/avr5\libgcc.a(_epilogue.o)
                              c:/winavr-20100110/bin/../lib/gcc/avr/4.3.3/avr5\libgcc.a(_divdi3.o) (__epilogue_restores__)
c:/winavr-20100110/bin/../lib/gcc/avr/4.3.3/avr5\libgcc.a(_clz.o)
                              c:/winavr-20100110/bin/../lib/gcc/avr/4.3.3/avr5\libgcc.a(_divdi3.o) (__clz_tab)

Allocating common symbols
Common symbol       size              file

t3                  0x2               ./SERVICES/TimerServices.o
t2                  0x2               ./SERVICES/TimerServices.o
t1                  0x2               ./SERVICES/TimerServices.o

Memory Configuration

Name             Origin             Length             Attributes
text             0x00000000         0x00020000         xr
data             0x00800060         0x0000ffa0         rw !x
eeprom           0x00810000         0x00010000         rw !x
fuse             0x00820000         0x00000400         rw !x
lock             0x00830000         0x00000400         rw !x
signature        0x00840000         0x00000400         rw !x
*default*        0x00000000         0xffffffff

Linker script and memory map

LOAD c:/winavr-20100110/bin/../lib/gcc/avr/4.3.3/../../../../avr/lib/avr5/crtm32.o
LOAD ./Scheduler/OS.o
LOAD ./Scheduler/Tasks.o
LOAD ./SERVICES/TimerServices.o
LOAD ./SERVICES/UART_Services.o
LOAD ./MCAL/ADC.o
LOAD ./MCAL/DIO.o
LOAD ./MCAL/DIO_Lcfg.o
LOAD ./MCAL/EXInterrupt.o
LOAD ./MCAL/SPI.o
LOAD ./MCAL/Timers.o
LOAD ./MCAL/UART.o
LOAD ./HAL/KeyPad.o
LOAD ./HAL/LCD.o
LOAD ./HAL/Sensors.o
LOAD ./HAL/Stepper.o
LOAD ./HAL/servo.o
LOAD ./HAL/ultrasonic.o
LOAD ./main.o
LOAD c:/winavr-20100110/bin/../lib/gcc/avr/4.3.3/avr5\libgcc.a
LOAD c:/winavr-20100110/bin/../lib/gcc/avr/4.3.3/../../../../avr/lib/avr5\libc.a
LOAD c:/winavr-20100110/bin/../lib/gcc/avr/4.3.3/avr5\libgcc.a

.hash
 *(.hash)

.dynsym
 *(.dynsym)

.dynstr
 *(.dynstr)

.gnu.version
 *(.gnu.version)

.gnu.version_d
 *(.gnu.version_d)

.gnu.version_r
 *(.gnu.version_r)

.rel.init
 *(.rel.init)

.rela.init
 *(.rela.init)

.rel.text
 *(.rel.text)
 *(.rel.text.*)
 *(.rel.gnu.linkonce.t*)

.rela.text
 *(.rela.text)
 *(.rela.text.*)
 *(.rela.gnu.linkonce.t*)

.rel.fini
 *(.rel.fini)

.rela.fini
 *(.rela.fini)

.rel.rodata
 *(.rel.rodata)
 *(.rel.rodata.*)
 *(.rel.gnu.linkonce.r*)

.rela.rodata
 *(.rela.rodata)
 *(.rela.rodata.*)
 *(.rela.gnu.linkonce.r*)

.rel.data
 *(.rel.data)
 *(.rel.data.*)
 *(.rel.gnu.linkonce.d*)

.rela.data
 *(.rela.data)
 *(.rela.data.*)
 *(.rela.gnu.linkonce.d*)

.rel.ctors
 *(.rel.ctors)

.rela.ctors
 *(.rela.ctors)

.rel.dtors
 *(.rel.dtors)

.rela.dtors
 *(.rela.dtors)

.rel.got
 *(.rel.got)

.rela.got
 *(.rela.got)

.rel.bss
 *(.rel.bss)

.rela.bss
 *(.rela.bss)

.rel.plt
 *(.rel.plt)

.rela.plt
 *(.rela.plt)

.text           0x00000000     0x3b6e
 *(.vectors)
 .vectors       0x00000000       0x54 c:/winavr-20100110/bin/../lib/gcc/avr/4.3.3/../../../../avr/lib/avr5/crtm32.o
                0x00000000                __vectors
                0x00000000                __vector_default
 *(.vectors)
 *(.progmem.gcc*)
 *(.progmem*)
                0x00000054                . = ALIGN (0x2)
                0x00000054                __trampolines_start = .
 *(.trampolines)
 .trampolines   0x00000054        0x0 linker stubs
 *(.trampolines*)
                0x00000054                __trampolines_end = .
 *(.jumptables)
 *(.jumptables*)
 *(.lowtext)
 *(.lowtext*)
                0x00000054                __ctors_start = .
 *(.ctors)
                0x00000054                __ctors_end = .
                0x00000054                __dtors_start = .
 *(.dtors)
                0x00000054                __dtors_end = .
 SORT(*)(.ctors)
 SORT(*)(.dtors)
 *(.init0)
 .init0         0x00000054        0x0 c:/winavr-20100110/bin/../lib/gcc/avr/4.3.3/../../../../avr/lib/avr5/crtm32.o
                0x00000054                __init
 *(.init0)
 *(.init1)
 *(.init1)
 *(.init2)
 .init2         0x00000054        0xc c:/winavr-20100110/bin/../lib/gcc/avr/4.3.3/../../../../avr/lib/avr5/crtm32.o
 *(.init2)
 *(.init3)
 *(.init3)
 *(.init4)
 .init4         0x00000060       0x16 c:/winavr-20100110/bin/../lib/gcc/avr/4.3.3/avr5\libgcc.a(_copy_data.o)
                0x00000060                __do_copy_data
 .init4         0x00000076       0x10 c:/winavr-20100110/bin/../lib/gcc/avr/4.3.3/avr5\libgcc.a(_clear_bss.o)
                0x00000076                __do_clear_bss
 *(.init4)
 *(.init5)
 *(.init5)
 *(.init6)
 *(.init6)
 *(.init7)
 *(.init7)
 *(.init8)
 *(.init8)
 *(.init9)
 .init9         0x00000086        0x8 c:/winavr-20100110/bin/../lib/gcc/avr/4.3.3/../../../../avr/lib/avr5/crtm32.o
 *(.init9)
 *(.text)
 .text          0x0000008e        0x4 c:/winavr-20100110/bin/../lib/gcc/avr/4.3.3/../../../../avr/lib/avr5/crtm32.o
                0x0000008e                __vector_12
                0x0000008e                __bad_interrupt
                0x0000008e                __vector_13
                0x0000008e                __vector_17
                0x0000008e                __vector_19
                0x0000008e                __vector_5
                0x0000008e                __vector_4
                0x0000008e                __vector_15
                0x0000008e                __vector_14
                0x0000008e                __vector_10
                0x0000008e                __vector_16
                0x0000008e                __vector_18
                0x0000008e                __vector_20
 .text          0x00000092        0x0 ./Scheduler/OS.o
 .text          0x00000092        0x0 ./Scheduler/Tasks.o
 .text          0x00000092        0x0 ./SERVICES/TimerServices.o
 .text          0x00000092        0x0 ./SERVICES/UART_Services.o
 .text          0x00000092        0x0 ./MCAL/ADC.o
 .text          0x00000092        0x0 ./MCAL/DIO.o
 .text          0x00000092        0x0 ./MCAL/DIO_Lcfg.o
 .text          0x00000092        0x0 ./MCAL/EXInterrupt.o
 .text          0x00000092        0x0 ./MCAL/SPI.o
 .text          0x00000092        0x0 ./MCAL/Timers.o
 .text          0x00000092        0x0 ./MCAL/UART.o
 .text          0x00000092        0x0 ./HAL/KeyPad.o
 .text          0x00000092        0x0 ./HAL/LCD.o
 .text          0x00000092        0x0 ./HAL/Sensors.o
 .text          0x00000092        0x0 ./HAL/Stepper.o
 .text          0x00000092        0x0 ./HAL/servo.o
 .text          0x00000092        0x0 ./HAL/ultrasonic.o
 .text          0x00000092        0x0 ./main.o
 .text          0x00000092        0x0 c:/winavr-20100110/bin/../lib/gcc/avr/4.3.3/avr5\libgcc.a(_mulsi3.o)
 .text          0x00000092        0x0 c:/winavr-20100110/bin/../lib/gcc/avr/4.3.3/avr5\libgcc.a(_udivmodhi4.o)
 .text          0x00000092        0x0 c:/winavr-20100110/bin/../lib/gcc/avr/4.3.3/avr5\libgcc.a(_udivmodsi4.o)
 .text          0x00000092        0x0 c:/winavr-20100110/bin/../lib/gcc/avr/4.3.3/avr5\libgcc.a(_exit.o)
 .text          0x00000092        0x0 c:/winavr-20100110/bin/../lib/gcc/avr/4.3.3/avr5\libgcc.a(_copy_data.o)
 .text          0x00000092        0x0 c:/winavr-20100110/bin/../lib/gcc/avr/4.3.3/avr5\libgcc.a(_clear_bss.o)
 .text          0x00000092     0x1050 c:/winavr-20100110/bin/../lib/gcc/avr/4.3.3/avr5\libgcc.a(_divdi3.o)
                0x00000092                __divdi3
 .text          0x000010e2     0x107a c:/winavr-20100110/bin/../lib/gcc/avr/4.3.3/avr5\libgcc.a(_moddi3.o)
                0x000010e2                __moddi3
 .text          0x0000215c        0x0 c:/winavr-20100110/bin/../lib/gcc/avr/4.3.3/avr5\libgcc.a(_prologue.o)
 .text          0x0000215c        0x0 c:/winavr-20100110/bin/../lib/gcc/avr/4.3.3/avr5\libgcc.a(_epilogue.o)
 .text          0x0000215c        0x0 c:/winavr-20100110/bin/../lib/gcc/avr/4.3.3/avr5\libgcc.a(_clz.o)
                0x0000215c                . = ALIGN (0x2)
 *(.text.*)
 .text.OS_TaskCreate
                0x0000215c       0x4a ./Scheduler/OS.o
                0x0000215c                OS_TaskCreate
 .text.OS_Task_Handler
                0x000021a6       0x3a ./Scheduler/OS.o
                0x000021a6                OS_Task_Handler
 .text.OS_TaskExecution
                0x000021e0       0x40 ./Scheduler/OS.o
                0x000021e0                OS_TaskExecution
 .text.Task_3S_Blink
                0x00002220        0x8 ./Scheduler/Tasks.o
                0x00002220                Task_3S_Blink
 .text.Task_2S_Blink
                0x00002228        0x8 ./Scheduler/Tasks.o
                0x00002228                Task_2S_Blink
 .text.Task_1S_LcdUpdate
                0x00002230       0x36 ./Scheduler/Tasks.o
                0x00002230                Task_1S_LcdUpdate
 .text.PWM_Measure
                0x00002266       0xb8 ./SERVICES/TimerServices.o
                0x00002266                PWM_Measure
 .text.Func_ICU
                0x0000231e       0x7a ./SERVICES/TimerServices.o
 .text.UART_ReceiveString_CS
                0x00002398       0x6c ./SERVICES/UART_Services.o
                0x00002398                UART_ReceiveString_CS
 .text.UART_ReceiveString
                0x00002404       0x36 ./SERVICES/UART_Services.o
                0x00002404                UART_ReceiveString
 .text.UART_ReceiveInt
                0x0000243a       0x92 ./SERVICES/UART_Services.o
                0x0000243a                UART_ReceiveInt
 .text.UART_SendString_CS
                0x000024cc       0x58 ./SERVICES/UART_Services.o
                0x000024cc                UART_SendString_CS
 .text.UART_SendString
                0x00002524       0x2c ./SERVICES/UART_Services.o
                0x00002524                UART_SendString
 .text.UART_SendInt
                0x00002550       0x40 ./SERVICES/UART_Services.o
                0x00002550                UART_SendInt
 .text.ADC_Init
                0x00002590       0x30 ./MCAL/ADC.o
                0x00002590                ADC_Init
 .text.ADC_StartConversion
                0x000025c0       0x20 ./MCAL/ADC.o
                0x000025c0                ADC_StartConversion
 .text.ADC_GetRead
                0x000025e0       0x10 ./MCAL/ADC.o
                0x000025e0                ADC_GetRead
 .text.ADC_GetReadNoBlock
                0x000025f0       0x24 ./MCAL/ADC.o
                0x000025f0                ADC_GetReadNoBlock
 .text.ADC_Read
                0x00002614       0x5a ./MCAL/ADC.o
                0x00002614                ADC_Read
 .text.DIO_InitPin
                0x0000266e      0x1a2 ./MCAL/DIO.o
                0x0000266e                DIO_InitPin
 .text.DIO_Init
                0x00002810       0x2e ./MCAL/DIO.o
                0x00002810                DIO_Init
 .text.DIO_WritePin
                0x0000283e       0xe6 ./MCAL/DIO.o
                0x0000283e                DIO_WritePin
 .text.DIO_ReadPin
                0x00002924       0x4a ./MCAL/DIO.o
                0x00002924                DIO_ReadPin
 .text.DIO_TogglePin
                0x0000296e       0x74 ./MCAL/DIO.o
                0x0000296e                DIO_TogglePin
 .text.DIO_WritePort
                0x000029e2       0x22 ./MCAL/DIO.o
                0x000029e2                DIO_WritePort
 .text.EXI_Enable
                0x00002a04       0x24 ./MCAL/EXInterrupt.o
                0x00002a04                EXI_Enable
 .text.EXI_Disable
                0x00002a28       0x24 ./MCAL/EXInterrupt.o
                0x00002a28                EXI_Disable
 .text.EXI_TriggerEdge
                0x00002a4c       0x98 ./MCAL/EXInterrupt.o
                0x00002a4c                EXI_TriggerEdge
 .text.EXI_SetCallBack
                0x00002ae4       0x2c ./MCAL/EXInterrupt.o
                0x00002ae4                EXI_SetCallBack
 .text.__vector_1
                0x00002b10       0x54 ./MCAL/EXInterrupt.o
                0x00002b10                __vector_1
 .text.__vector_2
                0x00002b64       0x54 ./MCAL/EXInterrupt.o
                0x00002b64                __vector_2
 .text.__vector_3
                0x00002bb8       0x52 ./MCAL/EXInterrupt.o
                0x00002bb8                __vector_3
 .text.SPI_InitMaster
                0x00002c0a        0x6 ./MCAL/SPI.o
                0x00002c0a                SPI_InitMaster
 .text.SPI_InitSlave
                0x00002c10        0x6 ./MCAL/SPI.o
                0x00002c10                SPI_InitSlave
 .text.SPI_SendReceive
                0x00002c16        0xa ./MCAL/SPI.o
                0x00002c16                SPI_SendReceive
 .text.SPI_SendNoblock
                0x00002c20        0x4 ./MCAL/SPI.o
                0x00002c20                SPI_SendNoblock
 .text.SPI_ReceiveNoblock
                0x00002c24        0x4 ./MCAL/SPI.o
                0x00002c24                SPI_ReceiveNoblock
 .text.SPI_ReceivePeriodicChecking
                0x00002c28       0x12 ./MCAL/SPI.o
                0x00002c28                SPI_ReceivePeriodicChecking
 .text.Timer0_Init
                0x00002c3a       0x82 ./MCAL/Timers.o
                0x00002c3a                Timer0_Init
 .text.Timer0_OV_InterruptEnable
                0x00002cbc        0x8 ./MCAL/Timers.o
                0x00002cbc                Timer0_OV_InterruptEnable
 .text.Timer0_OV_InterruptDisable
                0x00002cc4        0x8 ./MCAL/Timers.o
                0x00002cc4                Timer0_OV_InterruptDisable
 .text.Timer0_OC_InterruptEnable
                0x00002ccc        0x8 ./MCAL/Timers.o
                0x00002ccc                Timer0_OC_InterruptEnable
 .text.Timer0_OC_InterruptDisable
                0x00002cd4        0x8 ./MCAL/Timers.o
                0x00002cd4                Timer0_OC_InterruptDisable
 .text.Timer0_OC_SetCallBack
                0x00002cdc        0xa ./MCAL/Timers.o
                0x00002cdc                Timer0_OC_SetCallBack
 .text.__vector_11
                0x00002ce6       0x56 ./MCAL/Timers.o
                0x00002ce6                __vector_11
 .text.Timer1_Init
                0x00002d3c       0xea ./MCAL/Timers.o
                0x00002d3c                Timer1_Init
 .text.Timer1_InputCaptureEdge
                0x00002e26       0x18 ./MCAL/Timers.o
                0x00002e26                Timer1_InputCaptureEdge
 .text.Timer1_ICU_InterruptEnable
                0x00002e3e        0x8 ./MCAL/Timers.o
                0x00002e3e                Timer1_ICU_InterruptEnable
 .text.Timer1_ICU_InterruptDisable
                0x00002e46        0x8 ./MCAL/Timers.o
                0x00002e46                Timer1_ICU_InterruptDisable
 .text.Timer1_OVF_InterruptEnable
                0x00002e4e        0x8 ./MCAL/Timers.o
                0x00002e4e                Timer1_OVF_InterruptEnable
 .text.Timer1_OVF_InterruptDisable
                0x00002e56        0x8 ./MCAL/Timers.o
                0x00002e56                Timer1_OVF_InterruptDisable
 .text.Timer1_OCA_InterruptEnable
                0x00002e5e        0x8 ./MCAL/Timers.o
                0x00002e5e                Timer1_OCA_InterruptEnable
 .text.Timer1_OCA_InterruptDisable
                0x00002e66        0x8 ./MCAL/Timers.o
                0x00002e66                Timer1_OCA_InterruptDisable
 .text.Timer1_OCB_InterruptEnable
                0x00002e6e        0x8 ./MCAL/Timers.o
                0x00002e6e                Timer1_OCB_InterruptEnable
 .text.Timer1_OCB_InterruptDisable
                0x00002e76        0x8 ./MCAL/Timers.o
                0x00002e76                Timer1_OCB_InterruptDisable
 .text.Timer1_OVF_SetCallBack
                0x00002e7e        0xa ./MCAL/Timers.o
                0x00002e7e                Timer1_OVF_SetCallBack
 .text.Timer1_OCA_SetCallBack
                0x00002e88        0xa ./MCAL/Timers.o
                0x00002e88                Timer1_OCA_SetCallBack
 .text.Timer1_OCB_SetCallBack
                0x00002e92        0xa ./MCAL/Timers.o
                0x00002e92                Timer1_OCB_SetCallBack
 .text.Timer1_ICU_SetCallBack
                0x00002e9c        0xa ./MCAL/Timers.o
                0x00002e9c                Timer1_ICU_SetCallBack
 .text.__vector_9
                0x00002ea6       0x52 ./MCAL/Timers.o
                0x00002ea6                __vector_9
 .text.__vector_7
                0x00002ef8       0x52 ./MCAL/Timers.o
                0x00002ef8                __vector_7
 .text.__vector_8
                0x00002f4a       0x52 ./MCAL/Timers.o
                0x00002f4a                __vector_8
 .text.__vector_6
                0x00002f9c       0x52 ./MCAL/Timers.o
                0x00002f9c                __vector_6
 .text.UART_Init
                0x00002fee        0xa ./MCAL/UART.o
                0x00002fee                UART_Init
 .text.UART_Send
                0x00002ff8        0x8 ./MCAL/UART.o
                0x00002ff8                UART_Send
 .text.UART_Receive
                0x00003000        0x8 ./MCAL/UART.o
                0x00003000                UART_Receive
 .text.KEYPAD_GetEntry
                0x00003008       0x9a ./HAL/KeyPad.o
                0x00003008                KEYPAD_GetEntry
 .text.LCD_WriteData
                0x000030a2       0xc8 ./HAL/LCD.o
                0x000030a2                LCD_WriteData
 .text.LCD_WriteNumberInBinary2
                0x0000316a       0x50 ./HAL/LCD.o
                0x0000316a                LCD_WriteNumberInBinary2
 .text.LCD_WriteNumberInBinary
                0x000031ba       0x3a ./HAL/LCD.o
                0x000031ba                LCD_WriteNumberInBinary
 .text.LCD_WriteChar
                0x000031f4        0x6 ./HAL/LCD.o
                0x000031f4                LCD_WriteChar
 .text.LCD_WriteNumber_4D
                0x000031fa       0x68 ./HAL/LCD.o
                0x000031fa                LCD_WriteNumber_4D
 .text.LCD_WriteNumber
                0x00003262      0x1f6 ./HAL/LCD.o
                0x00003262                LCD_WriteNumber
 .text.LCD_WriteString
                0x00003458       0x26 ./HAL/LCD.o
                0x00003458                LCD_WriteString
 .text.LCD_WriteCommand
                0x0000347e       0xc8 ./HAL/LCD.o
                0x0000347e                LCD_WriteCommand
 .text.LCD_CreateCharacter
                0x00003546       0x3a ./HAL/LCD.o
                0x00003546                LCD_CreateCharacter
 .text.Create_Character
                0x00003580       0x3a ./HAL/LCD.o
                0x00003580                Create_Character
 .text.LCD_GoTo
                0x000035ba       0x1c ./HAL/LCD.o
                0x000035ba                LCD_GoTo
 .text.LCD_WriteNumber_GoTo
                0x000035d6       0x3e ./HAL/LCD.o
                0x000035d6                LCD_WriteNumber_GoTo
 .text.LCD_Clear
                0x00003614        0x8 ./HAL/LCD.o
                0x00003614                LCD_Clear
 .text.LCD_Init
                0x0000361c       0x5e ./HAL/LCD.o
                0x0000361c                LCD_Init
 .text.TEMP_Read
                0x0000367a       0x30 ./HAL/Sensors.o
                0x0000367a                TEMP_Read
 .text.POT_VoltRead
                0x000036aa       0x30 ./HAL/Sensors.o
                0x000036aa                POT_VoltRead
 .text.SERVO_Init
                0x000036da       0x12 ./HAL/servo.o
                0x000036da                SERVO_Init
 .text.SERVO_SetAngle
                0x000036ec       0x2c ./HAL/servo.o
                0x000036ec                SERVO_SetAngle
 .text.Func_OVF
                0x00003718       0x14 ./HAL/ultrasonic.o
 .text.ULTRASONIC_GetDistance2
                0x0000372c       0x66 ./HAL/ultrasonic.o
                0x0000372c                ULTRASONIC_GetDistance2
 .text.ULTRASONIC_GetDistanceNoBlock
                0x00003792       0x6e ./HAL/ultrasonic.o
                0x00003792                ULTRASONIC_GetDistanceNoBlock
 .text.ULTRASONIC_Start
                0x00003800       0x38 ./HAL/ultrasonic.o
                0x00003800                ULTRASONIC_Start
 .text.ULTRASONIC_GetDistance
                0x00003838       0x98 ./HAL/ultrasonic.o
                0x00003838                ULTRASONIC_GetDistance
 .text.ULTRASONIC_Init
                0x000038d0       0x12 ./HAL/ultrasonic.o
                0x000038d0                ULTRASONIC_Init
 .text.Func_ICU
                0x000038e2       0x68 ./HAL/ultrasonic.o
 .text.InitScheduler
                0x0000394a       0x3c ./main.o
                0x0000394a                InitScheduler
 .text.vInitEcu
                0x00003986       0x6a ./main.o
                0x00003986                vInitEcu
 .text.main     0x000039f0        0xe ./main.o
                0x000039f0                main
 .text.vMillisIncrement
                0x000039fe       0x54 ./main.o
                0x000039fe                vMillisIncrement
 .text.libgcc   0x00003a52       0x3e c:/winavr-20100110/bin/../lib/gcc/avr/4.3.3/avr5\libgcc.a(_mulsi3.o)
                0x00003a52                __mulsi3
 .text.libgcc   0x00003a90       0x28 c:/winavr-20100110/bin/../lib/gcc/avr/4.3.3/avr5\libgcc.a(_udivmodhi4.o)
                0x00003a90                __udivmodhi4
 .text.libgcc   0x00003ab8       0x44 c:/winavr-20100110/bin/../lib/gcc/avr/4.3.3/avr5\libgcc.a(_udivmodsi4.o)
                0x00003ab8                __udivmodsi4
 .text.libgcc   0x00003afc        0x0 c:/winavr-20100110/bin/../lib/gcc/avr/4.3.3/avr5\libgcc.a(_exit.o)
 .text.libgcc   0x00003afc        0x0 c:/winavr-20100110/bin/../lib/gcc/avr/4.3.3/avr5\libgcc.a(_copy_data.o)
 .text.libgcc   0x00003afc        0x0 c:/winavr-20100110/bin/../lib/gcc/avr/4.3.3/avr5\libgcc.a(_clear_bss.o)
 .text.libgcc   0x00003afc       0x38 c:/winavr-20100110/bin/../lib/gcc/avr/4.3.3/avr5\libgcc.a(_prologue.o)
                0x00003afc                __prologue_saves__
 .text.libgcc   0x00003b34       0x36 c:/winavr-20100110/bin/../lib/gcc/avr/4.3.3/avr5\libgcc.a(_epilogue.o)
                0x00003b34                __epilogue_restores__
                0x00003b6a                . = ALIGN (0x2)
 *(.fini9)
 .fini9         0x00003b6a        0x0 c:/winavr-20100110/bin/../lib/gcc/avr/4.3.3/avr5\libgcc.a(_exit.o)
                0x00003b6a                exit
                0x00003b6a                _exit
 *(.fini9)
 *(.fini8)
 *(.fini8)
 *(.fini7)
 *(.fini7)
 *(.fini6)
 *(.fini6)
 *(.fini5)
 *(.fini5)
 *(.fini4)
 *(.fini4)
 *(.fini3)
 *(.fini3)
 *(.fini2)
 *(.fini2)
 *(.fini1)
 *(.fini1)
 *(.fini0)
 .fini0         0x00003b6a        0x4 c:/winavr-20100110/bin/../lib/gcc/avr/4.3.3/avr5\libgcc.a(_exit.o)
 *(.fini0)
                0x00003b6e                _etext = .

.data           0x00800060      0x13c load address 0x00003b6e
                0x00800060                PROVIDE (__data_start, .)
 *(.data)
 .data          0x00800060        0x0 c:/winavr-20100110/bin/../lib/gcc/avr/4.3.3/../../../../avr/lib/avr5/crtm32.o
 .data          0x00800060        0x0 ./Scheduler/OS.o
 .data          0x00800060        0x0 ./Scheduler/Tasks.o
 .data          0x00800060        0x0 ./SERVICES/TimerServices.o
 .data          0x00800060        0x0 ./SERVICES/UART_Services.o
 .data          0x00800060        0x0 ./MCAL/ADC.o
 .data          0x00800060        0x0 ./MCAL/DIO.o
 .data          0x00800060        0x0 ./MCAL/DIO_Lcfg.o
 .data          0x00800060        0x0 ./MCAL/EXInterrupt.o
 .data          0x00800060        0x0 ./MCAL/SPI.o
 .data          0x00800060        0x0 ./MCAL/Timers.o
 .data          0x00800060        0x0 ./MCAL/UART.o
 .data          0x00800060        0x0 ./HAL/KeyPad.o
 .data          0x00800060        0x0 ./HAL/LCD.o
 .data          0x00800060        0x0 ./HAL/Sensors.o
 .data          0x00800060        0x0 ./HAL/Stepper.o
 .data          0x00800060        0x0 ./HAL/servo.o
 .data          0x00800060        0x0 ./HAL/ultrasonic.o
 .data          0x00800060        0xa ./main.o
 .data          0x0080006a        0x0 c:/winavr-20100110/bin/../lib/gcc/avr/4.3.3/avr5\libgcc.a(_mulsi3.o)
 .data          0x0080006a        0x0 c:/winavr-20100110/bin/../lib/gcc/avr/4.3.3/avr5\libgcc.a(_udivmodhi4.o)
 .data          0x0080006a        0x0 c:/winavr-20100110/bin/../lib/gcc/avr/4.3.3/avr5\libgcc.a(_udivmodsi4.o)
 .data          0x0080006a        0x0 c:/winavr-20100110/bin/../lib/gcc/avr/4.3.3/avr5\libgcc.a(_exit.o)
 .data          0x0080006a        0x0 c:/winavr-20100110/bin/../lib/gcc/avr/4.3.3/avr5\libgcc.a(_copy_data.o)
 .data          0x0080006a        0x0 c:/winavr-20100110/bin/../lib/gcc/avr/4.3.3/avr5\libgcc.a(_clear_bss.o)
 .data          0x0080006a        0x0 c:/winavr-20100110/bin/../lib/gcc/avr/4.3.3/avr5\libgcc.a(_divdi3.o)
 .data          0x0080006a        0x0 c:/winavr-20100110/bin/../lib/gcc/avr/4.3.3/avr5\libgcc.a(_moddi3.o)
 .data          0x0080006a        0x0 c:/winavr-20100110/bin/../lib/gcc/avr/4.3.3/avr5\libgcc.a(_prologue.o)
 .data          0x0080006a        0x0 c:/winavr-20100110/bin/../lib/gcc/avr/4.3.3/avr5\libgcc.a(_epilogue.o)
 .data          0x0080006a      0x100 c:/winavr-20100110/bin/../lib/gcc/avr/4.3.3/avr5\libgcc.a(_clz.o)
                0x0080006a                __clz_tab
 *(.data*)
 .data.u16Seconds.1571
                0x0080016a        0x2 ./Scheduler/Tasks.o
 *(.rodata)
 *(.rodata*)
 .rodata.PinsStatusArray
                0x0080016c       0x20 ./MCAL/DIO_Lcfg.o
                0x0080016c                PinsStatusArray
 .rodata.keys_array
                0x0080018c       0x10 ./HAL/KeyPad.o
 *(.gnu.linkonce.d*)
                0x0080019c                . = ALIGN (0x2)
                0x0080019c                _edata = .
                0x0080019c                PROVIDE (__data_end, .)

.bss            0x0080019c       0x35
                0x0080019c                PROVIDE (__bss_start, .)
 *(.bss)
 .bss           0x0080019c        0x0 c:/winavr-20100110/bin/../lib/gcc/avr/4.3.3/../../../../avr/lib/avr5/crtm32.o
 .bss           0x0080019c        0x0 ./Scheduler/OS.o
 .bss           0x0080019c        0x0 ./Scheduler/Tasks.o
 .bss           0x0080019c        0x0 ./SERVICES/TimerServices.o
 .bss           0x0080019c        0x0 ./SERVICES/UART_Services.o
 .bss           0x0080019c        0x0 ./MCAL/ADC.o
 .bss           0x0080019c        0x0 ./MCAL/DIO.o
 .bss           0x0080019c        0x0 ./MCAL/DIO_Lcfg.o
 .bss           0x0080019c        0x0 ./MCAL/EXInterrupt.o
 .bss           0x0080019c        0x0 ./MCAL/SPI.o
 .bss           0x0080019c        0x0 ./MCAL/Timers.o
 .bss           0x0080019c        0x0 ./MCAL/UART.o
 .bss           0x0080019c        0x0 ./HAL/KeyPad.o
 .bss           0x0080019c        0x0 ./HAL/LCD.o
 .bss           0x0080019c        0x0 ./HAL/Sensors.o
 .bss           0x0080019c        0x0 ./HAL/Stepper.o
 .bss           0x0080019c        0x0 ./HAL/servo.o
 .bss           0x0080019c        0x0 ./HAL/ultrasonic.o
 .bss           0x0080019c        0x0 ./main.o
 .bss           0x0080019c        0x0 c:/winavr-20100110/bin/../lib/gcc/avr/4.3.3/avr5\libgcc.a(_mulsi3.o)
 .bss           0x0080019c        0x0 c:/winavr-20100110/bin/../lib/gcc/avr/4.3.3/avr5\libgcc.a(_udivmodhi4.o)
 .bss           0x0080019c        0x0 c:/winavr-20100110/bin/../lib/gcc/avr/4.3.3/avr5\libgcc.a(_udivmodsi4.o)
 .bss           0x0080019c        0x0 c:/winavr-20100110/bin/../lib/gcc/avr/4.3.3/avr5\libgcc.a(_exit.o)
 .bss           0x0080019c        0x0 c:/winavr-20100110/bin/../lib/gcc/avr/4.3.3/avr5\libgcc.a(_copy_data.o)
 .bss           0x0080019c        0x0 c:/winavr-20100110/bin/../lib/gcc/avr/4.3.3/avr5\libgcc.a(_clear_bss.o)
 .bss           0x0080019c        0x0 c:/winavr-20100110/bin/../lib/gcc/avr/4.3.3/avr5\libgcc.a(_divdi3.o)
 .bss           0x0080019c        0x0 c:/winavr-20100110/bin/../lib/gcc/avr/4.3.3/avr5\libgcc.a(_moddi3.o)
 .bss           0x0080019c        0x0 c:/winavr-20100110/bin/../lib/gcc/avr/4.3.3/avr5\libgcc.a(_prologue.o)
 .bss           0x0080019c        0x0 c:/winavr-20100110/bin/../lib/gcc/avr/4.3.3/avr5\libgcc.a(_epilogue.o)
 .bss           0x0080019c        0x0 c:/winavr-20100110/bin/../lib/gcc/avr/4.3.3/avr5\libgcc.a(_clz.o)
 *(.bss*)
 .bss.taskCounter
                0x0080019c        0x1 ./Scheduler/OS.o
 .bss.tasksArray
                0x0080019d        0xf ./Scheduler/OS.o
 .bss.flag      0x008001ac        0x2 ./SERVICES/TimerServices.o
                0x008001ac                flag
 .bss.Read_flag
                0x008001ae        0x1 ./MCAL/ADC.o
 .bss.Fptr_INT2
                0x008001af        0x2 ./MCAL/EXInterrupt.o
 .bss.Fptr_INT1
                0x008001b1        0x2 ./MCAL/EXInterrupt.o
 .bss.Fptr_INT0
                0x008001b3        0x2 ./MCAL/EXInterrupt.o
 .bss.Timer1_ICU_Fptr
                0x008001b5        0x2 ./MCAL/Timers.o
 .bss.Timer1_OCB_Fptr
                0x008001b7        0x2 ./MCAL/Timers.o
 .bss.Timer1_OCA_Fptr
                0x008001b9        0x2 ./MCAL/Timers.o
 .bss.Timer1_OVF_Fptr
                0x008001bb        0x2 ./MCAL/Timers.o
 .bss.Timer0_OVF_Fptr
                0x008001bd        0x2 ./MCAL/Timers.o
 .bss.c         0x008001bf        0x2 ./HAL/ultrasonic.o
 .bss.flag      0x008001c1        0x2 ./HAL/ultrasonic.o
 .bss.t1        0x008001c3        0x2 ./HAL/ultrasonic.o
 .bss.t2        0x008001c5        0x2 ./HAL/ultrasonic.o
 .bss.u16_100uSCount
                0x008001c7        0x2 ./main.o
 .bss.u16MillisCount
                0x008001c9        0x2 ./main.o
 *(COMMON)
 COMMON         0x008001cb        0x6 ./SERVICES/TimerServices.o
                0x008001cb                t3
                0x008001cd                t2
                0x008001cf                t1
                0x008001d1                PROVIDE (__bss_end, .)
                0x00003b6e                __data_load_start = LOADADDR (.data)
                0x00003caa                __data_load_end = (__data_load_start + SIZEOF (.data))

.noinit         0x008001d1        0x0
                0x008001d1                PROVIDE (__noinit_start, .)
 *(.noinit*)
                0x008001d1                PROVIDE (__noinit_end, .)
                0x008001d1                _end = .
                0x008001d1                PROVIDE (__heap_start, .)

.eeprom         0x00810000        0x0
 *(.eeprom*)
                0x00810000                __eeprom_end = .

.fuse
 *(.fuse)
 *(.lfuse)
 *(.hfuse)
 *(.efuse)

.lock
 *(.lock*)

.signature
 *(.signature*)

.stab
 *(.stab)

.stabstr
 *(.stabstr)

.stab.excl
 *(.stab.excl)

.stab.exclstr
 *(.stab.exclstr)

.stab.index
 *(.stab.index)

.stab.indexstr
 *(.stab.indexstr)

.comment
 *(.comment)

.debug
 *(.debug)

.line
 *(.line)

.debug_srcinfo
 *(.debug_srcinfo)

.debug_sfnames
 *(.debug_sfnames)

.debug_aranges  0x00000000       0x40
 *(.debug_aranges)
 .debug_aranges
                0x00000000       0x20 c:/winavr-20100110/bin/../lib/gcc/avr/4.3.3/avr5\libgcc.a(_divdi3.o)
 .debug_aranges
                0x00000020       0x20 c:/winavr-20100110/bin/../lib/gcc/avr/4.3.3/avr5\libgcc.a(_moddi3.o)

.debug_pubnames
                0x00000000       0x5e
 *(.debug_pubnames)
 .debug_pubnames
                0x00000000       0x1f c:/winavr-20100110/bin/../lib/gcc/avr/4.3.3/avr5\libgcc.a(_divdi3.o)
 .debug_pubnames
                0x0000001f       0x1f c:/winavr-20100110/bin/../lib/gcc/avr/4.3.3/avr5\libgcc.a(_moddi3.o)
 .debug_pubnames
                0x0000003e       0x20 c:/winavr-20100110/bin/../lib/gcc/avr/4.3.3/avr5\libgcc.a(_clz.o)

.debug_info     0x00000000      0xf80
 *(.debug_info)
 .debug_info    0x00000000      0x756 c:/winavr-20100110/bin/../lib/gcc/avr/4.3.3/avr5\libgcc.a(_divdi3.o)
 .debug_info    0x00000756      0x781 c:/winavr-20100110/bin/../lib/gcc/avr/4.3.3/avr5\libgcc.a(_moddi3.o)
 .debug_info    0x00000ed7       0xa9 c:/winavr-20100110/bin/../lib/gcc/avr/4.3.3/avr5\libgcc.a(_clz.o)
 *(.gnu.linkonce.wi.*)

.debug_abbrev   0x00000000      0x3a8
 *(.debug_abbrev)
 .debug_abbrev  0x00000000      0x19f c:/winavr-20100110/bin/../lib/gcc/avr/4.3.3/avr5\libgcc.a(_divdi3.o)
 .debug_abbrev  0x0000019f      0x19f c:/winavr-20100110/bin/../lib/gcc/avr/4.3.3/avr5\libgcc.a(_moddi3.o)
 .debug_abbrev  0x0000033e       0x6a c:/winavr-20100110/bin/../lib/gcc/avr/4.3.3/avr5\libgcc.a(_clz.o)

.debug_line     0x00000000      0x524
 *(.debug_line)
 .debug_line    0x00000000      0x228 c:/winavr-20100110/bin/../lib/gcc/avr/4.3.3/avr5\libgcc.a(_divdi3.o)
 .debug_line    0x00000228      0x280 c:/winavr-20100110/bin/../lib/gcc/avr/4.3.3/avr5\libgcc.a(_moddi3.o)
 .debug_line    0x000004a8       0x7c c:/winavr-20100110/bin/../lib/gcc/avr/4.3.3/avr5\libgcc.a(_clz.o)

.debug_frame    0x00000000       0x40
 *(.debug_frame)
 .debug_frame   0x00000000       0x20 c:/winavr-20100110/bin/../lib/gcc/avr/4.3.3/avr5\libgcc.a(_divdi3.o)
 .debug_frame   0x00000020       0x20 c:/winavr-20100110/bin/../lib/gcc/avr/4.3.3/avr5\libgcc.a(_moddi3.o)

.debug_str      0x00000000      0x145
 *(.debug_str)
 .debug_str     0x00000000      0x13c c:/winavr-20100110/bin/../lib/gcc/avr/4.3.3/avr5\libgcc.a(_divdi3.o)
                                0x189 (size before relaxing)
 .debug_str     0x0000013c        0x9 c:/winavr-20100110/bin/../lib/gcc/avr/4.3.3/avr5\libgcc.a(_moddi3.o)
                                0x189 (size before relaxing)
 .debug_str     0x00000000       0xf4 c:/winavr-20100110/bin/../lib/gcc/avr/4.3.3/avr5\libgcc.a(_clz.o)

.debug_loc      0x00000000     0x19f2
 *(.debug_loc)
 .debug_loc     0x00000000      0xe71 c:/winavr-20100110/bin/../lib/gcc/avr/4.3.3/avr5\libgcc.a(_divdi3.o)
 .debug_loc     0x00000e71      0xb81 c:/winavr-20100110/bin/../lib/gcc/avr/4.3.3/avr5\libgcc.a(_moddi3.o)

.debug_macinfo
 *(.debug_macinfo)
OUTPUT(MB2_Scheduler.elf elf32-avr)
LOAD linker stubs

.debug_ranges   0x00000000       0x30
 .debug_ranges  0x00000000       0x18 c:/winavr-20100110/bin/../lib/gcc/avr/4.3.3/avr5\libgcc.a(_divdi3.o)
 .debug_ranges  0x00000018       0x18 c:/winavr-20100110/bin/../lib/gcc/avr/4.3.3/avr5\libgcc.a(_moddi3.o)
