../HAL/RFID/MFRC522.c:127:6:MFRC522_ReadRegisterMulti.part.0	32	static
../HAL/RFID/MFRC522.c:70:6:MFRC522_WriteRegister	16	static
../HAL/RFID/MFRC522.c:87:6:MFRC522_WriteRegisterMulti	16	static
../HAL/RFID/MFRC522.c:108:4:MFRC522_ReadRegister	8	static
../HAL/RFID/MFRC522.c:127:6:MFRC522_ReadRegisterMulti	0	static
../HAL/RFID/MFRC522.c:170:6:MFRC522_SetBitMask	16	static
../HAL/RFID/MFRC522.c:176:6:MFRC522_ClearBitMask	16	static
../HAL/RFID/MFRC522.c:182:6:MFRC522_AntennaOn	8	static
../HAL/RFID/MFRC522.c:191:6:MFRC522_AntennaOff	0	static
../HAL/RFID/MFRC522.c:196:6:MFRC522_Reset	0	static
../HAL/RFID/MFRC522.c:201:6:MFRC522_Init	8	static
../HAL/RFID/MFRC522.c:305:14:MFRC522_ToCard	32	static
../HAL/RFID/MFRC522.c:287:14:MFRC522_Request	32	static
../HAL/RFID/MFRC522.c:428:14:MFRC522_Anticoll	24	static
../HAL/RFID/MFRC522.c:468:4:MFRC522_PerformSelfTest	104	static
../HAL/RFID/MFRC522.c:527:6:MFRC522_DumpVersionToSerial	8	static
../HAL/RFID/MFRC522.c:563:6:MFRC522_calculateCRC	16	static
../HAL/RFID/MFRC522.c:456:6:MFRC522_Halt	24	static
../HAL/RFID/MFRC522.c:263:14:MFRC522_Check	32	static
../HAL/RFID/MFRC522.c:591:4:MFRC522_compareIds	8	static
