../MCAL/EXTI/EXTI_Program.c:54:6:EXTI_void_Enable_Interrupt	0	static
../MCAL/EXTI/EXTI_Program.c:24:6:EXTI_void_Initializtion	16	static
../MCAL/EXTI/EXTI_Program.c:59:6:EXTI_void_Disable_Interrupt	0	static
../MCAL/EXTI/EXTI_Program.c:64:6:EXTI_void_Enable_Event_Mask	0	static
../MCAL/EXTI/EXTI_Program.c:70:6:EXTI_void_Disable_Event_Mask	0	static
../MCAL/EXTI/EXTI_Program.c:75:6:EXTI_void_Software_Trigger_Interrupt	0	static
../MCAL/EXTI/EXTI_Program.c:80:6:EXTI_void_Set_Interrupt_Pending_Flag	8	static
../MCAL/EXTI/EXTI_Program.c:87:6:EXTI_void_Set_Clear_Interrupt_Pending_Flag	0	static
../MCAL/EXTI/EXTI_Program.c:106:6:EXTI_void_Set_CallBack	0	static
../MCAL/EXTI/EXTI_Program.c:114:6:EXTI_Generic_IRQHandler	8	static
