Archive member included to satisfy reference by file (symbol)

c:/program files (x86)/atmel/studio/7.0/toolchain/avr8/avr8-gnu-toolchain/bin/../lib/gcc/avr/5.4.0/avr5\libgcc.a(_udivmodqi4.o)
                              HAL/SegmentDispaly.o (__udivmodqi4)
c:/program files (x86)/atmel/studio/7.0/toolchain/avr8/avr8-gnu-toolchain/bin/../lib/gcc/avr/5.4.0/avr5\libgcc.a(_udivmodhi4.o)
                              HAL/SegmentDispaly.o (__udivmodhi4)
c:/program files (x86)/atmel/studio/7.0/toolchain/avr8/avr8-gnu-toolchain/bin/../lib/gcc/avr/5.4.0/avr5\libgcc.a(_udivmodsi4.o)
                              HAL/Sensors_int.o (__udivmodsi4)
c:/program files (x86)/atmel/studio/7.0/toolchain/avr8/avr8-gnu-toolchain/bin/../lib/gcc/avr/5.4.0/avr5\libgcc.a(_divmodsi4.o)
                              HAL/LCD_int.o (__divmodsi4)
c:/program files (x86)/atmel/studio/7.0/toolchain/avr8/avr8-gnu-toolchain/bin/../lib/gcc/avr/5.4.0/avr5\libgcc.a(_negsi2.o)
                              c:/program files (x86)/atmel/studio/7.0/toolchain/avr8/avr8-gnu-toolchain/bin/../lib/gcc/avr/5.4.0/avr5\libgcc.a(_divmodsi4.o) (__negsi2)
c:/program files (x86)/atmel/studio/7.0/toolchain/avr8/avr8-gnu-toolchain/bin/../lib/gcc/avr/5.4.0/avr5\libgcc.a(_exit.o)
                              C:/Program Files (x86)/Atmel/Studio/7.0/Packs/atmel/ATmega_DFP/1.7.374/gcc/dev/atmega32/avr5/crtatmega32.o (exit)
c:/program files (x86)/atmel/studio/7.0/toolchain/avr8/avr8-gnu-toolchain/bin/../lib/gcc/avr/5.4.0/avr5\libgcc.a(_copy_data.o)
                              App/ApplicationFile.o (__do_copy_data)
c:/program files (x86)/atmel/studio/7.0/toolchain/avr8/avr8-gnu-toolchain/bin/../lib/gcc/avr/5.4.0/avr5\libgcc.a(_clear_bss.o)
                              App/ApplicationFile.o (__do_clear_bss)
c:/program files (x86)/atmel/studio/7.0/toolchain/avr8/avr8-gnu-toolchain/bin/../lib/gcc/avr/5.4.0/avr5\libgcc.a(_bswapsi2.o)
                              Services/UART_Services.o (__bswapsi2)
c:/program files (x86)/atmel/studio/7.0/toolchain/avr8/avr8-gnu-toolchain/bin/../lib/gcc/avr/5.4.0/avr5\libgcc.a(_umulhisi3.o)
                              HAL/Sensors_int.o (__umulhisi3)
c:/program files (x86)/atmel/studio/7.0/toolchain/avr8/avr8-gnu-toolchain/bin/../lib/gcc/avr/5.4.0/avr5\libgcc.a(_muluhisi3.o)
                              MCAL/Timers.o (__muluhisi3)

Allocating common symbols
Common symbol       size              file

Busyflag            0x1               MCAL/ADC_int.o
RGB_LEDs            0x3               HAL/RGB.o
data                0x1               Services/UART_Stack.o
RGB_color           0x1               App/ApplicationFile.o

Discarded input sections

 .data          0x00000000        0x0 C:/Program Files (x86)/Atmel/Studio/7.0/Packs/atmel/ATmega_DFP/1.7.374/gcc/dev/atmega32/avr5/crtatmega32.o
 .bss           0x00000000        0x0 C:/Program Files (x86)/Atmel/Studio/7.0/Packs/atmel/ATmega_DFP/1.7.374/gcc/dev/atmega32/avr5/crtatmega32.o
 .text          0x00000000        0x0 App/ApplicationFile.o
 .data          0x00000000        0x0 App/ApplicationFile.o
 .bss           0x00000000        0x0 App/ApplicationFile.o
 .bss.i         0x00000000        0x2 App/ApplicationFile.o
 .text          0x00000000        0x0 App/ApplicationServices.o
 .data          0x00000000        0x0 App/ApplicationServices.o
 .bss           0x00000000        0x0 App/ApplicationServices.o
 .text          0x00000000        0x0 Config/DIO_Config.o
 .data          0x00000000        0x0 Config/DIO_Config.o
 .bss           0x00000000        0x0 Config/DIO_Config.o
 .text          0x00000000        0x0 Config/EXI_Config.o
 .data          0x00000000        0x0 Config/EXI_Config.o
 .bss           0x00000000        0x0 Config/EXI_Config.o
 .text.EXI0_Func
                0x00000000        0x2 Config/EXI_Config.o
 .comment       0x00000000       0x31 Config/EXI_Config.o
 .text          0x00000000        0x0 Config/KEYPAD_Config.o
 .data          0x00000000        0x0 Config/KEYPAD_Config.o
 .bss           0x00000000        0x0 Config/KEYPAD_Config.o
 .comment       0x00000000       0x31 Config/KEYPAD_Config.o
 .text          0x00000000        0x0 Config/UART_Config.o
 .data          0x00000000        0x0 Config/UART_Config.o
 .bss           0x00000000        0x0 Config/UART_Config.o
 .text.configureUART
                0x00000000       0x14 Config/UART_Config.o
 .comment       0x00000000       0x31 Config/UART_Config.o
 .text          0x00000000        0x0 HAL/KEYPAD_int.o
 .data          0x00000000        0x0 HAL/KEYPAD_int.o
 .bss           0x00000000        0x0 HAL/KEYPAD_int.o
 .text.KEYPAD_init
                0x00000000       0x16 HAL/KEYPAD_int.o
 .text          0x00000000        0x0 HAL/LCD_int.o
 .data          0x00000000        0x0 HAL/LCD_int.o
 .bss           0x00000000        0x0 HAL/LCD_int.o
 .text.LCD_WriteChar
                0x00000000        0x4 HAL/LCD_int.o
 .text.LCD_WriteNumber
                0x00000000       0x38 HAL/LCD_int.o
 .text.LCD_Binary_Number_Display
                0x00000000        0x4 HAL/LCD_int.o
 .text.LCD_Hex_Number_Display
                0x00000000       0x38 HAL/LCD_int.o
 .text.LCD_ASCII_Number_Display
                0x00000000        0xc HAL/LCD_int.o
 .text.LCD_Goto_WriteNumber
                0x00000000       0x20 HAL/LCD_int.o
 .text          0x00000000        0x0 HAL/LCD_Private.o
 .data          0x00000000        0x0 HAL/LCD_Private.o
 .bss           0x00000000        0x0 HAL/LCD_Private.o
 .text.string_len
                0x00000000       0x16 HAL/LCD_Private.o
 .text.reverseString
                0x00000000       0x38 HAL/LCD_Private.o
 .text.intoString
                0x00000000       0xde HAL/LCD_Private.o
 .text.Dec_Bin  0x00000000       0x66 HAL/LCD_Private.o
 .text.SnakeWord
                0x00000000       0xc6 HAL/LCD_Private.o
 .data.man      0x00000000        0x8 HAL/LCD_Private.o
 .text          0x00000000        0x0 HAL/MOTOR_Interface.o
 .data          0x00000000        0x0 HAL/MOTOR_Interface.o
 .bss           0x00000000        0x0 HAL/MOTOR_Interface.o
 .text.Motor_CW
                0x00000000       0x2e HAL/MOTOR_Interface.o
 .text.Motor_CCW
                0x00000000       0x2e HAL/MOTOR_Interface.o
 .text.Motor_STOP
                0x00000000       0x2e HAL/MOTOR_Interface.o
 .comment       0x00000000       0x31 HAL/MOTOR_Interface.o
 .text          0x00000000        0x0 HAL/RGB.o
 .data          0x00000000        0x0 HAL/RGB.o
 .bss           0x00000000        0x0 HAL/RGB.o
 .text.Set_PWM  0x00000000       0x2c HAL/RGB.o
 .text          0x00000000        0x0 HAL/SegmentDispaly.o
 .data          0x00000000        0x0 HAL/SegmentDispaly.o
 .bss           0x00000000        0x0 HAL/SegmentDispaly.o
 .text.segment_Display
                0x00000000       0x20 HAL/SegmentDispaly.o
 .text.segment_Display_BCD
                0x00000000       0x16 HAL/SegmentDispaly.o
 .text.displayHexDigit
                0x00000000        0xe HAL/SegmentDispaly.o
 .text.displayHexDigit_BCD
                0x00000000        0x4 HAL/SegmentDispaly.o
 .text.segment_Display_MLX
                0x00000000       0x40 HAL/SegmentDispaly.o
 .text.displayHexDigit_MLX
                0x00000000       0x40 HAL/SegmentDispaly.o
 .text.segment_Display_MLX_MultiDigits
                0x00000000       0x7e HAL/SegmentDispaly.o
 .text.init     0x00000000        0xc HAL/SegmentDispaly.o
 .text.displayHexDigit_kit
                0x00000000       0x44 HAL/SegmentDispaly.o
 .text.segment_Display_MLX_kit
                0x00000000       0x44 HAL/SegmentDispaly.o
 .rodata.hexPatterns
                0x00000000       0x11 HAL/SegmentDispaly.o
 .rodata.segmentPatterns
                0x00000000        0xb HAL/SegmentDispaly.o
 .comment       0x00000000       0x31 HAL/SegmentDispaly.o
 .text          0x00000000        0x0 HAL/Sensors_int.o
 .data          0x00000000        0x0 HAL/Sensors_int.o
 .bss           0x00000000        0x0 HAL/Sensors_int.o
 .text.SENSORS_LM35_ReadTemp
                0x00000000        0x6 HAL/Sensors_int.o
 .text.SENSORS_MPX4115_ReadPressure
                0x00000000       0x28 HAL/Sensors_int.o
 .comment       0x00000000       0x31 HAL/Sensors_int.o
 .text          0x00000000        0x0 HAL/SERVO_int.o
 .data          0x00000000        0x0 HAL/SERVO_int.o
 .bss           0x00000000        0x0 HAL/SERVO_int.o
 .text          0x00000000        0x0 HAL/Ultrasoinc.o
 .data          0x00000000        0x0 HAL/Ultrasoinc.o
 .bss           0x00000000        0x0 HAL/Ultrasoinc.o
 .text.InputCaptureFunction
                0x00000000       0x42 HAL/Ultrasoinc.o
 .text.Ultrasonic_init
                0x00000000       0x14 HAL/Ultrasoinc.o
 .text.Ultrasonic_Get_Distance
                0x00000000       0x58 HAL/Ultrasoinc.o
 .bss.t2        0x00000000        0x2 HAL/Ultrasoinc.o
 .bss.t1        0x00000000        0x2 HAL/Ultrasoinc.o
 .bss.flag      0x00000000        0x1 HAL/Ultrasoinc.o
 .comment       0x00000000       0x31 HAL/Ultrasoinc.o
 .text          0x00000000        0x0 main.o
 .data          0x00000000        0x0 main.o
 .bss           0x00000000        0x0 main.o
 .text          0x00000000        0x0 MCAL/ADC_int.o
 .data          0x00000000        0x0 MCAL/ADC_int.o
 .bss           0x00000000        0x0 MCAL/ADC_int.o
 .text.ADC_init
                0x00000000       0x2a MCAL/ADC_int.o
 .text.ADC_Read
                0x00000000       0x18 MCAL/ADC_int.o
 .text.ADC_ReadVolt
                0x00000000       0x22 MCAL/ADC_int.o
 .text.ADC_StartConversion
                0x00000000       0x1e MCAL/ADC_int.o
 .text.ADC_GetRead
                0x00000000        0xa MCAL/ADC_int.o
 .text.ADC_GetReadPeriodic
                0x00000000       0x1a MCAL/ADC_int.o
 .comment       0x00000000       0x31 MCAL/ADC_int.o
 COMMON         0x00000000        0x1 MCAL/ADC_int.o
 .text          0x00000000        0x0 MCAL/DIO.o
 .data          0x00000000        0x0 MCAL/DIO.o
 .bss           0x00000000        0x0 MCAL/DIO.o
 .text.DIO_WritePin
                0x00000000       0xa6 MCAL/DIO.o
 .text.DIO_ReadPin
                0x00000000       0x30 MCAL/DIO.o
 .text.DIO_TogglePin
                0x00000000       0x1a MCAL/DIO.o
 .text.DIO_Write_Port
                0x00000000       0x20 MCAL/DIO.o
 .text.DIO_Read_Port
                0x00000000       0x22 MCAL/DIO.o
 .text          0x00000000        0x0 MCAL/Ex_int.o
 .data          0x00000000        0x0 MCAL/Ex_int.o
 .bss           0x00000000        0x0 MCAL/Ex_int.o
 .text.EXI_Enable
                0x00000000       0x20 MCAL/Ex_int.o
 .text.EXI_Disable
                0x00000000       0x20 MCAL/Ex_int.o
 .text.EXI_TriggerEdge
                0x00000000       0x8c MCAL/Ex_int.o
 .text.EXI_Init
                0x00000000       0x18 MCAL/Ex_int.o
 .text.EXI_init
                0x00000000        0x4 MCAL/Ex_int.o
 .text.EXI_SetCallBack
                0x00000000        0x2 MCAL/Ex_int.o
 .comment       0x00000000       0x31 MCAL/Ex_int.o
 .text          0x00000000        0x0 MCAL/SPI.o
 .data          0x00000000        0x0 MCAL/SPI.o
 .bss           0x00000000        0x0 MCAL/SPI.o
 .text.SPI_init
                0x00000000       0x12 MCAL/SPI.o
 .text.SPI_Send_Receive
                0x00000000        0xa MCAL/SPI.o
 .text.SPI_Send_No_Block
                0x00000000        0x4 MCAL/SPI.o
 .text.SPI_Send_Receive_With_runtime_out
                0x00000000       0x3a MCAL/SPI.o
 .comment       0x00000000       0x31 MCAL/SPI.o
 .text          0x00000000        0x0 MCAL/Timers.o
 .data          0x00000000        0x0 MCAL/Timers.o
 .bss           0x00000000        0x0 MCAL/Timers.o
 .text.TIMER0_OC0_non_PWM_Mode
                0x00000000       0x36 MCAL/Timers.o
 .text.TIMER0_OC0_Phase_Correct_Mode
                0x00000000       0x2c MCAL/Timers.o
 .text.TIMER0_Set_OCR0_Value
                0x00000000        0x4 MCAL/Timers.o
 .text.TIMER0_SetDesiredTime_ms
                0x00000000       0x3e MCAL/Timers.o
 .text.TIMER0_SetDesiredTime_us
                0x00000000       0x44 MCAL/Timers.o
 .text.TIMER0_OV_InterruptEnable
                0x00000000        0x8 MCAL/Timers.o
 .text.TIMER0_OV_InterruptDisable
                0x00000000        0x8 MCAL/Timers.o
 .text.TIMER0_OC_InterruptEnable
                0x00000000        0x8 MCAL/Timers.o
 .text.TIMER0_OC_InterruptDisable
                0x00000000        0x8 MCAL/Timers.o
 .text.Timer1_InputCaptureEdge
                0x00000000       0x16 MCAL/Timers.o
 .text.Timer1_ICU_InterruptEnable
                0x00000000        0x8 MCAL/Timers.o
 .text.Timer1_ICU_InterruptDisable
                0x00000000        0x8 MCAL/Timers.o
 .text.Timer1_OVF_InterruptEnable
                0x00000000        0x8 MCAL/Timers.o
 .text.Timer1_OVF_InterruptDisable
                0x00000000        0x8 MCAL/Timers.o
 .text.Timer1_OCA_InterruptEnable
                0x00000000        0x8 MCAL/Timers.o
 .text.Timer1_OCA_InterruptDisable
                0x00000000        0x8 MCAL/Timers.o
 .text.Timer1_OCB_InterruptEnable
                0x00000000        0x8 MCAL/Timers.o
 .text.Timer1_OCB_InterruptDisable
                0x00000000        0x8 MCAL/Timers.o
 .text.Timer1_OVF_SetCallBack
                0x00000000        0xa MCAL/Timers.o
 .text.Timer1_OCA_SetCallBack
                0x00000000        0xa MCAL/Timers.o
 .text.Timer1_OCB_SetCallBack
                0x00000000        0xa MCAL/Timers.o
 .text.Timer1_ICU_SetCallBack
                0x00000000        0xa MCAL/Timers.o
 .text          0x00000000        0x0 MCAL/UART.o
 .data          0x00000000        0x0 MCAL/UART.o
 .bss           0x00000000        0x0 MCAL/UART.o
 .text.UART_SendData
                0x00000000        0x8 MCAL/UART.o
 .text.UART_ReceiveData_Periodic
                0x00000000       0x16 MCAL/UART.o
 .text.UART_SendData_NO_BLOCK
                0x00000000        0x4 MCAL/UART.o
 .text.UART_ReceiveData_NO_BLOCK
                0x00000000        0x4 MCAL/UART.o
 .text.UART_RX_Interrupt_Enable
                0x00000000        0x4 MCAL/UART.o
 .text.UART_RX_Interrupt_Disable
                0x00000000        0x4 MCAL/UART.o
 .text.UART_TX_Interrupt_Enable
                0x00000000        0x4 MCAL/UART.o
 .text.UART_TX_Interrupt_Disable
                0x00000000        0x4 MCAL/UART.o
 .text.UART_RX_SetCallback
                0x00000000        0xa MCAL/UART.o
 .text.UART_TX_SetCallback
                0x00000000        0xa MCAL/UART.o
 .text          0x00000000        0x0 Services/Timers_Services.o
 .data          0x00000000        0x0 Services/Timers_Services.o
 .bss           0x00000000        0x0 Services/Timers_Services.o
 .text.Timer_func
                0x00000000       0x5c Services/Timers_Services.o
 .text.Func_ICU
                0x00000000       0x72 Services/Timers_Services.o
 .text.PWM_Freq_KHZ
                0x00000000       0x24 Services/Timers_Services.o
 .text.PWM_Freq_HZ
                0x00000000       0x2c Services/Timers_Services.o
 .text.PWM_Duty
                0x00000000       0x34 Services/Timers_Services.o
 .text.Timer1_SetInterruptTime_ms
                0x00000000       0x24 Services/Timers_Services.o
 .text.Timer1_SetInterruptTime_us
                0x00000000       0x10 Services/Timers_Services.o
 .text.PWM_Measure2
                0x00000000       0xaa Services/Timers_Services.o
 .text.PWM_Measure
                0x00000000       0xfe Services/Timers_Services.o
 .text.Timer1_SetInterruptTime_s
                0x00000000       0x5e Services/Timers_Services.o
 .bss.c.2079    0x00000000        0x4 Services/Timers_Services.o
 .bss.fptr_timer
                0x00000000        0x2 Services/Timers_Services.o
 .bss.NofOverFlow
                0x00000000        0x4 Services/Timers_Services.o
 .bss.flag      0x00000000        0x2 Services/Timers_Services.o
 .bss.t3        0x00000000        0x2 Services/Timers_Services.o
 .bss.t2        0x00000000        0x2 Services/Timers_Services.o
 .bss.t1        0x00000000        0x2 Services/Timers_Services.o
 .comment       0x00000000       0x31 Services/Timers_Services.o
 .text          0x00000000        0x0 Services/UART_Services.o
 .data          0x00000000        0x0 Services/UART_Services.o
 .bss           0x00000000        0x0 Services/UART_Services.o
 .text.Tx_Function_Asynchronous
                0x00000000       0x2a Services/UART_Services.o
 .text.Rx_Function_Asynchronous
                0x00000000       0x34 Services/UART_Services.o
 .text.UART_SendString
                0x00000000       0x2c Services/UART_Services.o
 .text.UART_ReceiveString_DockLight
                0x00000000       0x48 Services/UART_Services.o
 .text.UART_SendNumber
                0x00000000       0x2a Services/UART_Services.o
 .text.UART_ReceiveNumber
                0x00000000       0x44 Services/UART_Services.o
 .text.Endian_Check
                0x00000000        0x4 Services/UART_Services.o
 .text.endian_convert
                0x00000000        0x6 Services/UART_Services.o
 .text.endian_convert_16
                0x00000000        0x8 Services/UART_Services.o
 .text.diagCallOut
                0x00000000        0x2 Services/UART_Services.o
 .text.UART_SendStringCheckSum
                0x00000000       0x64 Services/UART_Services.o
 .text.UART_ReceiveStringCheckSum
                0x00000000       0x6c Services/UART_Services.o
 .text.UART_SendStringAsynchronous
                0x00000000       0x26 Services/UART_Services.o
 .text.UART_SendStringAsynchronous_NO_BLOCK
                0x00000000       0x2c Services/UART_Services.o
 .text.UART_Basic_Communication_Module_Init
                0x00000000        0xc Services/UART_Services.o
 .text.UART_Basic_Communication_Module_SendString
                0x00000000        0xa Services/UART_Services.o
 .text.UART_Basic_Communication_Module_Runnable
                0x00000000       0x32 Services/UART_Services.o
 .text.UART_Receive_Asynchronous
                0x00000000       0x20 Services/UART_Services.o
 .text.countSetBits
                0x00000000       0x18 Services/UART_Services.o
 .text.UART_SendFrame_SW
                0x00000000       0x52 Services/UART_Services.o
 .text.UART_CheckParity
                0x00000000       0x22 Services/UART_Services.o
 .bss.i.1745    0x00000000        0x1 Services/UART_Services.o
 .bss.i.1742    0x00000000        0x1 Services/UART_Services.o
 .bss.i.1732    0x00000000        0x1 Services/UART_Services.o
 .data.i.1724   0x00000000        0x1 Services/UART_Services.o
 .data.flag     0x00000000        0x1 Services/UART_Services.o
 .bss.RX_Str    0x00000000        0x2 Services/UART_Services.o
 .bss.TX_Str    0x00000000        0x2 Services/UART_Services.o
 .text          0x00000000        0x0 Services/UART_Stack.o
 .data          0x00000000        0x0 Services/UART_Stack.o
 .bss           0x00000000        0x0 Services/UART_Stack.o
 .text.pushData
                0x00000000       0x20 Services/UART_Stack.o
 .text.popData  0x00000000       0x22 Services/UART_Stack.o
 .bss.stackPtr  0x00000000        0x1 Services/UART_Stack.o
 .bss.stack     0x00000000       0x14 Services/UART_Stack.o
 .comment       0x00000000       0x31 Services/UART_Stack.o
 COMMON         0x00000000        0x1 Services/UART_Stack.o
 .text          0x00000000        0x0 c:/program files (x86)/atmel/studio/7.0/toolchain/avr8/avr8-gnu-toolchain/bin/../lib/gcc/avr/5.4.0/avr5\libgcc.a(_udivmodqi4.o)
 .data          0x00000000        0x0 c:/program files (x86)/atmel/studio/7.0/toolchain/avr8/avr8-gnu-toolchain/bin/../lib/gcc/avr/5.4.0/avr5\libgcc.a(_udivmodqi4.o)
 .bss           0x00000000        0x0 c:/program files (x86)/atmel/studio/7.0/toolchain/avr8/avr8-gnu-toolchain/bin/../lib/gcc/avr/5.4.0/avr5\libgcc.a(_udivmodqi4.o)
 .text.libgcc.mul
                0x00000000        0x0 c:/program files (x86)/atmel/studio/7.0/toolchain/avr8/avr8-gnu-toolchain/bin/../lib/gcc/avr/5.4.0/avr5\libgcc.a(_udivmodqi4.o)
 .text.libgcc.div
                0x00000000       0x18 c:/program files (x86)/atmel/studio/7.0/toolchain/avr8/avr8-gnu-toolchain/bin/../lib/gcc/avr/5.4.0/avr5\libgcc.a(_udivmodqi4.o)
 .text.libgcc   0x00000000        0x0 c:/program files (x86)/atmel/studio/7.0/toolchain/avr8/avr8-gnu-toolchain/bin/../lib/gcc/avr/5.4.0/avr5\libgcc.a(_udivmodqi4.o)
 .text.libgcc.prologue
                0x00000000        0x0 c:/program files (x86)/atmel/studio/7.0/toolchain/avr8/avr8-gnu-toolchain/bin/../lib/gcc/avr/5.4.0/avr5\libgcc.a(_udivmodqi4.o)
 .text.libgcc.builtins
                0x00000000        0x0 c:/program files (x86)/atmel/studio/7.0/toolchain/avr8/avr8-gnu-toolchain/bin/../lib/gcc/avr/5.4.0/avr5\libgcc.a(_udivmodqi4.o)
 .text.libgcc.fmul
                0x00000000        0x0 c:/program files (x86)/atmel/studio/7.0/toolchain/avr8/avr8-gnu-toolchain/bin/../lib/gcc/avr/5.4.0/avr5\libgcc.a(_udivmodqi4.o)
 .text.libgcc.fixed
                0x00000000        0x0 c:/program files (x86)/atmel/studio/7.0/toolchain/avr8/avr8-gnu-toolchain/bin/../lib/gcc/avr/5.4.0/avr5\libgcc.a(_udivmodqi4.o)
 .text          0x00000000        0x0 c:/program files (x86)/atmel/studio/7.0/toolchain/avr8/avr8-gnu-toolchain/bin/../lib/gcc/avr/5.4.0/avr5\libgcc.a(_udivmodhi4.o)
 .data          0x00000000        0x0 c:/program files (x86)/atmel/studio/7.0/toolchain/avr8/avr8-gnu-toolchain/bin/../lib/gcc/avr/5.4.0/avr5\libgcc.a(_udivmodhi4.o)
 .bss           0x00000000        0x0 c:/program files (x86)/atmel/studio/7.0/toolchain/avr8/avr8-gnu-toolchain/bin/../lib/gcc/avr/5.4.0/avr5\libgcc.a(_udivmodhi4.o)
 .text.libgcc.mul
                0x00000000        0x0 c:/program files (x86)/atmel/studio/7.0/toolchain/avr8/avr8-gnu-toolchain/bin/../lib/gcc/avr/5.4.0/avr5\libgcc.a(_udivmodhi4.o)
 .text.libgcc.div
                0x00000000       0x28 c:/program files (x86)/atmel/studio/7.0/toolchain/avr8/avr8-gnu-toolchain/bin/../lib/gcc/avr/5.4.0/avr5\libgcc.a(_udivmodhi4.o)
 .text.libgcc   0x00000000        0x0 c:/program files (x86)/atmel/studio/7.0/toolchain/avr8/avr8-gnu-toolchain/bin/../lib/gcc/avr/5.4.0/avr5\libgcc.a(_udivmodhi4.o)
 .text.libgcc.prologue
                0x00000000        0x0 c:/program files (x86)/atmel/studio/7.0/toolchain/avr8/avr8-gnu-toolchain/bin/../lib/gcc/avr/5.4.0/avr5\libgcc.a(_udivmodhi4.o)
 .text.libgcc.builtins
                0x00000000        0x0 c:/program files (x86)/atmel/studio/7.0/toolchain/avr8/avr8-gnu-toolchain/bin/../lib/gcc/avr/5.4.0/avr5\libgcc.a(_udivmodhi4.o)
 .text.libgcc.fmul
                0x00000000        0x0 c:/program files (x86)/atmel/studio/7.0/toolchain/avr8/avr8-gnu-toolchain/bin/../lib/gcc/avr/5.4.0/avr5\libgcc.a(_udivmodhi4.o)
 .text.libgcc.fixed
                0x00000000        0x0 c:/program files (x86)/atmel/studio/7.0/toolchain/avr8/avr8-gnu-toolchain/bin/../lib/gcc/avr/5.4.0/avr5\libgcc.a(_udivmodhi4.o)
 .text          0x00000000        0x0 c:/program files (x86)/atmel/studio/7.0/toolchain/avr8/avr8-gnu-toolchain/bin/../lib/gcc/avr/5.4.0/avr5\libgcc.a(_udivmodsi4.o)
 .data          0x00000000        0x0 c:/program files (x86)/atmel/studio/7.0/toolchain/avr8/avr8-gnu-toolchain/bin/../lib/gcc/avr/5.4.0/avr5\libgcc.a(_udivmodsi4.o)
 .bss           0x00000000        0x0 c:/program files (x86)/atmel/studio/7.0/toolchain/avr8/avr8-gnu-toolchain/bin/../lib/gcc/avr/5.4.0/avr5\libgcc.a(_udivmodsi4.o)
 .text.libgcc.mul
                0x00000000        0x0 c:/program files (x86)/atmel/studio/7.0/toolchain/avr8/avr8-gnu-toolchain/bin/../lib/gcc/avr/5.4.0/avr5\libgcc.a(_udivmodsi4.o)
 .text.libgcc   0x00000000        0x0 c:/program files (x86)/atmel/studio/7.0/toolchain/avr8/avr8-gnu-toolchain/bin/../lib/gcc/avr/5.4.0/avr5\libgcc.a(_udivmodsi4.o)
 .text.libgcc.prologue
                0x00000000        0x0 c:/program files (x86)/atmel/studio/7.0/toolchain/avr8/avr8-gnu-toolchain/bin/../lib/gcc/avr/5.4.0/avr5\libgcc.a(_udivmodsi4.o)
 .text.libgcc.builtins
                0x00000000        0x0 c:/program files (x86)/atmel/studio/7.0/toolchain/avr8/avr8-gnu-toolchain/bin/../lib/gcc/avr/5.4.0/avr5\libgcc.a(_udivmodsi4.o)
 .text.libgcc.fmul
                0x00000000        0x0 c:/program files (x86)/atmel/studio/7.0/toolchain/avr8/avr8-gnu-toolchain/bin/../lib/gcc/avr/5.4.0/avr5\libgcc.a(_udivmodsi4.o)
 .text.libgcc.fixed
                0x00000000        0x0 c:/program files (x86)/atmel/studio/7.0/toolchain/avr8/avr8-gnu-toolchain/bin/../lib/gcc/avr/5.4.0/avr5\libgcc.a(_udivmodsi4.o)
 .text          0x00000000        0x0 c:/program files (x86)/atmel/studio/7.0/toolchain/avr8/avr8-gnu-toolchain/bin/../lib/gcc/avr/5.4.0/avr5\libgcc.a(_divmodsi4.o)
 .data          0x00000000        0x0 c:/program files (x86)/atmel/studio/7.0/toolchain/avr8/avr8-gnu-toolchain/bin/../lib/gcc/avr/5.4.0/avr5\libgcc.a(_divmodsi4.o)
 .bss           0x00000000        0x0 c:/program files (x86)/atmel/studio/7.0/toolchain/avr8/avr8-gnu-toolchain/bin/../lib/gcc/avr/5.4.0/avr5\libgcc.a(_divmodsi4.o)
 .text.libgcc.mul
                0x00000000        0x0 c:/program files (x86)/atmel/studio/7.0/toolchain/avr8/avr8-gnu-toolchain/bin/../lib/gcc/avr/5.4.0/avr5\libgcc.a(_divmodsi4.o)
 .text.libgcc.div
                0x00000000       0x2e c:/program files (x86)/atmel/studio/7.0/toolchain/avr8/avr8-gnu-toolchain/bin/../lib/gcc/avr/5.4.0/avr5\libgcc.a(_divmodsi4.o)
 .text.libgcc   0x00000000        0x0 c:/program files (x86)/atmel/studio/7.0/toolchain/avr8/avr8-gnu-toolchain/bin/../lib/gcc/avr/5.4.0/avr5\libgcc.a(_divmodsi4.o)
 .text.libgcc.prologue
                0x00000000        0x0 c:/program files (x86)/atmel/studio/7.0/toolchain/avr8/avr8-gnu-toolchain/bin/../lib/gcc/avr/5.4.0/avr5\libgcc.a(_divmodsi4.o)
 .text.libgcc.builtins
                0x00000000        0x0 c:/program files (x86)/atmel/studio/7.0/toolchain/avr8/avr8-gnu-toolchain/bin/../lib/gcc/avr/5.4.0/avr5\libgcc.a(_divmodsi4.o)
 .text.libgcc.fmul
                0x00000000        0x0 c:/program files (x86)/atmel/studio/7.0/toolchain/avr8/avr8-gnu-toolchain/bin/../lib/gcc/avr/5.4.0/avr5\libgcc.a(_divmodsi4.o)
 .text.libgcc.fixed
                0x00000000        0x0 c:/program files (x86)/atmel/studio/7.0/toolchain/avr8/avr8-gnu-toolchain/bin/../lib/gcc/avr/5.4.0/avr5\libgcc.a(_divmodsi4.o)
 .text          0x00000000        0x0 c:/program files (x86)/atmel/studio/7.0/toolchain/avr8/avr8-gnu-toolchain/bin/../lib/gcc/avr/5.4.0/avr5\libgcc.a(_negsi2.o)
 .data          0x00000000        0x0 c:/program files (x86)/atmel/studio/7.0/toolchain/avr8/avr8-gnu-toolchain/bin/../lib/gcc/avr/5.4.0/avr5\libgcc.a(_negsi2.o)
 .bss           0x00000000        0x0 c:/program files (x86)/atmel/studio/7.0/toolchain/avr8/avr8-gnu-toolchain/bin/../lib/gcc/avr/5.4.0/avr5\libgcc.a(_negsi2.o)
 .text.libgcc.mul
                0x00000000        0x0 c:/program files (x86)/atmel/studio/7.0/toolchain/avr8/avr8-gnu-toolchain/bin/../lib/gcc/avr/5.4.0/avr5\libgcc.a(_negsi2.o)
 .text.libgcc.div
                0x00000000       0x10 c:/program files (x86)/atmel/studio/7.0/toolchain/avr8/avr8-gnu-toolchain/bin/../lib/gcc/avr/5.4.0/avr5\libgcc.a(_negsi2.o)
 .text.libgcc   0x00000000        0x0 c:/program files (x86)/atmel/studio/7.0/toolchain/avr8/avr8-gnu-toolchain/bin/../lib/gcc/avr/5.4.0/avr5\libgcc.a(_negsi2.o)
 .text.libgcc.prologue
                0x00000000        0x0 c:/program files (x86)/atmel/studio/7.0/toolchain/avr8/avr8-gnu-toolchain/bin/../lib/gcc/avr/5.4.0/avr5\libgcc.a(_negsi2.o)
 .text.libgcc.builtins
                0x00000000        0x0 c:/program files (x86)/atmel/studio/7.0/toolchain/avr8/avr8-gnu-toolchain/bin/../lib/gcc/avr/5.4.0/avr5\libgcc.a(_negsi2.o)
 .text.libgcc.fmul
                0x00000000        0x0 c:/program files (x86)/atmel/studio/7.0/toolchain/avr8/avr8-gnu-toolchain/bin/../lib/gcc/avr/5.4.0/avr5\libgcc.a(_negsi2.o)
 .text.libgcc.fixed
                0x00000000        0x0 c:/program files (x86)/atmel/studio/7.0/toolchain/avr8/avr8-gnu-toolchain/bin/../lib/gcc/avr/5.4.0/avr5\libgcc.a(_negsi2.o)
 .text          0x00000000        0x0 c:/program files (x86)/atmel/studio/7.0/toolchain/avr8/avr8-gnu-toolchain/bin/../lib/gcc/avr/5.4.0/avr5\libgcc.a(_exit.o)
 .data          0x00000000        0x0 c:/program files (x86)/atmel/studio/7.0/toolchain/avr8/avr8-gnu-toolchain/bin/../lib/gcc/avr/5.4.0/avr5\libgcc.a(_exit.o)
 .bss           0x00000000        0x0 c:/program files (x86)/atmel/studio/7.0/toolchain/avr8/avr8-gnu-toolchain/bin/../lib/gcc/avr/5.4.0/avr5\libgcc.a(_exit.o)
 .text.libgcc.mul
                0x00000000        0x0 c:/program files (x86)/atmel/studio/7.0/toolchain/avr8/avr8-gnu-toolchain/bin/../lib/gcc/avr/5.4.0/avr5\libgcc.a(_exit.o)
 .text.libgcc.div
                0x00000000        0x0 c:/program files (x86)/atmel/studio/7.0/toolchain/avr8/avr8-gnu-toolchain/bin/../lib/gcc/avr/5.4.0/avr5\libgcc.a(_exit.o)
 .text.libgcc   0x00000000        0x0 c:/program files (x86)/atmel/studio/7.0/toolchain/avr8/avr8-gnu-toolchain/bin/../lib/gcc/avr/5.4.0/avr5\libgcc.a(_exit.o)
 .text.libgcc.prologue
                0x00000000        0x0 c:/program files (x86)/atmel/studio/7.0/toolchain/avr8/avr8-gnu-toolchain/bin/../lib/gcc/avr/5.4.0/avr5\libgcc.a(_exit.o)
 .text.libgcc.builtins
                0x00000000        0x0 c:/program files (x86)/atmel/studio/7.0/toolchain/avr8/avr8-gnu-toolchain/bin/../lib/gcc/avr/5.4.0/avr5\libgcc.a(_exit.o)
 .text.libgcc.fmul
                0x00000000        0x0 c:/program files (x86)/atmel/studio/7.0/toolchain/avr8/avr8-gnu-toolchain/bin/../lib/gcc/avr/5.4.0/avr5\libgcc.a(_exit.o)
 .text.libgcc.fixed
                0x00000000        0x0 c:/program files (x86)/atmel/studio/7.0/toolchain/avr8/avr8-gnu-toolchain/bin/../lib/gcc/avr/5.4.0/avr5\libgcc.a(_exit.o)
 .text          0x00000000        0x0 c:/program files (x86)/atmel/studio/7.0/toolchain/avr8/avr8-gnu-toolchain/bin/../lib/gcc/avr/5.4.0/avr5\libgcc.a(_copy_data.o)
 .data          0x00000000        0x0 c:/program files (x86)/atmel/studio/7.0/toolchain/avr8/avr8-gnu-toolchain/bin/../lib/gcc/avr/5.4.0/avr5\libgcc.a(_copy_data.o)
 .bss           0x00000000        0x0 c:/program files (x86)/atmel/studio/7.0/toolchain/avr8/avr8-gnu-toolchain/bin/../lib/gcc/avr/5.4.0/avr5\libgcc.a(_copy_data.o)
 .text.libgcc.mul
                0x00000000        0x0 c:/program files (x86)/atmel/studio/7.0/toolchain/avr8/avr8-gnu-toolchain/bin/../lib/gcc/avr/5.4.0/avr5\libgcc.a(_copy_data.o)
 .text.libgcc.div
                0x00000000        0x0 c:/program files (x86)/atmel/studio/7.0/toolchain/avr8/avr8-gnu-toolchain/bin/../lib/gcc/avr/5.4.0/avr5\libgcc.a(_copy_data.o)
 .text.libgcc   0x00000000        0x0 c:/program files (x86)/atmel/studio/7.0/toolchain/avr8/avr8-gnu-toolchain/bin/../lib/gcc/avr/5.4.0/avr5\libgcc.a(_copy_data.o)
 .text.libgcc.prologue
                0x00000000        0x0 c:/program files (x86)/atmel/studio/7.0/toolchain/avr8/avr8-gnu-toolchain/bin/../lib/gcc/avr/5.4.0/avr5\libgcc.a(_copy_data.o)
 .text.libgcc.builtins
                0x00000000        0x0 c:/program files (x86)/atmel/studio/7.0/toolchain/avr8/avr8-gnu-toolchain/bin/../lib/gcc/avr/5.4.0/avr5\libgcc.a(_copy_data.o)
 .text.libgcc.fmul
                0x00000000        0x0 c:/program files (x86)/atmel/studio/7.0/toolchain/avr8/avr8-gnu-toolchain/bin/../lib/gcc/avr/5.4.0/avr5\libgcc.a(_copy_data.o)
 .text.libgcc.fixed
                0x00000000        0x0 c:/program files (x86)/atmel/studio/7.0/toolchain/avr8/avr8-gnu-toolchain/bin/../lib/gcc/avr/5.4.0/avr5\libgcc.a(_copy_data.o)
 .text          0x00000000        0x0 c:/program files (x86)/atmel/studio/7.0/toolchain/avr8/avr8-gnu-toolchain/bin/../lib/gcc/avr/5.4.0/avr5\libgcc.a(_clear_bss.o)
 .data          0x00000000        0x0 c:/program files (x86)/atmel/studio/7.0/toolchain/avr8/avr8-gnu-toolchain/bin/../lib/gcc/avr/5.4.0/avr5\libgcc.a(_clear_bss.o)
 .bss           0x00000000        0x0 c:/program files (x86)/atmel/studio/7.0/toolchain/avr8/avr8-gnu-toolchain/bin/../lib/gcc/avr/5.4.0/avr5\libgcc.a(_clear_bss.o)
 .text.libgcc.mul
                0x00000000        0x0 c:/program files (x86)/atmel/studio/7.0/toolchain/avr8/avr8-gnu-toolchain/bin/../lib/gcc/avr/5.4.0/avr5\libgcc.a(_clear_bss.o)
 .text.libgcc.div
                0x00000000        0x0 c:/program files (x86)/atmel/studio/7.0/toolchain/avr8/avr8-gnu-toolchain/bin/../lib/gcc/avr/5.4.0/avr5\libgcc.a(_clear_bss.o)
 .text.libgcc   0x00000000        0x0 c:/program files (x86)/atmel/studio/7.0/toolchain/avr8/avr8-gnu-toolchain/bin/../lib/gcc/avr/5.4.0/avr5\libgcc.a(_clear_bss.o)
 .text.libgcc.prologue
                0x00000000        0x0 c:/program files (x86)/atmel/studio/7.0/toolchain/avr8/avr8-gnu-toolchain/bin/../lib/gcc/avr/5.4.0/avr5\libgcc.a(_clear_bss.o)
 .text.libgcc.builtins
                0x00000000        0x0 c:/program files (x86)/atmel/studio/7.0/toolchain/avr8/avr8-gnu-toolchain/bin/../lib/gcc/avr/5.4.0/avr5\libgcc.a(_clear_bss.o)
 .text.libgcc.fmul
                0x00000000        0x0 c:/program files (x86)/atmel/studio/7.0/toolchain/avr8/avr8-gnu-toolchain/bin/../lib/gcc/avr/5.4.0/avr5\libgcc.a(_clear_bss.o)
 .text.libgcc.fixed
                0x00000000        0x0 c:/program files (x86)/atmel/studio/7.0/toolchain/avr8/avr8-gnu-toolchain/bin/../lib/gcc/avr/5.4.0/avr5\libgcc.a(_clear_bss.o)
 .text          0x00000000        0x0 c:/program files (x86)/atmel/studio/7.0/toolchain/avr8/avr8-gnu-toolchain/bin/../lib/gcc/avr/5.4.0/avr5\libgcc.a(_bswapsi2.o)
 .data          0x00000000        0x0 c:/program files (x86)/atmel/studio/7.0/toolchain/avr8/avr8-gnu-toolchain/bin/../lib/gcc/avr/5.4.0/avr5\libgcc.a(_bswapsi2.o)
 .bss           0x00000000        0x0 c:/program files (x86)/atmel/studio/7.0/toolchain/avr8/avr8-gnu-toolchain/bin/../lib/gcc/avr/5.4.0/avr5\libgcc.a(_bswapsi2.o)
 .text.libgcc.mul
                0x00000000        0x0 c:/program files (x86)/atmel/studio/7.0/toolchain/avr8/avr8-gnu-toolchain/bin/../lib/gcc/avr/5.4.0/avr5\libgcc.a(_bswapsi2.o)
 .text.libgcc.div
                0x00000000        0x0 c:/program files (x86)/atmel/studio/7.0/toolchain/avr8/avr8-gnu-toolchain/bin/../lib/gcc/avr/5.4.0/avr5\libgcc.a(_bswapsi2.o)
 .text.libgcc   0x00000000        0x0 c:/program files (x86)/atmel/studio/7.0/toolchain/avr8/avr8-gnu-toolchain/bin/../lib/gcc/avr/5.4.0/avr5\libgcc.a(_bswapsi2.o)
 .text.libgcc.prologue
                0x00000000        0x0 c:/program files (x86)/atmel/studio/7.0/toolchain/avr8/avr8-gnu-toolchain/bin/../lib/gcc/avr/5.4.0/avr5\libgcc.a(_bswapsi2.o)
 .text.libgcc.builtins
                0x00000000        0xe c:/program files (x86)/atmel/studio/7.0/toolchain/avr8/avr8-gnu-toolchain/bin/../lib/gcc/avr/5.4.0/avr5\libgcc.a(_bswapsi2.o)
 .text.libgcc.fmul
                0x00000000        0x0 c:/program files (x86)/atmel/studio/7.0/toolchain/avr8/avr8-gnu-toolchain/bin/../lib/gcc/avr/5.4.0/avr5\libgcc.a(_bswapsi2.o)
 .text.libgcc.fixed
                0x00000000        0x0 c:/program files (x86)/atmel/studio/7.0/toolchain/avr8/avr8-gnu-toolchain/bin/../lib/gcc/avr/5.4.0/avr5\libgcc.a(_bswapsi2.o)
 .text          0x00000000        0x0 c:/program files (x86)/atmel/studio/7.0/toolchain/avr8/avr8-gnu-toolchain/bin/../lib/gcc/avr/5.4.0/avr5\libgcc.a(_umulhisi3.o)
 .data          0x00000000        0x0 c:/program files (x86)/atmel/studio/7.0/toolchain/avr8/avr8-gnu-toolchain/bin/../lib/gcc/avr/5.4.0/avr5\libgcc.a(_umulhisi3.o)
 .bss           0x00000000        0x0 c:/program files (x86)/atmel/studio/7.0/toolchain/avr8/avr8-gnu-toolchain/bin/../lib/gcc/avr/5.4.0/avr5\libgcc.a(_umulhisi3.o)
 .text.libgcc.div
                0x00000000        0x0 c:/program files (x86)/atmel/studio/7.0/toolchain/avr8/avr8-gnu-toolchain/bin/../lib/gcc/avr/5.4.0/avr5\libgcc.a(_umulhisi3.o)
 .text.libgcc   0x00000000        0x0 c:/program files (x86)/atmel/studio/7.0/toolchain/avr8/avr8-gnu-toolchain/bin/../lib/gcc/avr/5.4.0/avr5\libgcc.a(_umulhisi3.o)
 .text.libgcc.prologue
                0x00000000        0x0 c:/program files (x86)/atmel/studio/7.0/toolchain/avr8/avr8-gnu-toolchain/bin/../lib/gcc/avr/5.4.0/avr5\libgcc.a(_umulhisi3.o)
 .text.libgcc.builtins
                0x00000000        0x0 c:/program files (x86)/atmel/studio/7.0/toolchain/avr8/avr8-gnu-toolchain/bin/../lib/gcc/avr/5.4.0/avr5\libgcc.a(_umulhisi3.o)
 .text.libgcc.fmul
                0x00000000        0x0 c:/program files (x86)/atmel/studio/7.0/toolchain/avr8/avr8-gnu-toolchain/bin/../lib/gcc/avr/5.4.0/avr5\libgcc.a(_umulhisi3.o)
 .text.libgcc.fixed
                0x00000000        0x0 c:/program files (x86)/atmel/studio/7.0/toolchain/avr8/avr8-gnu-toolchain/bin/../lib/gcc/avr/5.4.0/avr5\libgcc.a(_umulhisi3.o)
 .text          0x00000000        0x0 c:/program files (x86)/atmel/studio/7.0/toolchain/avr8/avr8-gnu-toolchain/bin/../lib/gcc/avr/5.4.0/avr5\libgcc.a(_muluhisi3.o)
 .data          0x00000000        0x0 c:/program files (x86)/atmel/studio/7.0/toolchain/avr8/avr8-gnu-toolchain/bin/../lib/gcc/avr/5.4.0/avr5\libgcc.a(_muluhisi3.o)
 .bss           0x00000000        0x0 c:/program files (x86)/atmel/studio/7.0/toolchain/avr8/avr8-gnu-toolchain/bin/../lib/gcc/avr/5.4.0/avr5\libgcc.a(_muluhisi3.o)
 .text.libgcc.mul
                0x00000000       0x16 c:/program files (x86)/atmel/studio/7.0/toolchain/avr8/avr8-gnu-toolchain/bin/../lib/gcc/avr/5.4.0/avr5\libgcc.a(_muluhisi3.o)
 .text.libgcc.div
                0x00000000        0x0 c:/program files (x86)/atmel/studio/7.0/toolchain/avr8/avr8-gnu-toolchain/bin/../lib/gcc/avr/5.4.0/avr5\libgcc.a(_muluhisi3.o)
 .text.libgcc   0x00000000        0x0 c:/program files (x86)/atmel/studio/7.0/toolchain/avr8/avr8-gnu-toolchain/bin/../lib/gcc/avr/5.4.0/avr5\libgcc.a(_muluhisi3.o)
 .text.libgcc.prologue
                0x00000000        0x0 c:/program files (x86)/atmel/studio/7.0/toolchain/avr8/avr8-gnu-toolchain/bin/../lib/gcc/avr/5.4.0/avr5\libgcc.a(_muluhisi3.o)
 .text.libgcc.builtins
                0x00000000        0x0 c:/program files (x86)/atmel/studio/7.0/toolchain/avr8/avr8-gnu-toolchain/bin/../lib/gcc/avr/5.4.0/avr5\libgcc.a(_muluhisi3.o)
 .text.libgcc.fmul
                0x00000000        0x0 c:/program files (x86)/atmel/studio/7.0/toolchain/avr8/avr8-gnu-toolchain/bin/../lib/gcc/avr/5.4.0/avr5\libgcc.a(_muluhisi3.o)
 .text.libgcc.fixed
                0x00000000        0x0 c:/program files (x86)/atmel/studio/7.0/toolchain/avr8/avr8-gnu-toolchain/bin/../lib/gcc/avr/5.4.0/avr5\libgcc.a(_muluhisi3.o)

Memory Configuration

Name             Origin             Length             Attributes
text             0x00000000         0x00008000         xr
data             0x00800060         0x00000800         rw !x
eeprom           0x00810000         0x00000400         rw !x
fuse             0x00820000         0x00000002         rw !x
lock             0x00830000         0x00000400         rw !x
signature        0x00840000         0x00000400         rw !x
user_signatures  0x00850000         0x00000400         rw !x
*default*        0x00000000         0xffffffff

Linker script and memory map

LOAD C:/Program Files (x86)/Atmel/Studio/7.0/Packs/atmel/ATmega_DFP/1.7.374/gcc/dev/atmega32/avr5/crtatmega32.o
LOAD App/ApplicationFile.o
LOAD App/ApplicationServices.o
LOAD Config/DIO_Config.o
LOAD Config/EXI_Config.o
LOAD Config/KEYPAD_Config.o
LOAD Config/UART_Config.o
LOAD HAL/KEYPAD_int.o
LOAD HAL/LCD_int.o
LOAD HAL/LCD_Private.o
LOAD HAL/MOTOR_Interface.o
LOAD HAL/RGB.o
LOAD HAL/SegmentDispaly.o
LOAD HAL/Sensors_int.o
LOAD HAL/SERVO_int.o
LOAD HAL/Ultrasoinc.o
LOAD main.o
LOAD MCAL/ADC_int.o
LOAD MCAL/DIO.o
LOAD MCAL/Ex_int.o
LOAD MCAL/SPI.o
LOAD MCAL/Timers.o
LOAD MCAL/UART.o
LOAD Services/Timers_Services.o
LOAD Services/UART_Services.o
LOAD Services/UART_Stack.o
START GROUP
LOAD c:/program files (x86)/atmel/studio/7.0/toolchain/avr8/avr8-gnu-toolchain/bin/../lib/gcc/avr/5.4.0/../../../../avr/lib/avr5\libm.a
END GROUP
START GROUP
LOAD c:/program files (x86)/atmel/studio/7.0/toolchain/avr8/avr8-gnu-toolchain/bin/../lib/gcc/avr/5.4.0/avr5\libgcc.a
LOAD c:/program files (x86)/atmel/studio/7.0/toolchain/avr8/avr8-gnu-toolchain/bin/../lib/gcc/avr/5.4.0/../../../../avr/lib/avr5\libm.a
LOAD c:/program files (x86)/atmel/studio/7.0/toolchain/avr8/avr8-gnu-toolchain/bin/../lib/gcc/avr/5.4.0/../../../../avr/lib/avr5\libc.a
LOAD C:/Program Files (x86)/Atmel/Studio/7.0/Packs/atmel/ATmega_DFP/1.7.374/gcc/dev/atmega32/avr5\libatmega32.a
END GROUP
                0x00000000                __TEXT_REGION_ORIGIN__ = DEFINED (__TEXT_REGION_ORIGIN__)?__TEXT_REGION_ORIGIN__:0x0
                [0x00800060]                __DATA_REGION_ORIGIN__ = DEFINED (__DATA_REGION_ORIGIN__)?__DATA_REGION_ORIGIN__:0x800060
                [0x00008000]                __TEXT_REGION_LENGTH__ = DEFINED (__TEXT_REGION_LENGTH__)?__TEXT_REGION_LENGTH__:0x20000
                [0x00000800]                __DATA_REGION_LENGTH__ = DEFINED (__DATA_REGION_LENGTH__)?__DATA_REGION_LENGTH__:0xffa0
                [0x00000400]                __EEPROM_REGION_LENGTH__ = DEFINED (__EEPROM_REGION_LENGTH__)?__EEPROM_REGION_LENGTH__:0x10000
                [0x00000002]                __FUSE_REGION_LENGTH__ = DEFINED (__FUSE_REGION_LENGTH__)?__FUSE_REGION_LENGTH__:0x400
                0x00000400                __LOCK_REGION_LENGTH__ = DEFINED (__LOCK_REGION_LENGTH__)?__LOCK_REGION_LENGTH__:0x400
                0x00000400                __SIGNATURE_REGION_LENGTH__ = DEFINED (__SIGNATURE_REGION_LENGTH__)?__SIGNATURE_REGION_LENGTH__:0x400
                0x00000400                __USER_SIGNATURE_REGION_LENGTH__ = DEFINED (__USER_SIGNATURE_REGION_LENGTH__)?__USER_SIGNATURE_REGION_LENGTH__:0x400

.hash
 *(.hash)

.dynsym
 *(.dynsym)

.dynstr
 *(.dynstr)

.gnu.version
 *(.gnu.version)

.gnu.version_d
 *(.gnu.version_d)

.gnu.version_r
 *(.gnu.version_r)

.rel.init
 *(.rel.init)

.rela.init
 *(.rela.init)

.rel.text
 *(.rel.text)
 *(.rel.text.*)
 *(.rel.gnu.linkonce.t*)

.rela.text
 *(.rela.text)
 *(.rela.text.*)
 *(.rela.gnu.linkonce.t*)

.rel.fini
 *(.rel.fini)

.rela.fini
 *(.rela.fini)

.rel.rodata
 *(.rel.rodata)
 *(.rel.rodata.*)
 *(.rel.gnu.linkonce.r*)

.rela.rodata
 *(.rela.rodata)
 *(.rela.rodata.*)
 *(.rela.gnu.linkonce.r*)

.rel.data
 *(.rel.data)
 *(.rel.data.*)
 *(.rel.gnu.linkonce.d*)

.rela.data
 *(.rela.data)
 *(.rela.data.*)
 *(.rela.gnu.linkonce.d*)

.rel.ctors
 *(.rel.ctors)

.rela.ctors
 *(.rela.ctors)

.rel.dtors
 *(.rel.dtors)

.rela.dtors
 *(.rela.dtors)

.rel.got
 *(.rel.got)

.rela.got
 *(.rela.got)

.rel.bss
 *(.rel.bss)

.rela.bss
 *(.rela.bss)

.rel.plt
 *(.rel.plt)

.rela.plt
 *(.rela.plt)

.text           0x00000000      0xe60
 *(.vectors)
 .vectors       0x00000000       0x54 C:/Program Files (x86)/Atmel/Studio/7.0/Packs/atmel/ATmega_DFP/1.7.374/gcc/dev/atmega32/avr5/crtatmega32.o
                0x00000000                __vector_default
                0x00000000                __vectors
 *(.vectors)
 *(.progmem.gcc*)
                0x00000054                . = ALIGN (0x2)
                0x00000054                __trampolines_start = .
 *(.trampolines)
 .trampolines   0x00000054        0x0 linker stubs
 *(.trampolines*)
                0x00000054                __trampolines_end = .
 *libprintf_flt.a:*(.progmem.data)
 *libc.a:*(.progmem.data)
 *(.progmem*)
                0x00000054                . = ALIGN (0x2)
 *(.jumptables)
 *(.jumptables*)
 *(.lowtext)
 *(.lowtext*)
                0x00000054                __ctors_start = .
 *(.ctors)
                0x00000054                __ctors_end = .
                0x00000054                __dtors_start = .
 *(.dtors)
                0x00000054                __dtors_end = .
 SORT(*)(.ctors)
 SORT(*)(.dtors)
 *(.init0)
 .init0         0x00000054        0x0 C:/Program Files (x86)/Atmel/Studio/7.0/Packs/atmel/ATmega_DFP/1.7.374/gcc/dev/atmega32/avr5/crtatmega32.o
                0x00000054                __init
 *(.init0)
 *(.init1)
 *(.init1)
 *(.init2)
 .init2         0x00000054        0xc C:/Program Files (x86)/Atmel/Studio/7.0/Packs/atmel/ATmega_DFP/1.7.374/gcc/dev/atmega32/avr5/crtatmega32.o
 *(.init2)
 *(.init3)
 *(.init3)
 *(.init4)
 .init4         0x00000060       0x16 c:/program files (x86)/atmel/studio/7.0/toolchain/avr8/avr8-gnu-toolchain/bin/../lib/gcc/avr/5.4.0/avr5\libgcc.a(_copy_data.o)
                0x00000060                __do_copy_data
 .init4         0x00000076       0x10 c:/program files (x86)/atmel/studio/7.0/toolchain/avr8/avr8-gnu-toolchain/bin/../lib/gcc/avr/5.4.0/avr5\libgcc.a(_clear_bss.o)
                0x00000076                __do_clear_bss
 *(.init4)
 *(.init5)
 *(.init5)
 *(.init6)
 *(.init6)
 *(.init7)
 *(.init7)
 *(.init8)
 *(.init8)
 *(.init9)
 .init9         0x00000086        0x8 C:/Program Files (x86)/Atmel/Studio/7.0/Packs/atmel/ATmega_DFP/1.7.374/gcc/dev/atmega32/avr5/crtatmega32.o
 *(.init9)
 *(.text)
 .text          0x0000008e        0x4 C:/Program Files (x86)/Atmel/Studio/7.0/Packs/atmel/ATmega_DFP/1.7.374/gcc/dev/atmega32/avr5/crtatmega32.o
                0x0000008e                __vector_1
                0x0000008e                __vector_12
                0x0000008e                __bad_interrupt
                0x0000008e                __vector_3
                0x0000008e                __vector_11
                0x0000008e                __vector_17
                0x0000008e                __vector_19
                0x0000008e                __vector_5
                0x0000008e                __vector_4
                0x0000008e                __vector_2
                0x0000008e                __vector_14
                0x0000008e                __vector_10
                0x0000008e                __vector_16
                0x0000008e                __vector_18
                0x0000008e                __vector_20
                0x00000092                . = ALIGN (0x2)
 *(.text.*)
 .text.LED_Room_ON
                0x00000092       0x34 App/ApplicationFile.o
                0x00000092                LED_Room_ON
 .text.LED_Room_OFF
                0x000000c6       0x34 App/ApplicationFile.o
                0x000000c6                LED_Room_OFF
 .text.Smart_Home_init
                0x000000fa       0x4e App/ApplicationFile.o
                0x000000fa                Smart_Home_init
 .text.Smart_Home_Runnable
                0x00000148       0x90 App/ApplicationFile.o
                0x00000148                Smart_Home_Runnable
 .text.RGB_Select
                0x000001d8       0x5c App/ApplicationFile.o
                0x000001d8                RGB_Select
 .text.RGB_Color_Selection
                0x00000234       0x5e App/ApplicationFile.o
                0x00000234                RGB_Color_Selection
 .text.RGB_Show_Room
                0x00000292       0x36 App/ApplicationFile.o
                0x00000292                RGB_Show_Room
 .text.string_Number_Split
                0x000002c8       0xae App/ApplicationServices.o
                0x000002c8                string_Number_Split
 .text.stringCompare
                0x00000376       0x20 App/ApplicationServices.o
                0x00000376                stringCompare
 .text.LCD_Draw_Character
                0x00000396       0x4c App/ApplicationServices.o
                0x00000396                LCD_Draw_Character
 .text.KEYPAD_GetKey
                0x000003e2       0x90 HAL/KEYPAD_int.o
                0x000003e2                KEYPAD_GetKey
 .text.write_instruction
                0x00000472       0xc0 HAL/LCD_int.o
                0x00000472                write_instruction
 .text.write_Data
                0x00000532       0xc0 HAL/LCD_int.o
                0x00000532                write_Data
 .text.LCD_Init
                0x000005f2       0x3c HAL/LCD_int.o
                0x000005f2                LCD_Init
 .text.LCD_WriteStr
                0x0000062e       0x28 HAL/LCD_int.o
                0x0000062e                LCD_WriteStr
 .text.LCD_Clear
                0x00000656       0x14 HAL/LCD_int.o
                0x00000656                LCD_Clear
 .text.LCD_SetCursor
                0x0000066a       0x30 HAL/LCD_int.o
                0x0000066a                LCD_SetCursor
 .text.LCD_Goto_WriteCharacter
                0x0000069a       0x10 HAL/LCD_int.o
                0x0000069a                LCD_Goto_WriteCharacter
 .text.LCD_Goto_WriteString
                0x000006aa       0x14 HAL/LCD_int.o
                0x000006aa                LCD_Goto_WriteString
 .text.customChar
                0x000006be       0x38 HAL/LCD_Private.o
                0x000006be                customChar
 .text.RGB      0x000006f6       0x4a HAL/RGB.o
                0x000006f6                RGB
 .text.SERVO_WriteAngle
                0x00000740       0x22 HAL/SERVO_int.o
                0x00000740                SERVO_WriteAngle
 .text.startup.main
                0x00000762        0xa main.o
                0x00000762                main
 .text.DIO_init
                0x0000076c      0x1bc MCAL/DIO.o
                0x0000076c                DIO_init
 .text.DIO_WritePin1
                0x00000928      0x102 MCAL/DIO.o
                0x00000928                DIO_WritePin1
 .text.DIO_ReadPin1
                0x00000a2a       0x3a MCAL/DIO.o
                0x00000a2a                DIO_ReadPin1
 .text.TIMER0_Init
                0x00000a64       0x40 MCAL/Timers.o
                0x00000a64                TIMER0_Init
 .text.TIMER0_OC0_PWM_Mode
                0x00000aa4       0x2c MCAL/Timers.o
                0x00000aa4                TIMER0_OC0_PWM_Mode
 .text.Timer1_Init
                0x00000ad0       0x78 MCAL/Timers.o
                0x00000ad0                Timer1_Init
 .text.Timer1_OCRA1Mode
                0x00000b48       0x36 MCAL/Timers.o
                0x00000b48                Timer1_OCRA1Mode
 .text.Timer1_OCRB1Mode
                0x00000b7e       0x36 MCAL/Timers.o
                0x00000b7e                Timer1_OCRB1Mode
 .text.__vector_9
                0x00000bb4       0x52 MCAL/Timers.o
                0x00000bb4                __vector_9
 .text.__vector_7
                0x00000c06       0x52 MCAL/Timers.o
                0x00000c06                __vector_7
 .text.__vector_8
                0x00000c58       0x52 MCAL/Timers.o
                0x00000c58                __vector_8
 .text.__vector_6
                0x00000caa       0x52 MCAL/Timers.o
                0x00000caa                __vector_6
 .text.UART_init
                0x00000cfc        0xc MCAL/UART.o
                0x00000cfc                UART_init
 .text.UART_ReceiveData
                0x00000d08        0x8 MCAL/UART.o
                0x00000d08                UART_ReceiveData
 .text.__vector_13
                0x00000d10       0x54 MCAL/UART.o
                0x00000d10                __vector_13
 .text.__vector_15
                0x00000d64       0x54 MCAL/UART.o
                0x00000d64                __vector_15
 .text.UART_ReceiveString
                0x00000db8       0x42 Services/UART_Services.o
                0x00000db8                UART_ReceiveString
 .text.libgcc.div
                0x00000dfa       0x44 c:/program files (x86)/atmel/studio/7.0/toolchain/avr8/avr8-gnu-toolchain/bin/../lib/gcc/avr/5.4.0/avr5\libgcc.a(_udivmodsi4.o)
                0x00000dfa                __udivmodsi4
 .text.libgcc.mul
                0x00000e3e       0x1e c:/program files (x86)/atmel/studio/7.0/toolchain/avr8/avr8-gnu-toolchain/bin/../lib/gcc/avr/5.4.0/avr5\libgcc.a(_umulhisi3.o)
                0x00000e3e                __umulhisi3
                0x00000e5c                . = ALIGN (0x2)
 *(.fini9)
 .fini9         0x00000e5c        0x0 c:/program files (x86)/atmel/studio/7.0/toolchain/avr8/avr8-gnu-toolchain/bin/../lib/gcc/avr/5.4.0/avr5\libgcc.a(_exit.o)
                0x00000e5c                _exit
                0x00000e5c                exit
 *(.fini9)
 *(.fini8)
 *(.fini8)
 *(.fini7)
 *(.fini7)
 *(.fini6)
 *(.fini6)
 *(.fini5)
 *(.fini5)
 *(.fini4)
 *(.fini4)
 *(.fini3)
 *(.fini3)
 *(.fini2)
 *(.fini2)
 *(.fini1)
 *(.fini1)
 *(.fini0)
 .fini0         0x00000e5c        0x4 c:/program files (x86)/atmel/studio/7.0/toolchain/avr8/avr8-gnu-toolchain/bin/../lib/gcc/avr/5.4.0/avr5\libgcc.a(_exit.o)
 *(.fini0)
                0x00000e60                _etext = .

.data           0x00800060      0x174 load address 0x00000e60
                0x00800060                PROVIDE (__data_start, .)
 *(.data)
 *(.data*)
 .data.shape    0x00800060        0x8 App/ApplicationFile.o
 .data.KeysArray
                0x00800068       0x10 HAL/KEYPAD_int.o
                0x00800068                KeysArray
 .data.Color_List
                0x00800078       0x1b HAL/RGB.o
                0x00800078                Color_List
 .data.UART_TX_Fptr
                0x00800093        0x2 MCAL/UART.o
 .data.UART_RX_Fptr
                0x00800095        0x2 MCAL/UART.o
 *(.gnu.linkonce.d*)
 *(.rodata)
 *(.rodata*)
 .rodata.str1.1
                0x00800097      0x10c App/ApplicationFile.o
 .rodata.SmartHomeTasks
                0x008001a3       0x10 App/ApplicationFile.o
 .rodata.DIO_PinsStatusArr
                0x008001b3       0x20 Config/DIO_Config.o
                0x008001b3                DIO_PinsStatusArr
 *(.gnu.linkonce.r*)
                0x008001d4                . = ALIGN (0x2)
 *fill*         0x008001d3        0x1 
                0x008001d4                _edata = .
                0x008001d4                PROVIDE (__data_end, .)

.bss            0x008001d4       0x37
                0x008001d4                PROVIDE (__bss_start, .)
 *(.bss)
 *(.bss*)
 .bss.Room      0x008001d4        0x1 App/ApplicationFile.o
                0x008001d4                Room
 .bss.rgb_num   0x008001d5        0x1 App/ApplicationFile.o
 .bss.Selected_RGB_LED
                0x008001d6        0x1 App/ApplicationFile.o
 .bss.splittedString
                0x008001d7       0x14 App/ApplicationFile.o
 .bss.requestedString
                0x008001eb       0x14 App/ApplicationFile.o
 .bss.Timer1_ICU_Fptr
                0x008001ff        0x2 MCAL/Timers.o
 .bss.Timer1_OCB_Fptr
                0x00800201        0x2 MCAL/Timers.o
 .bss.Timer1_OCA_Fptr
                0x00800203        0x2 MCAL/Timers.o
 .bss.Timer1_OVF_Fptr
                0x00800205        0x2 MCAL/Timers.o
 *(COMMON)
 COMMON         0x00800207        0x1 App/ApplicationFile.o
                0x00800207                RGB_color
 COMMON         0x00800208        0x3 HAL/RGB.o
                0x00800208                RGB_LEDs
                0x0080020b                PROVIDE (__bss_end, .)
                0x00000e60                __data_load_start = LOADADDR (.data)
                0x00000fd4                __data_load_end = (__data_load_start + SIZEOF (.data))

.noinit         0x0080020b        0x0
                [!provide]                PROVIDE (__noinit_start, .)
 *(.noinit*)
                [!provide]                PROVIDE (__noinit_end, .)
                0x0080020b                _end = .
                [!provide]                PROVIDE (__heap_start, .)

.eeprom         0x00810000        0x0
 *(.eeprom*)
                0x00810000                __eeprom_end = .

.fuse
 *(.fuse)
 *(.lfuse)
 *(.hfuse)
 *(.efuse)

.lock
 *(.lock*)

.signature
 *(.signature*)

.user_signatures
 *(.user_signatures*)

.stab
 *(.stab)

.stabstr
 *(.stabstr)

.stab.excl
 *(.stab.excl)

.stab.exclstr
 *(.stab.exclstr)

.stab.index
 *(.stab.index)

.stab.indexstr
 *(.stab.indexstr)

.comment        0x00000000       0x30
 *(.comment)
 .comment       0x00000000       0x30 App/ApplicationFile.o
                                 0x31 (size before relaxing)
 .comment       0x00000030       0x31 App/ApplicationServices.o
 .comment       0x00000030       0x31 Config/DIO_Config.o
 .comment       0x00000030       0x31 HAL/KEYPAD_int.o
 .comment       0x00000030       0x31 HAL/LCD_int.o
 .comment       0x00000030       0x31 HAL/LCD_Private.o
 .comment       0x00000030       0x31 HAL/RGB.o
 .comment       0x00000030       0x31 HAL/SERVO_int.o
 .comment       0x00000030       0x31 main.o
 .comment       0x00000030       0x31 MCAL/DIO.o
 .comment       0x00000030       0x31 MCAL/Timers.o
 .comment       0x00000030       0x31 MCAL/UART.o
 .comment       0x00000030       0x31 Services/UART_Services.o

.note.gnu.avr.deviceinfo
                0x00000000       0x3c
 .note.gnu.avr.deviceinfo
                0x00000000       0x3c C:/Program Files (x86)/Atmel/Studio/7.0/Packs/atmel/ATmega_DFP/1.7.374/gcc/dev/atmega32/avr5/crtatmega32.o

.note.gnu.build-id
 *(.note.gnu.build-id)

.debug
 *(.debug)

.line
 *(.line)

.debug_srcinfo
 *(.debug_srcinfo)

.debug_sfnames
 *(.debug_sfnames)

.debug_aranges
 *(.debug_aranges)

.debug_pubnames
 *(.debug_pubnames)

.debug_info     0x00000000      0x4e6
 *(.debug_info .gnu.linkonce.wi.*)
 .debug_info    0x00000000      0x4e6 C:/Program Files (x86)/Atmel/Studio/7.0/Packs/atmel/ATmega_DFP/1.7.374/gcc/dev/atmega32/avr5/crtatmega32.o

.debug_abbrev   0x00000000      0x4a3
 *(.debug_abbrev)
 .debug_abbrev  0x00000000      0x4a3 C:/Program Files (x86)/Atmel/Studio/7.0/Packs/atmel/ATmega_DFP/1.7.374/gcc/dev/atmega32/avr5/crtatmega32.o

.debug_line     0x00000000      0x116
 *(.debug_line .debug_line.* .debug_line_end)
 .debug_line    0x00000000      0x116 C:/Program Files (x86)/Atmel/Studio/7.0/Packs/atmel/ATmega_DFP/1.7.374/gcc/dev/atmega32/avr5/crtatmega32.o

.debug_frame
 *(.debug_frame)

.debug_str      0x00000000      0x196
 *(.debug_str)
 .debug_str     0x00000000      0x196 C:/Program Files (x86)/Atmel/Studio/7.0/Packs/atmel/ATmega_DFP/1.7.374/gcc/dev/atmega32/avr5/crtatmega32.o

.debug_loc
 *(.debug_loc)

.debug_macinfo
 *(.debug_macinfo)

.debug_weaknames
 *(.debug_weaknames)

.debug_funcnames
 *(.debug_funcnames)

.debug_typenames
 *(.debug_typenames)

.debug_varnames
 *(.debug_varnames)

.debug_pubtypes
 *(.debug_pubtypes)

.debug_ranges
 *(.debug_ranges)

.debug_macro
 *(.debug_macro)
OUTPUT(Smart Home.elf elf32-avr)
LOAD linker stubs
